Archive member included to satisfy reference by file (symbol)

../Middlewares/ST/STM32_MotionFX_Library/Lib\MotionFX_CM3_wc32_ot.a(motion_fx.o)
                              ./MEMS/Target/motion_fx_manager.o (MotionFX_GetStateSize)
c:/st/stm32cubeide_1.10.0/stm32cubeide/plugins/com.st.stm32cube.ide.mcu.externaltools.gnu-tools-for-stm32.10.3-2021.10.win32_1.0.0.202111181127/tools/bin/../lib/gcc/arm-none-eabi/10.3.1/../../../../arm-none-eabi/lib/thumb/v7e-m/nofp\libc_nano.a(lib_a-errno.o)
                              ./Core/Src/syscalls.o (__errno)
c:/st/stm32cubeide_1.10.0/stm32cubeide/plugins/com.st.stm32cube.ide.mcu.externaltools.gnu-tools-for-stm32.10.3-2021.10.win32_1.0.0.202111181127/tools/bin/../lib/gcc/arm-none-eabi/10.3.1/../../../../arm-none-eabi/lib/thumb/v7e-m/nofp\libc_nano.a(lib_a-exit.o)
                              c:/st/stm32cubeide_1.10.0/stm32cubeide/plugins/com.st.stm32cube.ide.mcu.externaltools.gnu-tools-for-stm32.10.3-2021.10.win32_1.0.0.202111181127/tools/bin/../lib/gcc/arm-none-eabi/10.3.1/../../../../arm-none-eabi/lib/thumb/v7e-m/nofp/crt0.o (exit)
c:/st/stm32cubeide_1.10.0/stm32cubeide/plugins/com.st.stm32cube.ide.mcu.externaltools.gnu-tools-for-stm32.10.3-2021.10.win32_1.0.0.202111181127/tools/bin/../lib/gcc/arm-none-eabi/10.3.1/../../../../arm-none-eabi/lib/thumb/v7e-m/nofp\libc_nano.a(lib_a-impure.o)
                              c:/st/stm32cubeide_1.10.0/stm32cubeide/plugins/com.st.stm32cube.ide.mcu.externaltools.gnu-tools-for-stm32.10.3-2021.10.win32_1.0.0.202111181127/tools/bin/../lib/gcc/arm-none-eabi/10.3.1/../../../../arm-none-eabi/lib/thumb/v7e-m/nofp\libc_nano.a(lib_a-exit.o) (_global_impure_ptr)
c:/st/stm32cubeide_1.10.0/stm32cubeide/plugins/com.st.stm32cube.ide.mcu.externaltools.gnu-tools-for-stm32.10.3-2021.10.win32_1.0.0.202111181127/tools/bin/../lib/gcc/arm-none-eabi/10.3.1/../../../../arm-none-eabi/lib/thumb/v7e-m/nofp\libc_nano.a(lib_a-init.o)
                              c:/st/stm32cubeide_1.10.0/stm32cubeide/plugins/com.st.stm32cube.ide.mcu.externaltools.gnu-tools-for-stm32.10.3-2021.10.win32_1.0.0.202111181127/tools/bin/../lib/gcc/arm-none-eabi/10.3.1/../../../../arm-none-eabi/lib/thumb/v7e-m/nofp/crt0.o (__libc_init_array)
c:/st/stm32cubeide_1.10.0/stm32cubeide/plugins/com.st.stm32cube.ide.mcu.externaltools.gnu-tools-for-stm32.10.3-2021.10.win32_1.0.0.202111181127/tools/bin/../lib/gcc/arm-none-eabi/10.3.1/../../../../arm-none-eabi/lib/thumb/v7e-m/nofp\libc_nano.a(lib_a-memcpy-stub.o)
                              ./MEMS/App/app_mems.o (memcpy)
c:/st/stm32cubeide_1.10.0/stm32cubeide/plugins/com.st.stm32cube.ide.mcu.externaltools.gnu-tools-for-stm32.10.3-2021.10.win32_1.0.0.202111181127/tools/bin/../lib/gcc/arm-none-eabi/10.3.1/../../../../arm-none-eabi/lib/thumb/v7e-m/nofp\libc_nano.a(lib_a-memset.o)
                              c:/st/stm32cubeide_1.10.0/stm32cubeide/plugins/com.st.stm32cube.ide.mcu.externaltools.gnu-tools-for-stm32.10.3-2021.10.win32_1.0.0.202111181127/tools/bin/../lib/gcc/arm-none-eabi/10.3.1/../../../../arm-none-eabi/lib/thumb/v7e-m/nofp/crt0.o (memset)
c:/st/stm32cubeide_1.10.0/stm32cubeide/plugins/com.st.stm32cube.ide.mcu.externaltools.gnu-tools-for-stm32.10.3-2021.10.win32_1.0.0.202111181127/tools/bin/../lib/gcc/arm-none-eabi/10.3.1/../../../../arm-none-eabi/lib/thumb/v7e-m/nofp\libc_nano.a(lib_a-snprintf.o)
                              ./MEMS/Target/demo_serial.o (snprintf)
c:/st/stm32cubeide_1.10.0/stm32cubeide/plugins/com.st.stm32cube.ide.mcu.externaltools.gnu-tools-for-stm32.10.3-2021.10.win32_1.0.0.202111181127/tools/bin/../lib/gcc/arm-none-eabi/10.3.1/../../../../arm-none-eabi/lib/thumb/v7e-m/nofp\libc_nano.a(lib_a-nano-svfprintf.o)
                              c:/st/stm32cubeide_1.10.0/stm32cubeide/plugins/com.st.stm32cube.ide.mcu.externaltools.gnu-tools-for-stm32.10.3-2021.10.win32_1.0.0.202111181127/tools/bin/../lib/gcc/arm-none-eabi/10.3.1/../../../../arm-none-eabi/lib/thumb/v7e-m/nofp\libc_nano.a(lib_a-snprintf.o) (_svfprintf_r)
c:/st/stm32cubeide_1.10.0/stm32cubeide/plugins/com.st.stm32cube.ide.mcu.externaltools.gnu-tools-for-stm32.10.3-2021.10.win32_1.0.0.202111181127/tools/bin/../lib/gcc/arm-none-eabi/10.3.1/../../../../arm-none-eabi/lib/thumb/v7e-m/nofp\libc_nano.a(lib_a-nano-vfprintf_i.o)
                              c:/st/stm32cubeide_1.10.0/stm32cubeide/plugins/com.st.stm32cube.ide.mcu.externaltools.gnu-tools-for-stm32.10.3-2021.10.win32_1.0.0.202111181127/tools/bin/../lib/gcc/arm-none-eabi/10.3.1/../../../../arm-none-eabi/lib/thumb/v7e-m/nofp\libc_nano.a(lib_a-nano-svfprintf.o) (_printf_i)
c:/st/stm32cubeide_1.10.0/stm32cubeide/plugins/com.st.stm32cube.ide.mcu.externaltools.gnu-tools-for-stm32.10.3-2021.10.win32_1.0.0.202111181127/tools/bin/../lib/gcc/arm-none-eabi/10.3.1/../../../../arm-none-eabi/lib/thumb/v7e-m/nofp\libc_nano.a(lib_a-memchr.o)
[...]
Memory Configuration

Name             Origin             Length             Attributes
RAM              0x0000000020000000 0x0000000000010000 xrw
RAM2             0x0000000010000000 0x0000000000008000 xrw
FLASH            0x0000000008000000 0x0000000000040000 xr
*default*        0x0000000000000000 0xffffffffffffffff

Linker script and memory map

LOAD c:/st/stm32cubeide_1.10.0/stm32cubeide/plugins/com.st.stm32cube.ide.mcu.externaltools.gnu-tools-for-stm32.10.3-2021.10.win32_1.0.0.202111181127/tools/bin/../lib/gcc/arm-none-eabi/10.3.1/thumb/v7e-m/nofp/crti.o
LOAD c:/st/stm32cubeide_1.10.0/stm32cubeide/plugins/com.st.stm32cube.ide.mcu.externaltools.gnu-tools-for-stm32.10.3-2021.10.win32_1.0.0.202111181127/tools/bin/../lib/gcc/arm-none-eabi/10.3.1/thumb/v7e-m/nofp/crtbegin.o
LOAD c:/st/stm32cubeide_1.10.0/stm32cubeide/plugins/com.st.stm32cube.ide.mcu.externaltools.gnu-tools-for-stm32.10.3-2021.10.win32_1.0.0.202111181127/tools/bin/../lib/gcc/arm-none-eabi/10.3.1/../../../../arm-none-eabi/lib/thumb/v7e-m/nofp/crt0.o
LOAD ./Core/Src/main.o
LOAD ./Core/Src/shub_v3_0.o
LOAD ./Core/Src/stm32wlxx_hal_msp.o
LOAD ./Core/Src/stm32wlxx_it.o
LOAD ./Core/Src/stm32wlxx_nucleo_bus.o
LOAD ./Core/Src/syscalls.o
LOAD ./Core/Src/sysmem.o
LOAD ./Core/Src/system_stm32wlxx.o
LOAD ./Core/Startup/startup_stm32wl55jcix.o
LOAD ./Drivers/BSP/Components/lsm6dsox/lsm6dsox.o
LOAD ./Drivers/BSP/Components/lsm6dsox/lsm6dsox_reg.o
LOAD ./Drivers/BSP/STM32WLxx_Nucleo/stm32wlxx_nucleo.o
LOAD ./Drivers/STM32WLxx_HAL_Driver/Src/stm32wlxx_hal.o
LOAD ./Drivers/STM32WLxx_HAL_Driver/Src/stm32wlxx_hal_cortex.o
LOAD ./Drivers/STM32WLxx_HAL_Driver/Src/stm32wlxx_hal_crc.o
LOAD ./Drivers/STM32WLxx_HAL_Driver/Src/stm32wlxx_hal_crc_ex.o
LOAD ./Drivers/STM32WLxx_HAL_Driver/Src/stm32wlxx_hal_dma.o
LOAD ./Drivers/STM32WLxx_HAL_Driver/Src/stm32wlxx_hal_dma_ex.o
LOAD ./Drivers/STM32WLxx_HAL_Driver/Src/stm32wlxx_hal_exti.o
LOAD ./Drivers/STM32WLxx_HAL_Driver/Src/stm32wlxx_hal_flash.o
LOAD ./Drivers/STM32WLxx_HAL_Driver/Src/stm32wlxx_hal_flash_ex.o
LOAD ./Drivers/STM32WLxx_HAL_Driver/Src/stm32wlxx_hal_gpio.o
LOAD ./Drivers/STM32WLxx_HAL_Driver/Src/stm32wlxx_hal_i2c.o
LOAD ./Drivers/STM32WLxx_HAL_Driver/Src/stm32wlxx_hal_i2c_ex.o
LOAD ./Drivers/STM32WLxx_HAL_Driver/Src/stm32wlxx_hal_pwr.o
LOAD ./Drivers/STM32WLxx_HAL_Driver/Src/stm32wlxx_hal_pwr_ex.o
LOAD ./Drivers/STM32WLxx_HAL_Driver/Src/stm32wlxx_hal_rcc.o
LOAD ./Drivers/STM32WLxx_HAL_Driver/Src/stm32wlxx_hal_rcc_ex.o
LOAD ./Drivers/STM32WLxx_HAL_Driver/Src/stm32wlxx_hal_rtc.o
LOAD ./Drivers/STM32WLxx_HAL_Driver/Src/stm32wlxx_hal_rtc_ex.o
LOAD ./Drivers/STM32WLxx_HAL_Driver/Src/stm32wlxx_hal_tim.o
LOAD ./Drivers/STM32WLxx_HAL_Driver/Src/stm32wlxx_hal_tim_ex.o
LOAD ./Drivers/STM32WLxx_HAL_Driver/Src/stm32wlxx_hal_uart.o
LOAD ./Drivers/STM32WLxx_HAL_Driver/Src/stm32wlxx_hal_uart_ex.o
LOAD ./MEMS/App/app_mems.o
LOAD ./MEMS/Target/com.o
LOAD ./MEMS/Target/custom_mems_control.o
LOAD ./MEMS/Target/custom_mems_control_ex.o
LOAD ./MEMS/Target/custom_motion_sensors.o
LOAD ./MEMS/Target/custom_motion_sensors_ex.o
LOAD ./MEMS/Target/demo_serial.o
LOAD ./MEMS/Target/motion_fx_manager.o
LOAD ./MEMS/Target/serial_protocol.o
START GROUP
LOAD ../Middlewares/ST/STM32_MotionFX_Library/Lib\MotionFX_CM3_wc32_ot.a
LOAD ../Middlewares/ST/STM32_MotionAC_Library/Lib\MotionAC_CM3_wc32_ot.a
END GROUP
START GROUP
LOAD c:/st/stm32cubeide_1.10.0/stm32cubeide/plugins/com.st.stm32cube.ide.mcu.externaltools.gnu-tools-for-stm32.10.3-2021.10.win32_1.0.0.202111181127/tools/bin/../lib/gcc/arm-none-eabi/10.3.1/../../../../arm-none-eabi/lib/thumb/v7e-m/nofp\libc_nano.a
LOAD c:/st/stm32cubeide_1.10.0/stm32cubeide/plugins/com.st.stm32cube.ide.mcu.externaltools.gnu-tools-for-stm32.10.3-2021.10.win32_1.0.0.202111181127/tools/bin/../lib/gcc/arm-none-eabi/10.3.1/../../../../arm-none-eabi/lib/thumb/v7e-m/nofp\libm.a
END GROUP
START GROUP
LOAD c:/st/stm32cubeide_1.10.0/stm32cubeide/plugins/com.st.stm32cube.ide.mcu.externaltools.gnu-tools-for-stm32.10.3-2021.10.win32_1.0.0.202111181127/tools/bin/../lib/gcc/arm-none-eabi/10.3.1/thumb/v7e-m/nofp\libgcc.a
LOAD c:/st/stm32cubeide_1.10.0/stm32cubeide/plugins/com.st.stm32cube.ide.mcu.externaltools.gnu-tools-for-stm32.10.3-2021.10.win32_1.0.0.202111181127/tools/bin/../lib/gcc/arm-none-eabi/10.3.1/../../../../arm-none-eabi/lib/thumb/v7e-m/nofp\libc_nano.a
END GROUP
START GROUP
LOAD c:/st/stm32cubeide_1.10.0/stm32cubeide/plugins/com.st.stm32cube.ide.mcu.externaltools.gnu-tools-for-stm32.10.3-2021.10.win32_1.0.0.202111181127/tools/bin/../lib/gcc/arm-none-eabi/10.3.1/thumb/v7e-m/nofp\libgcc.a
LOAD c:/st/stm32cubeide_1.10.0/stm32cubeide/plugins/com.st.stm32cube.ide.mcu.externaltools.gnu-tools-for-stm32.10.3-2021.10.win32_1.0.0.202111181127/tools/bin/../lib/gcc/arm-none-eabi/10.3.1/../../../../arm-none-eabi/lib/thumb/v7e-m/nofp\libc_nano.a
LOAD c:/st/stm32cubeide_1.10.0/stm32cubeide/plugins/com.st.stm32cube.ide.mcu.externaltools.gnu-tools-for-stm32.10.3-2021.10.win32_1.0.0.202111181127/tools/bin/../lib/gcc/arm-none-eabi/10.3.1/../../../../arm-none-eabi/lib/thumb/v7e-m/nofp\libnosys.a
END GROUP
START GROUP
LOAD c:/st/stm32cubeide_1.10.0/stm32cubeide/plugins/com.st.stm32cube.ide.mcu.externaltools.gnu-tools-for-stm32.10.3-2021.10.win32_1.0.0.202111181127/tools/bin/../lib/gcc/arm-none-eabi/10.3.1/thumb/v7e-m/nofp\libgcc.a
LOAD c:/st/stm32cubeide_1.10.0/stm32cubeide/plugins/com.st.stm32cube.ide.mcu.externaltools.gnu-tools-for-stm32.10.3-2021.10.win32_1.0.0.202111181127/tools/bin/../lib/gcc/arm-none-eabi/10.3.1/../../../../arm-none-eabi/lib/thumb/v7e-m/nofp\libc_nano.a
LOAD c:/st/stm32cubeide_1.10.0/stm32cubeide/plugins/com.st.stm32cube.ide.mcu.externaltools.gnu-tools-for-stm32.10.3-2021.10.win32_1.0.0.202111181127/tools/bin/../lib/gcc/arm-none-eabi/10.3.1/../../../../arm-none-eabi/lib/thumb/v7e-m/nofp\libnosys.a
END GROUP
LOAD c:/st/stm32cubeide_1.10.0/stm32cubeide/plugins/com.st.stm32cube.ide.mcu.externaltools.gnu-tools-for-stm32.10.3-2021.10.win32_1.0.0.202111181127/tools/bin/../lib/gcc/arm-none-eabi/10.3.1/thumb/v7e-m/nofp/crtend.o
LOAD c:/st/stm32cubeide_1.10.0/stm32cubeide/plugins/com.st.stm32cube.ide.mcu.externaltools.gnu-tools-for-stm32.10.3-2021.10.win32_1.0.0.202111181127/tools/bin/../lib/gcc/arm-none-eabi/10.3.1/thumb/v7e-m/nofp/crtn.o
                0x0000000020010000                _estack = (ORIGIN (RAM) + LENGTH (RAM))
                0x0000000000000200                _Min_Heap_Size = 0x200
                0x0000000000000800                _Min_Stack_Size = 0x800

.isr_vector     0x0000000008000000      0x138
                0x0000000008000000                . = ALIGN (0x4)
 *(.isr_vector)
 .isr_vector    0x0000000008000000      0x138 ./Core/Startup/startup_stm32wl55jcix.o
                0x0000000008000000                g_pfnVectors
                0x0000000008000138                . = ALIGN (0x4)

.text           0x0000000008000140    0x1a3f8
                0x0000000008000140                . = ALIGN (0x4)
 *(.text)
 .text          0x0000000008000140       0x40 c:/st/stm32cubeide_1.10.0/stm32cubeide/plugins/com.st.stm32cube.ide.mcu.externaltools.gnu-tools-for-stm32.10.3-2021.10.win32_1.0.0.202111181127/tools/bin/../lib/gcc/arm-none-eabi/10.3.1/thumb/v7e-m/nofp/crtbegin.o
 .text          0x0000000008000180       0xa0 c:/st/stm32cubeide_1.10.0/stm32cubeide/plugins/com.st.stm32cube.ide.mcu.externaltools.gnu-tools-for-stm32.10.3-2021.10.win32_1.0.0.202111181127/tools/bin/../lib/gcc/arm-none-eabi/10.3.1/../../../../arm-none-eabi/lib/thumb/v7e-m/nofp\libc_nano.a(lib_a-memchr.o)
                0x0000000008000180                memchr
 .text          0x0000000008000220      0x378 c:/st/stm32cubeide_1.10.0/stm32cubeide/plugins/com.st.stm32cube.ide.mcu.externaltools.gnu-tools-for-stm32.10.3-2021.10.win32_1.0.0.202111181127/tools/bin/../lib/gcc/arm-none-eabi/10.3.1/thumb/v7e-m/nofp\libgcc.a(_arm_addsubdf3.o)
                0x0000000008000220                __aeabi_drsub
                0x0000000008000228                __aeabi_dsub
                0x0000000008000228                __subdf3
                0x000000000800022c                __aeabi_dadd
                0x000000000800022c                __adddf3
                0x00000000080004a4                __floatunsidf
                0x00000000080004a4                __aeabi_ui2d
                0x00000000080004c4                __floatsidf
                0x00000000080004c4                __aeabi_i2d
                0x00000000080004e8                __aeabi_f2d
                0x00000000080004e8                __extendsfdf2
                0x000000000800052c                __floatundidf
                0x000000000800052c                __aeabi_ul2d
                0x000000000800053c                __floatdidf
                0x000000000800053c                __aeabi_l2d
 .text          0x0000000008000598      0x424 c:/st/stm32cubeide_1.10.0/stm32cubeide/plugins/com.st.stm32cube.ide.mcu.externaltools.gnu-tools-for-stm32.10.3-2021.10.win32_1.0.0.202111181127/tools/bin/../lib/gcc/arm-none-eabi/10.3.1/thumb/v7e-m/nofp\libgcc.a(_arm_muldivdf3.o)
                0x0000000008000598                __aeabi_dmul
                0x0000000008000598                __muldf3
                0x00000000080007ec                __divdf3
                0x00000000080007ec                __aeabi_ddiv
 .text          0x00000000080009bc      0x110 c:/st/stm32cubeide_1.10.0/stm32cubeide/plugins/com.st.stm32cube.ide.mcu.externaltools.gnu-tools-for-stm32.10.3-2021.10.win32_1.0.0.202111181127/tools/bin/../lib/gcc/arm-none-eabi/10.3.1/thumb/v7e-m/nofp\libgcc.a(_arm_cmpdf2.o)
                0x00000000080009bc                __gtdf2
                0x00000000080009bc                __gedf2
                0x00000000080009c4                __ltdf2
                0x00000000080009c4                __ledf2
                0x00000000080009cc                __nedf2
                0x00000000080009cc                __eqdf2
                0x00000000080009cc                __cmpdf2
                0x0000000008000a48                __aeabi_cdrcmple
                0x0000000008000a58                __aeabi_cdcmpeq
                0x0000000008000a58                __aeabi_cdcmple
                0x0000000008000a68                __aeabi_dcmpeq
                0x0000000008000a7c                __aeabi_dcmplt
                0x0000000008000a90                __aeabi_dcmple
                0x0000000008000aa4                __aeabi_dcmpge
                0x0000000008000ab8                __aeabi_dcmpgt
 .text          0x0000000008000acc       0x2c c:/st/stm32cubeide_1.10.0/stm32cubeide/plugins/com.st.stm32cube.ide.mcu.externaltools.gnu-tools-for-stm32.10.3-2021.10.win32_1.0.0.202111181127/tools/bin/../lib/gcc/arm-none-eabi/10.3.1/thumb/v7e-m/nofp\libgcc.a(_arm_unorddf2.o)
                0x0000000008000acc                __unorddf2
                0x0000000008000acc                __aeabi_dcmpun
 .text          0x0000000008000af8       0xa0 c:/st/stm32cubeide_1.10.0/stm32cubeide/plugins/com.st.stm32cube.ide.mcu.externaltools.gnu-tools-for-stm32.10.3-2021.10.win32_1.0.0.202111181127/tools/bin/../lib/gcc/arm-none-eabi/10.3.1/thumb/v7e-m/nofp\libgcc.a(_arm_truncdfsf2.o)
                0x0000000008000af8                __truncdfsf2
                0x0000000008000af8                __aeabi_d2f
 .text          0x0000000008000b98      0x21c c:/st/stm32cubeide_1.10.0/stm32cubeide/plugins/com.st.stm32cube.ide.mcu.externaltools.gnu-tools-for-stm32.10.3-2021.10.win32_1.0.0.202111181127/tools/bin/../lib/gcc/arm-none-eabi/10.3.1/thumb/v7e-m/nofp\libgcc.a(_arm_addsubsf3.o)
                0x0000000008000b98                __aeabi_frsub
                0x0000000008000ba0                __subsf3
                0x0000000008000ba0                __aeabi_fsub
                0x0000000008000ba4                __aeabi_fadd
                0x0000000008000ba4                __addsf3
                0x0000000008000d04                __aeabi_ui2f
                0x0000000008000d04                __floatunsisf
                0x0000000008000d0c                __aeabi_i2f
                0x0000000008000d0c                __floatsisf
                0x0000000008000d28                __aeabi_ul2f
                0x0000000008000d28                __floatundisf
                0x0000000008000d38                __aeabi_l2f
                0x0000000008000d38                __floatdisf
 .text          0x0000000008000db4      0x2a0 c:/st/stm32cubeide_1.10.0/stm32cubeide/plugins/com.st.stm32cube.ide.mcu.externaltools.gnu-tools-for-stm32.10.3-2021.10.win32_1.0.0.202111181127/tools/bin/../lib/gcc/arm-none-eabi/10.3.1/thumb/v7e-m/nofp\libgcc.a(_arm_muldivsf3.o)
                0x0000000008000db4                __mulsf3
                0x0000000008000db4                __aeabi_fmul
                0x0000000008000f1c                __aeabi_fdiv
                0x0000000008000f1c                __divsf3
 .text          0x0000000008001054       0xec c:/st/stm32cubeide_1.10.0/stm32cubeide/plugins/com.st.stm32cube.ide.mcu.externaltools.gnu-tools-for-stm32.10.3-2021.10.win32_1.0.0.202111181127/tools/bin/../lib/gcc/arm-none-eabi/10.3.1/thumb/v7e-m/nofp\libgcc.a(_arm_cmpsf2.o)
                0x0000000008001054                __gesf2
                0x0000000008001054                __gtsf2
                0x000000000800105c                __lesf2
                0x000000000800105c                __ltsf2
                0x0000000008001064                __nesf2
                0x0000000008001064                __eqsf2
                0x0000000008001064                __cmpsf2
                0x00000000080010c4                __aeabi_cfrcmple
                0x00000000080010cc                __aeabi_cfcmpeq
                0x00000000080010cc                __aeabi_cfcmple
                0x00000000080010dc                __aeabi_fcmpeq
                0x00000000080010f0                __aeabi_fcmplt
                0x0000000008001104                __aeabi_fcmple
                0x0000000008001118                __aeabi_fcmpge
                0x000000000800112c                __aeabi_fcmpgt
 .text          0x0000000008001140       0x2c c:/st/stm32cubeide_1.10.0/stm32cubeide/plugins/com.st.stm32cube.ide.mcu.externaltools.gnu-tools-for-stm32.10.3-2021.10.win32_1.0.0.202111181127/tools/bin/../lib/gcc/arm-none-eabi/10.3.1/thumb/v7e-m/nofp\libgcc.a(_arm_unordsf2.o)
                0x0000000008001140                __unordsf2
                0x0000000008001140                __aeabi_fcmpun
 .text          0x000000000800116c       0x4c c:/st/stm32cubeide_1.10.0/stm32cubeide/plugins/com.st.stm32cube.ide.mcu.externaltools.gnu-tools-for-stm32.10.3-2021.10.win32_1.0.0.202111181127/tools/bin/../lib/gcc/arm-none-eabi/10.3.1/thumb/v7e-m/nofp\libgcc.a(_arm_fixsfsi.o)
                0x000000000800116c                __aeabi_f2iz
                0x000000000800116c                __fixsfsi
 .text          0x00000000080011b8       0x40 c:/st/stm32cubeide_1.10.0/stm32cubeide/plugins/com.st.stm32cube.ide.mcu.externaltools.gnu-tools-for-stm32.10.3-2021.10.win32_1.0.0.202111181127/tools/bin/../lib/gcc/arm-none-eabi/10.3.1/thumb/v7e-m/nofp\libgcc.a(_arm_fixunssfsi.o)
                0x00000000080011b8                __fixunssfsi
                0x00000000080011b8                __aeabi_f2uiz
 .text          0x00000000080011f8       0x30 c:/st/stm32cubeide_1.10.0/stm32cubeide/plugins/com.st.stm32cube.ide.mcu.externaltools.gnu-tools-for-stm32.10.3-2021.10.win32_1.0.0.202111181127/tools/bin/../lib/gcc/arm-none-eabi/10.3.1/thumb/v7e-m/nofp\libgcc.a(_aeabi_uldivmod.o)
                0x00000000080011f8                __aeabi_uldivmod
 .text          0x0000000008001228      0x2d0 c:/st/stm32cubeide_1.10.0/stm32cubeide/plugins/com.st.stm32cube.ide.mcu.externaltools.gnu-tools-for-stm32.10.3-2021.10.win32_1.0.0.202111181127/tools/bin/../lib/gcc/arm-none-eabi/10.3.1/thumb/v7e-m/nofp\libgcc.a(_udivmoddi4.o)
                0x0000000008001228                __udivmoddi4
 .text          0x00000000080014f8        0x4 c:/st/stm32cubeide_1.10.0/stm32cubeide/plugins/com.st.stm32cube.ide.mcu.externaltools.gnu-tools-for-stm32.10.3-2021.10.win32_1.0.0.202111181127/tools/bin/../lib/gcc/arm-none-eabi/10.3.1/thumb/v7e-m/nofp\libgcc.a(_dvmd_tls.o)
                0x00000000080014f8                __aeabi_idiv0
                0x00000000080014f8                __aeabi_ldiv0
 *(.text*)
 .text.LL_RCC_LSE_SetDriveCapability
                0x00000000080014fc       0x2a ./Core/Src/main.o
 .text.LL_AHB1_GRP1_EnableClock
                0x0000000008001526       0x30 ./Core/Src/main.o
 .text.LL_AHB2_GRP1_EnableClock
                0x0000000008001556       0x30 ./Core/Src/main.o
 .text.main     0x0000000008001586       0x3a ./Core/Src/main.o
                0x0000000008001586                main
 .text.SystemClock_Config
                0x00000000080015c0       0xb8 ./Core/Src/main.o
                0x00000000080015c0                SystemClock_Config
 .text.MX_CRC_Init
                0x0000000008001678       0x44 ./Core/Src/main.o
 .text.MX_USART1_UART_Init
                0x00000000080016bc       0x98 ./Core/Src/main.o
 .text.MX_RTC_Init
                0x0000000008001754       0xc8 ./Core/Src/main.o
 .text.MX_TIM1_Init
                0x000000000800181c       0xa8 ./Core/Src/main.o
 .text.MX_TIM2_Init
                0x00000000080018c4       0x9c ./Core/Src/main.o
                0x00000000080018c4                MX_TIM2_Init
 .text.MX_DMA_Init
                0x0000000008001960       0x24 ./Core/Src/main.o
 .text.MX_GPIO_Init
                0x0000000008001984       0xe8 ./Core/Src/main.o
 .text.Error_Handler
                0x0000000008001a6c        0xa ./Core/Src/main.o
                0x0000000008001a6c                Error_Handler
 .text.LL_AHB2_GRP1_EnableClock
                0x0000000008001a76       0x30 ./Core/Src/shub_v3_0.o
 .text.LL_APB1_GRP1_EnableClock
                0x0000000008001aa6       0x30 ./Core/Src/shub_v3_0.o
 .text.LL_APB1_GRP1_DisableClock
                0x0000000008001ad6       0x24 ./Core/Src/shub_v3_0.o
 .text.shub_power_i2c_on
                0x0000000008001afa       0x20 ./Core/Src/shub_v3_0.o
                0x0000000008001afa                shub_power_i2c_on
 .text.shub_power_i2c_mlc_on
                0x0000000008001b1a       0x20 ./Core/Src/shub_v3_0.o
                0x0000000008001b1a                shub_power_i2c_mlc_on
 *fill*         0x0000000008001b3a        0x2 
 .text.shub_init
                0x0000000008001b3c       0xac ./Core/Src/shub_v3_0.o
                0x0000000008001b3c                shub_init
 .text.io_init  0x0000000008001be8       0xa8 ./Core/Src/shub_v3_0.o
 .text.HAL_I2C_MspInit
                0x0000000008001c90       0x60 ./Core/Src/shub_v3_0.o
                0x0000000008001c90                HAL_I2C_MspInit
 .text.HAL_I2C_MspDeInit
                0x0000000008001cf0       0x44 ./Core/Src/shub_v3_0.o
                0x0000000008001cf0                HAL_I2C_MspDeInit
 .text.LL_RCC_EnableRTC
                0x0000000008001d34       0x20 ./Core/Src/stm32wlxx_hal_msp.o
 .text.LL_AHB1_GRP1_EnableClock
                0x0000000008001d54       0x30 ./Core/Src/stm32wlxx_hal_msp.o
 .text.LL_AHB2_GRP1_EnableClock
                0x0000000008001d84       0x30 ./Core/Src/stm32wlxx_hal_msp.o
 .text.LL_APB1_GRP1_EnableClock
                0x0000000008001db4       0x30 ./Core/Src/stm32wlxx_hal_msp.o
 .text.LL_APB2_GRP1_EnableClock
                0x0000000008001de4       0x30 ./Core/Src/stm32wlxx_hal_msp.o
 .text.HAL_MspInit
                0x0000000008001e14        0xc ./Core/Src/stm32wlxx_hal_msp.o
                0x0000000008001e14                HAL_MspInit
 .text.HAL_CRC_MspInit
                0x0000000008001e20       0x28 ./Core/Src/stm32wlxx_hal_msp.o
                0x0000000008001e20                HAL_CRC_MspInit
 .text.HAL_UART_MspInit
                0x0000000008001e48       0x8c ./Core/Src/stm32wlxx_hal_msp.o
                0x0000000008001e48                HAL_UART_MspInit
 .text.HAL_RTC_MspInit
                0x0000000008001ed4       0x58 ./Core/Src/stm32wlxx_hal_msp.o
                0x0000000008001ed4                HAL_RTC_MspInit
 .text.HAL_TIM_Base_MspInit
                0x0000000008001f2c       0x80 ./Core/Src/stm32wlxx_hal_msp.o
                0x0000000008001f2c                HAL_TIM_Base_MspInit
 .text.NMI_Handler
                0x0000000008001fac        0x6 ./Core/Src/stm32wlxx_it.o
                0x0000000008001fac                NMI_Handler
 .text.HardFault_Handler
                0x0000000008001fb2        0x6 ./Core/Src/stm32wlxx_it.o
                0x0000000008001fb2                HardFault_Handler
 .text.MemManage_Handler
                0x0000000008001fb8        0x6 ./Core/Src/stm32wlxx_it.o
                0x0000000008001fb8                MemManage_Handler
 .text.BusFault_Handler
                0x0000000008001fbe        0x6 ./Core/Src/stm32wlxx_it.o
                0x0000000008001fbe                BusFault_Handler
 .text.UsageFault_Handler
                0x0000000008001fc4        0x6 ./Core/Src/stm32wlxx_it.o
                0x0000000008001fc4                UsageFault_Handler
 .text.SVC_Handler
                0x0000000008001fca        0xc ./Core/Src/stm32wlxx_it.o
                0x0000000008001fca                SVC_Handler
 .text.DebugMon_Handler
                0x0000000008001fd6        0xc ./Core/Src/stm32wlxx_it.o
                0x0000000008001fd6                DebugMon_Handler
 .text.PendSV_Handler
                0x0000000008001fe2        0xc ./Core/Src/stm32wlxx_it.o
                0x0000000008001fe2                PendSV_Handler
 .text.SysTick_Handler
                0x0000000008001fee        0xc ./Core/Src/stm32wlxx_it.o
                0x0000000008001fee                SysTick_Handler
 .text.EXTI1_IRQHandler
                0x0000000008001ffa        0xe ./Core/Src/stm32wlxx_it.o
                0x0000000008001ffa                EXTI1_IRQHandler
 .text.DMA1_Channel6_IRQHandler
                0x0000000008002008       0x14 ./Core/Src/stm32wlxx_it.o
                0x0000000008002008                DMA1_Channel6_IRQHandler
 .text.EXTI9_5_IRQHandler
                0x000000000800201c        0xe ./Core/Src/stm32wlxx_it.o
                0x000000000800201c                EXTI9_5_IRQHandler
 *fill*         0x000000000800202a        0x2 
 .text.TIM2_IRQHandler
                0x000000000800202c       0x14 ./Core/Src/stm32wlxx_it.o
                0x000000000800202c                TIM2_IRQHandler
 .text.LL_AHB2_GRP1_EnableClock
                0x0000000008002040       0x30 ./Core/Src/stm32wlxx_nucleo_bus.o
 .text.LL_APB1_GRP1_EnableClock
                0x0000000008002070       0x30 ./Core/Src/stm32wlxx_nucleo_bus.o
 .text.LL_APB1_GRP1_DisableClock
                0x00000000080020a0       0x24 ./Core/Src/stm32wlxx_nucleo_bus.o
 .text.BSP_I2C2_Init
                0x00000000080020c4       0x7c ./Core/Src/stm32wlxx_nucleo_bus.o
                0x00000000080020c4                BSP_I2C2_Init
 .text.BSP_I2C2_DeInit
                0x0000000008002140       0x50 ./Core/Src/stm32wlxx_nucleo_bus.o
                0x0000000008002140                BSP_I2C2_DeInit
 .text.BSP_I2C2_WriteReg
                0x0000000008002190       0x64 ./Core/Src/stm32wlxx_nucleo_bus.o
                0x0000000008002190                BSP_I2C2_WriteReg
 .text.BSP_I2C2_ReadReg
                0x00000000080021f4       0x64 ./Core/Src/stm32wlxx_nucleo_bus.o
                0x00000000080021f4                BSP_I2C2_ReadReg
 .text.BSP_GetTick
                0x0000000008002258        0xe ./Core/Src/stm32wlxx_nucleo_bus.o
                0x0000000008002258                BSP_GetTick
 *fill*         0x0000000008002266        0x2 
 .text.MX_I2C2_Init
                0x0000000008002268       0x88 ./Core/Src/stm32wlxx_nucleo_bus.o
                0x0000000008002268                MX_I2C2_Init
 .text.I2C2_MspInit
                0x00000000080022f0       0x88 ./Core/Src/stm32wlxx_nucleo_bus.o
 .text.I2C2_MspDeInit
                0x0000000008002378       0x30 ./Core/Src/stm32wlxx_nucleo_bus.o
 .text._sbrk    0x00000000080023a8       0x6c ./Core/Src/sysmem.o
                0x00000000080023a8                _sbrk
 .text.SystemInit
                0x0000000008002414        0xc ./Core/Src/system_stm32wlxx.o
                0x0000000008002414                SystemInit
 .text.Reset_Handler
                0x0000000008002420       0x50 ./Core/Startup/startup_stm32wl55jcix.o
                0x0000000008002420                Reset_Handler
 .text.Default_Handler
                0x0000000008002470        0x2 ./Core/Startup/startup_stm32wl55jcix.o
                0x0000000008002470                RTC_Alarm_IRQHandler
                0x0000000008002470                EXTI2_IRQHandler
                0x0000000008002470                TIM1_CC_IRQHandler
                0x0000000008002470                EXTI3_IRQHandler
                0x0000000008002470                LPTIM2_IRQHandler
                0x0000000008002470                I2C3_ER_IRQHandler
                0x0000000008002470                LPTIM3_IRQHandler
                0x0000000008002470                EXTI0_IRQHandler
                0x0000000008002470                I2C2_EV_IRQHandler
                0x0000000008002470                TAMP_STAMP_LSECSS_SSRU_IRQHandler
                0x0000000008002470                SPI1_IRQHandler
                0x0000000008002470                DMA2_Channel2_IRQHandler
                0x0000000008002470                DMA1_Channel4_IRQHandler
                0x0000000008002470                PKA_IRQHandler
                0x0000000008002470                TIM17_IRQHandler
                0x0000000008002470                DMA1_Channel7_IRQHandler
                0x0000000008002470                SUBGHZSPI_IRQHandler
                0x0000000008002470                IPCC_C1_TX_IRQHandler
                0x0000000008002470                DMA2_Channel1_IRQHandler
                0x0000000008002470                I2C1_EV_IRQHandler
                0x0000000008002470                SUBGHZ_Radio_IRQHandler
                0x0000000008002470                DMAMUX1_OVR_IRQHandler
                0x0000000008002470                TIM16_IRQHandler
                0x0000000008002470                DMA2_Channel4_IRQHandler
                0x0000000008002470                RCC_IRQHandler
                0x0000000008002470                TIM1_TRG_COM_IRQHandler
                0x0000000008002470                DMA1_Channel1_IRQHandler
                0x0000000008002470                Default_Handler
                0x0000000008002470                DMA2_Channel7_IRQHandler
                0x0000000008002470                EXTI15_10_IRQHandler
                0x0000000008002470                IPCC_C1_RX_IRQHandler
                0x0000000008002470                ADC_IRQHandler
                0x0000000008002470                C2SEV_PWR_C2H_IRQHandler
                0x0000000008002470                I2C3_EV_IRQHandler
                0x0000000008002470                RTC_WKUP_IRQHandler
                0x0000000008002470                PVD_PVM_IRQHandler
                0x0000000008002470                SPI2_IRQHandler
                0x0000000008002470                DMA2_Channel5_IRQHandler
                0x0000000008002470                DMA1_Channel5_IRQHandler
                0x0000000008002470                EXTI4_IRQHandler
                0x0000000008002470                RNG_IRQHandler
                0x0000000008002470                DMA1_Channel3_IRQHandler
                0x0000000008002470                COMP_IRQHandler
                0x0000000008002470                HSEM_IRQHandler
                0x0000000008002470                TIM1_UP_IRQHandler
                0x0000000008002470                WWDG_IRQHandler
                0x0000000008002470                LPUART1_IRQHandler
                0x0000000008002470                DMA2_Channel6_IRQHandler
                0x0000000008002470                TIM1_BRK_IRQHandler
                0x0000000008002470                DAC_IRQHandler
                0x0000000008002470                AES_IRQHandler
                0x0000000008002470                USART2_IRQHandler
                0x0000000008002470                I2C2_ER_IRQHandler
                0x0000000008002470                DMA1_Channel2_IRQHandler
                0x0000000008002470                FLASH_IRQHandler
                0x0000000008002470                USART1_IRQHandler
                0x0000000008002470                I2C1_ER_IRQHandler
                0x0000000008002470                LPTIM1_IRQHandler
                0x0000000008002470                DMA2_Channel3_IRQHandler
 *fill*         0x0000000008002472        0x2 
 .text.LSM6DSOX_RegisterBusIO
                0x0000000008002474       0xcc ./Drivers/BSP/Components/lsm6dsox/lsm6dsox.o
                0x0000000008002474                LSM6DSOX_RegisterBusIO
 .text.LSM6DSOX_Init
                0x0000000008002540       0xea ./Drivers/BSP/Components/lsm6dsox/lsm6dsox.o
                0x0000000008002540                LSM6DSOX_Init
 .text.LSM6DSOX_DeInit
                0x000000000800262a       0x4e ./Drivers/BSP/Components/lsm6dsox/lsm6dsox.o
                0x000000000800262a                LSM6DSOX_DeInit
 .text.LSM6DSOX_ReadID
                0x0000000008002678       0x2c ./Drivers/BSP/Components/lsm6dsox/lsm6dsox.o
                0x0000000008002678                LSM6DSOX_ReadID
 .text.LSM6DSOX_GetCapabilities
                0x00000000080026a4       0x5c ./Drivers/BSP/Components/lsm6dsox/lsm6dsox.o
                0x00000000080026a4                LSM6DSOX_GetCapabilities
 .text.LSM6DSOX_ACC_Enable
                0x0000000008002700       0x48 ./Drivers/BSP/Components/lsm6dsox/lsm6dsox.o
                0x0000000008002700                LSM6DSOX_ACC_Enable
 .text.LSM6DSOX_ACC_Disable
                0x0000000008002748       0x5e ./Drivers/BSP/Components/lsm6dsox/lsm6dsox.o
                0x0000000008002748                LSM6DSOX_ACC_Disable
 *fill*         0x00000000080027a6        0x2 
 .text.LSM6DSOX_ACC_GetSensitivity
                0x00000000080027a8       0x8c ./Drivers/BSP/Components/lsm6dsox/lsm6dsox.o
                0x00000000080027a8                LSM6DSOX_ACC_GetSensitivity
 .text.LSM6DSOX_ACC_GetOutputDataRate
                0x0000000008002834      0x108 ./Drivers/BSP/Components/lsm6dsox/lsm6dsox.o
                0x0000000008002834                LSM6DSOX_ACC_GetOutputDataRate
 .text.LSM6DSOX_ACC_SetOutputDataRate
                0x000000000800293c       0x1e ./Drivers/BSP/Components/lsm6dsox/lsm6dsox.o
                0x000000000800293c                LSM6DSOX_ACC_SetOutputDataRate
 *fill*         0x000000000800295a        0x2 
 .text.LSM6DSOX_ACC_SetOutputDataRate_With_Mode
                0x000000000800295c      0x31c ./Drivers/BSP/Components/lsm6dsox/lsm6dsox.o
                0x000000000800295c                LSM6DSOX_ACC_SetOutputDataRate_With_Mode
 .text.LSM6DSOX_ACC_GetFullScale
                0x0000000008002c78       0x7c ./Drivers/BSP/Components/lsm6dsox/lsm6dsox.o
                0x0000000008002c78                LSM6DSOX_ACC_GetFullScale
 .text.LSM6DSOX_ACC_SetFullScale
                0x0000000008002cf4       0x50 ./Drivers/BSP/Components/lsm6dsox/lsm6dsox.o
                0x0000000008002cf4                LSM6DSOX_ACC_SetFullScale
 .text.LSM6DSOX_ACC_GetAxesRaw
                0x0000000008002d44       0x48 ./Drivers/BSP/Components/lsm6dsox/lsm6dsox.o
                0x0000000008002d44                LSM6DSOX_ACC_GetAxesRaw
 .text.LSM6DSOX_ACC_GetAxes
                0x0000000008002d8c       0xba ./Drivers/BSP/Components/lsm6dsox/lsm6dsox.o
                0x0000000008002d8c                LSM6DSOX_ACC_GetAxes
 .text.LSM6DSOX_GYRO_Enable
                0x0000000008002e46       0x48 ./Drivers/BSP/Components/lsm6dsox/lsm6dsox.o
                0x0000000008002e46                LSM6DSOX_GYRO_Enable
 .text.LSM6DSOX_GYRO_Disable
                0x0000000008002e8e       0x5e ./Drivers/BSP/Components/lsm6dsox/lsm6dsox.o
                0x0000000008002e8e                LSM6DSOX_GYRO_Disable
 .text.LSM6DSOX_GYRO_GetSensitivity
                0x0000000008002eec       0xa4 ./Drivers/BSP/Components/lsm6dsox/lsm6dsox.o
                0x0000000008002eec                LSM6DSOX_GYRO_GetSensitivity
 .text.LSM6DSOX_GYRO_GetOutputDataRate
                0x0000000008002f90       0xf8 ./Drivers/BSP/Components/lsm6dsox/lsm6dsox.o
                0x0000000008002f90                LSM6DSOX_GYRO_GetOutputDataRate
 .text.LSM6DSOX_GYRO_SetOutputDataRate
                0x0000000008003088       0x1e ./Drivers/BSP/Components/lsm6dsox/lsm6dsox.o
                0x0000000008003088                LSM6DSOX_GYRO_SetOutputDataRate
 *fill*         0x00000000080030a6        0x2 
 .text.LSM6DSOX_GYRO_SetOutputDataRate_With_Mode
                0x00000000080030a8      0x10c ./Drivers/BSP/Components/lsm6dsox/lsm6dsox.o
                0x00000000080030a8                LSM6DSOX_GYRO_SetOutputDataRate_With_Mode
 .text.LSM6DSOX_GYRO_GetFullScale
                0x00000000080031b4       0x94 ./Drivers/BSP/Components/lsm6dsox/lsm6dsox.o
                0x00000000080031b4                LSM6DSOX_GYRO_GetFullScale
 .text.LSM6DSOX_GYRO_SetFullScale
                0x0000000008003248       0x5e ./Drivers/BSP/Components/lsm6dsox/lsm6dsox.o
                0x0000000008003248                LSM6DSOX_GYRO_SetFullScale
 .text.LSM6DSOX_GYRO_GetAxesRaw
                0x00000000080032a6       0x48 ./Drivers/BSP/Components/lsm6dsox/lsm6dsox.o
                0x00000000080032a6                LSM6DSOX_GYRO_GetAxesRaw
 .text.LSM6DSOX_GYRO_GetAxes
                0x00000000080032ee       0xb4 ./Drivers/BSP/Components/lsm6dsox/lsm6dsox.o
                0x00000000080032ee                LSM6DSOX_GYRO_GetAxes
 .text.LSM6DSOX_Write_Reg
                0x00000000080033a2       0x36 ./Drivers/BSP/Components/lsm6dsox/lsm6dsox.o
                0x00000000080033a2                LSM6DSOX_Write_Reg
 .text.LSM6DSOX_ACC_SetOutputDataRate_When_Enabled
                0x00000000080033d8      0x110 ./Drivers/BSP/Components/lsm6dsox/lsm6dsox.o
 .text.LSM6DSOX_ACC_SetOutputDataRate_When_Disabled
                0x00000000080034e8       0xf8 ./Drivers/BSP/Components/lsm6dsox/lsm6dsox.o
 .text.LSM6DSOX_GYRO_SetOutputDataRate_When_Enabled
                0x00000000080035e0       0xf8 ./Drivers/BSP/Components/lsm6dsox/lsm6dsox.o
 .text.LSM6DSOX_GYRO_SetOutputDataRate_When_Disabled
                0x00000000080036d8       0xe4 ./Drivers/BSP/Components/lsm6dsox/lsm6dsox.o
 .text.ReadRegWrap
                0x00000000080037bc       0x36 ./Drivers/BSP/Components/lsm6dsox/lsm6dsox.o
 .text.WriteRegWrap
                0x00000000080037f2       0x36 ./Drivers/BSP/Components/lsm6dsox/lsm6dsox.o
 .text.lsm6dsox_read_reg
                0x0000000008003828       0x30 ./Drivers/BSP/Components/lsm6dsox/lsm6dsox_reg.o
                0x0000000008003828                lsm6dsox_read_reg
 .text.lsm6dsox_write_reg
                0x0000000008003858       0x30 ./Drivers/BSP/Components/lsm6dsox/lsm6dsox_reg.o
                0x0000000008003858                lsm6dsox_write_reg
 .text.lsm6dsox_xl_full_scale_set
                0x0000000008003888       0x4c ./Drivers/BSP/Components/lsm6dsox/lsm6dsox_reg.o
                0x0000000008003888                lsm6dsox_xl_full_scale_set
 .text.lsm6dsox_xl_full_scale_get
                0x00000000080038d4       0x70 ./Drivers/BSP/Components/lsm6dsox/lsm6dsox_reg.o
                0x00000000080038d4                lsm6dsox_xl_full_scale_get
 .text.lsm6dsox_xl_data_rate_set
                0x0000000008003944      0x2e8 ./Drivers/BSP/Components/lsm6dsox/lsm6dsox_reg.o
                0x0000000008003944                lsm6dsox_xl_data_rate_set
 .text.lsm6dsox_xl_data_rate_get
                0x0000000008003c2c       0xd0 ./Drivers/BSP/Components/lsm6dsox/lsm6dsox_reg.o
                0x0000000008003c2c                lsm6dsox_xl_data_rate_get
 .text.lsm6dsox_gy_full_scale_set
                0x0000000008003cfc       0x4c ./Drivers/BSP/Components/lsm6dsox/lsm6dsox_reg.o
                0x0000000008003cfc                lsm6dsox_gy_full_scale_set
 .text.lsm6dsox_gy_full_scale_get
                0x0000000008003d48       0x84 ./Drivers/BSP/Components/lsm6dsox/lsm6dsox_reg.o
                0x0000000008003d48                lsm6dsox_gy_full_scale_get
 .text.lsm6dsox_gy_data_rate_set
                0x0000000008003dcc      0x2e8 ./Drivers/BSP/Components/lsm6dsox/lsm6dsox_reg.o
                0x0000000008003dcc                lsm6dsox_gy_data_rate_set
 .text.lsm6dsox_gy_data_rate_get
                0x00000000080040b4       0xc4 ./Drivers/BSP/Components/lsm6dsox/lsm6dsox_reg.o
                0x00000000080040b4                lsm6dsox_gy_data_rate_get
 .text.lsm6dsox_block_data_update_set
                0x0000000008004178       0x4c ./Drivers/BSP/Components/lsm6dsox/lsm6dsox_reg.o
                0x0000000008004178                lsm6dsox_block_data_update_set
 .text.lsm6dsox_angular_rate_raw_get
                0x00000000080041c4       0x96 ./Drivers/BSP/Components/lsm6dsox/lsm6dsox_reg.o
                0x00000000080041c4                lsm6dsox_angular_rate_raw_get
 .text.lsm6dsox_acceleration_raw_get
                0x000000000800425a       0x96 ./Drivers/BSP/Components/lsm6dsox/lsm6dsox_reg.o
                0x000000000800425a                lsm6dsox_acceleration_raw_get
 .text.lsm6dsox_mem_bank_set
                0x00000000080042f0       0x4c ./Drivers/BSP/Components/lsm6dsox/lsm6dsox_reg.o
                0x00000000080042f0                lsm6dsox_mem_bank_set
 .text.lsm6dsox_device_id_get
                0x000000000800433c       0x22 ./Drivers/BSP/Components/lsm6dsox/lsm6dsox_reg.o
                0x000000000800433c                lsm6dsox_device_id_get
 .text.lsm6dsox_auto_increment_set
                0x000000000800435e       0x4c ./Drivers/BSP/Components/lsm6dsox/lsm6dsox_reg.o
                0x000000000800435e                lsm6dsox_auto_increment_set
 .text.lsm6dsox_i3c_disable_set
                0x00000000080043aa       0x8c ./Drivers/BSP/Components/lsm6dsox/lsm6dsox_reg.o
                0x00000000080043aa                lsm6dsox_i3c_disable_set
 .text.lsm6dsox_fifo_mode_set
                0x0000000008004436       0x4c ./Drivers/BSP/Components/lsm6dsox/lsm6dsox_reg.o
                0x0000000008004436                lsm6dsox_fifo_mode_set
 .text.lsm6dsox_fsm_enable_get
                0x0000000008004482       0x42 ./Drivers/BSP/Components/lsm6dsox/lsm6dsox_reg.o
                0x0000000008004482                lsm6dsox_fsm_enable_get
 .text.lsm6dsox_fsm_data_rate_get
                0x00000000080044c4       0x90 ./Drivers/BSP/Components/lsm6dsox/lsm6dsox_reg.o
                0x00000000080044c4                lsm6dsox_fsm_data_rate_get
 .text.lsm6dsox_mlc_data_rate_get
                0x0000000008004554       0x90 ./Drivers/BSP/Components/lsm6dsox/lsm6dsox_reg.o
                0x0000000008004554                lsm6dsox_mlc_data_rate_get
 .text.lsm6dsox_embedded_sens_get
                0x00000000080045e4       0xc6 ./Drivers/BSP/Components/lsm6dsox/lsm6dsox_reg.o
                0x00000000080045e4                lsm6dsox_embedded_sens_get
 .text.LL_AHB2_GRP1_EnableClock
                0x00000000080046aa       0x30 ./Drivers/BSP/STM32WLxx_Nucleo/stm32wlxx_nucleo.o
 .text.LL_APB1_GRP2_EnableClock
                0x00000000080046da       0x30 ./Drivers/BSP/STM32WLxx_Nucleo/stm32wlxx_nucleo.o
 *fill*         0x000000000800470a        0x2 
 .text.BSP_LED_Init
                0x000000000800470c       0x24 ./Drivers/BSP/STM32WLxx_Nucleo/stm32wlxx_nucleo.o
                0x000000000800470c                BSP_LED_Init
 .text.BSP_LED_On
                0x0000000008004730       0x2c ./Drivers/BSP/STM32WLxx_Nucleo/stm32wlxx_nucleo.o
                0x0000000008004730                BSP_LED_On
 .text.BSP_LED_Off
                0x000000000800475c       0x2c ./Drivers/BSP/STM32WLxx_Nucleo/stm32wlxx_nucleo.o
                0x000000000800475c                BSP_LED_Off
 .text.LED_USER_GPIO_Init
                0x0000000008004788       0x54 ./Drivers/BSP/STM32WLxx_Nucleo/stm32wlxx_nucleo.o
 .text.BSP_PB_Init
                0x00000000080047dc       0xa8 ./Drivers/BSP/STM32WLxx_Nucleo/stm32wlxx_nucleo.o
                0x00000000080047dc                BSP_PB_Init
 .text.BSP_PB_GetState
                0x0000000008004884       0x34 ./Drivers/BSP/STM32WLxx_Nucleo/stm32wlxx_nucleo.o
                0x0000000008004884                BSP_PB_GetState
 .text.BUTTON_USER_EXTI_Callback
                0x00000000080048b8        0xe ./Drivers/BSP/STM32WLxx_Nucleo/stm32wlxx_nucleo.o
 .text.BUTTON_USER_GPIO_Init
                0x00000000080048c6       0x42 ./Drivers/BSP/STM32WLxx_Nucleo/stm32wlxx_nucleo.o
 .text.BSP_COM_Init
                0x0000000008004908       0x7c ./Drivers/BSP/STM32WLxx_Nucleo/stm32wlxx_nucleo.o
                0x0000000008004908                BSP_COM_Init
 .text.MX_LPUART1_UART_Init
                0x0000000008004984       0xa4 ./Drivers/BSP/STM32WLxx_Nucleo/stm32wlxx_nucleo.o
                0x0000000008004984                MX_LPUART1_UART_Init
 .text.LPUART1_MspInit
                0x0000000008004a28      0x128 ./Drivers/BSP/STM32WLxx_Nucleo/stm32wlxx_nucleo.o
 .text.HAL_Init
                0x0000000008004b50       0x40 ./Drivers/STM32WLxx_HAL_Driver/Src/stm32wlxx_hal.o
                0x0000000008004b50                HAL_Init
 .text.HAL_InitTick
                0x0000000008004b90       0x74 ./Drivers/STM32WLxx_HAL_Driver/Src/stm32wlxx_hal.o
                0x0000000008004b90                HAL_InitTick
 .text.HAL_IncTick
                0x0000000008004c04       0x24 ./Drivers/STM32WLxx_HAL_Driver/Src/stm32wlxx_hal.o
                0x0000000008004c04                HAL_IncTick
 .text.HAL_GetTick
                0x0000000008004c28       0x14 ./Drivers/STM32WLxx_HAL_Driver/Src/stm32wlxx_hal.o
                0x0000000008004c28                HAL_GetTick
 .text.HAL_Delay
                0x0000000008004c3c       0x48 ./Drivers/STM32WLxx_HAL_Driver/Src/stm32wlxx_hal.o
                0x0000000008004c3c                HAL_Delay
 .text.__NVIC_SetPriorityGrouping
                0x0000000008004c84       0x48 ./Drivers/STM32WLxx_HAL_Driver/Src/stm32wlxx_hal_cortex.o
 .text.__NVIC_GetPriorityGrouping
                0x0000000008004ccc       0x1c ./Drivers/STM32WLxx_HAL_Driver/Src/stm32wlxx_hal_cortex.o
 .text.__NVIC_EnableIRQ
                0x0000000008004ce8       0x38 ./Drivers/STM32WLxx_HAL_Driver/Src/stm32wlxx_hal_cortex.o
 .text.__NVIC_SetPriority
                0x0000000008004d20       0x54 ./Drivers/STM32WLxx_HAL_Driver/Src/stm32wlxx_hal_cortex.o
 .text.NVIC_EncodePriority
                0x0000000008004d74       0x64 ./Drivers/STM32WLxx_HAL_Driver/Src/stm32wlxx_hal_cortex.o
 .text.SysTick_Config
                0x0000000008004dd8       0x44 ./Drivers/STM32WLxx_HAL_Driver/Src/stm32wlxx_hal_cortex.o
 .text.HAL_NVIC_SetPriorityGrouping
                0x0000000008004e1c       0x16 ./Drivers/STM32WLxx_HAL_Driver/Src/stm32wlxx_hal_cortex.o
                0x0000000008004e1c                HAL_NVIC_SetPriorityGrouping
 .text.HAL_NVIC_SetPriority
                0x0000000008004e32       0x34 ./Drivers/STM32WLxx_HAL_Driver/Src/stm32wlxx_hal_cortex.o
                0x0000000008004e32                HAL_NVIC_SetPriority
 .text.HAL_NVIC_EnableIRQ
                0x0000000008004e66       0x1c ./Drivers/STM32WLxx_HAL_Driver/Src/stm32wlxx_hal_cortex.o
                0x0000000008004e66                HAL_NVIC_EnableIRQ
 .text.HAL_SYSTICK_Config
                0x0000000008004e82       0x18 ./Drivers/STM32WLxx_HAL_Driver/Src/stm32wlxx_hal_cortex.o
                0x0000000008004e82                HAL_SYSTICK_Config
 *fill*         0x0000000008004e9a        0x2 
 .text.HAL_CRC_Init
                0x0000000008004e9c       0xc8 ./Drivers/STM32WLxx_HAL_Driver/Src/stm32wlxx_hal_crc.o
                0x0000000008004e9c                HAL_CRC_Init
 .text.HAL_CRCEx_Polynomial_Set
                0x0000000008004f64      0x10c ./Drivers/STM32WLxx_HAL_Driver/Src/stm32wlxx_hal_crc_ex.o
                0x0000000008004f64                HAL_CRCEx_Polynomial_Set
 .text.HAL_DMA_Init
                0x0000000008005070      0x150 ./Drivers/STM32WLxx_HAL_Driver/Src/stm32wlxx_hal_dma.o
                0x0000000008005070                HAL_DMA_Init
 .text.HAL_DMA_Start_IT
                0x00000000080051c0       0xfc ./Drivers/STM32WLxx_HAL_Driver/Src/stm32wlxx_hal_dma.o
                0x00000000080051c0                HAL_DMA_Start_IT
 .text.HAL_DMA_IRQHandler
                0x00000000080052bc      0x18c ./Drivers/STM32WLxx_HAL_Driver/Src/stm32wlxx_hal_dma.o
                0x00000000080052bc                HAL_DMA_IRQHandler
 .text.HAL_DMA_ConfigChannelAttributes
                0x0000000008005448       0x5e ./Drivers/STM32WLxx_HAL_Driver/Src/stm32wlxx_hal_dma.o
                0x0000000008005448                HAL_DMA_ConfigChannelAttributes
 .text.DMA_SetConfig
                0x00000000080054a6       0x7a ./Drivers/STM32WLxx_HAL_Driver/Src/stm32wlxx_hal_dma.o
 .text.DMA_CalcDMAMUXChannelBaseAndMask
                0x0000000008005520       0x90 ./Drivers/STM32WLxx_HAL_Driver/Src/stm32wlxx_hal_dma.o
 .text.DMA_CalcDMAMUXRequestGenBaseAndMask
                0x00000000080055b0       0x48 ./Drivers/STM32WLxx_HAL_Driver/Src/stm32wlxx_hal_dma.o
 .text.HAL_EXTI_RegisterCallback
                0x00000000080055f8       0x32 ./Drivers/STM32WLxx_HAL_Driver/Src/stm32wlxx_hal_exti.o
                0x00000000080055f8                HAL_EXTI_RegisterCallback
 .text.HAL_EXTI_GetHandle
                0x000000000800562a       0x26 ./Drivers/STM32WLxx_HAL_Driver/Src/stm32wlxx_hal_exti.o
                0x000000000800562a                HAL_EXTI_GetHandle
 .text.HAL_GPIO_Init
                0x0000000008005650      0x2c0 ./Drivers/STM32WLxx_HAL_Driver/Src/stm32wlxx_hal_gpio.o
                0x0000000008005650                HAL_GPIO_Init
 .text.HAL_GPIO_DeInit
                0x0000000008005910      0x19c ./Drivers/STM32WLxx_HAL_Driver/Src/stm32wlxx_hal_gpio.o
                0x0000000008005910                HAL_GPIO_DeInit
 .text.HAL_GPIO_ReadPin
                0x0000000008005aac       0x2e ./Drivers/STM32WLxx_HAL_Driver/Src/stm32wlxx_hal_gpio.o
                0x0000000008005aac                HAL_GPIO_ReadPin
 .text.HAL_GPIO_WritePin
                0x0000000008005ada       0x2e ./Drivers/STM32WLxx_HAL_Driver/Src/stm32wlxx_hal_gpio.o
                0x0000000008005ada                HAL_GPIO_WritePin
 .text.HAL_GPIO_EXTI_IRQHandler
                0x0000000008005b08       0x30 ./Drivers/STM32WLxx_HAL_Driver/Src/stm32wlxx_hal_gpio.o
                0x0000000008005b08                HAL_GPIO_EXTI_IRQHandler
 .text.HAL_GPIO_EXTI_Callback
                0x0000000008005b38       0x14 ./Drivers/STM32WLxx_HAL_Driver/Src/stm32wlxx_hal_gpio.o
                0x0000000008005b38                HAL_GPIO_EXTI_Callback
 .text.HAL_I2C_Init
                0x0000000008005b4c      0x11e ./Drivers/STM32WLxx_HAL_Driver/Src/stm32wlxx_hal_i2c.o
                0x0000000008005b4c                HAL_I2C_Init
 .text.HAL_I2C_DeInit
                0x0000000008005c6a       0x5e ./Drivers/STM32WLxx_HAL_Driver/Src/stm32wlxx_hal_i2c.o
                0x0000000008005c6a                HAL_I2C_DeInit
 .text.HAL_I2C_Mem_Write
                0x0000000008005cc8      0x228 ./Drivers/STM32WLxx_HAL_Driver/Src/stm32wlxx_hal_i2c.o
                0x0000000008005cc8                HAL_I2C_Mem_Write
 .text.HAL_I2C_Mem_Read
                0x0000000008005ef0      0x234 ./Drivers/STM32WLxx_HAL_Driver/Src/stm32wlxx_hal_i2c.o
                0x0000000008005ef0                HAL_I2C_Mem_Read
 .text.HAL_I2C_GetState
                0x0000000008006124       0x1a ./Drivers/STM32WLxx_HAL_Driver/Src/stm32wlxx_hal_i2c.o
                0x0000000008006124                HAL_I2C_GetState
 .text.HAL_I2C_GetError
                0x000000000800613e       0x16 ./Drivers/STM32WLxx_HAL_Driver/Src/stm32wlxx_hal_i2c.o
                0x000000000800613e                HAL_I2C_GetError
 .text.I2C_RequestMemoryWrite
                0x0000000008006154       0xa8 ./Drivers/STM32WLxx_HAL_Driver/Src/stm32wlxx_hal_i2c.o
 .text.I2C_RequestMemoryRead
                0x00000000080061fc       0xa8 ./Drivers/STM32WLxx_HAL_Driver/Src/stm32wlxx_hal_i2c.o
 .text.I2C_Flush_TXDR
                0x00000000080062a4       0x46 ./Drivers/STM32WLxx_HAL_Driver/Src/stm32wlxx_hal_i2c.o
 .text.I2C_WaitOnFlagUntilTimeout
                0x00000000080062ea       0x80 ./Drivers/STM32WLxx_HAL_Driver/Src/stm32wlxx_hal_i2c.o
 .text.I2C_WaitOnTXISFlagUntilTimeout
                0x000000000800636a       0x80 ./Drivers/STM32WLxx_HAL_Driver/Src/stm32wlxx_hal_i2c.o
 .text.I2C_WaitOnSTOPFlagUntilTimeout
                0x00000000080063ea       0x78 ./Drivers/STM32WLxx_HAL_Driver/Src/stm32wlxx_hal_i2c.o
 *fill*         0x0000000008006462        0x2 
 .text.I2C_IsErrorOccurred
                0x0000000008006464      0x1d8 ./Drivers/STM32WLxx_HAL_Driver/Src/stm32wlxx_hal_i2c.o
 .text.I2C_TransferConfig
                0x000000000800663c       0x60 ./Drivers/STM32WLxx_HAL_Driver/Src/stm32wlxx_hal_i2c.o
 .text.HAL_I2CEx_ConfigAnalogFilter
                0x000000000800669c       0x94 ./Drivers/STM32WLxx_HAL_Driver/Src/stm32wlxx_hal_i2c_ex.o
                0x000000000800669c                HAL_I2CEx_ConfigAnalogFilter
 .text.HAL_I2CEx_ConfigDigitalFilter
                0x0000000008006730       0x96 ./Drivers/STM32WLxx_HAL_Driver/Src/stm32wlxx_hal_i2c_ex.o
                0x0000000008006730                HAL_I2CEx_ConfigDigitalFilter
 *fill*         0x00000000080067c6        0x2 
 .text.HAL_I2CEx_EnableFastModePlus
                0x00000000080067c8       0x24 ./Drivers/STM32WLxx_HAL_Driver/Src/stm32wlxx_hal_i2c_ex.o
                0x00000000080067c8                HAL_I2CEx_EnableFastModePlus
 .text.HAL_PWR_EnableBkUpAccess
                0x00000000080067ec       0x1c ./Drivers/STM32WLxx_HAL_Driver/Src/stm32wlxx_hal_pwr.o
                0x00000000080067ec                HAL_PWR_EnableBkUpAccess
 .text.HAL_PWREx_GetVoltageRange
                0x0000000008006808       0x18 ./Drivers/STM32WLxx_HAL_Driver/Src/stm32wlxx_hal_pwr_ex.o
                0x0000000008006808                HAL_PWREx_GetVoltageRange
 .text.LL_PWR_IsEnabledBkUpAccess
                0x0000000008006820       0x24 ./Drivers/STM32WLxx_HAL_Driver/Src/stm32wlxx_hal_rcc.o
 .text.LL_RCC_HSE_EnableTcxo
                0x0000000008006844       0x1c ./Drivers/STM32WLxx_HAL_Driver/Src/stm32wlxx_hal_rcc.o
 .text.LL_RCC_HSE_DisableTcxo
                0x0000000008006860       0x1c ./Drivers/STM32WLxx_HAL_Driver/Src/stm32wlxx_hal_rcc.o
 .text.LL_RCC_HSE_IsEnabledDiv2
                0x000000000800687c       0x22 ./Drivers/STM32WLxx_HAL_Driver/Src/stm32wlxx_hal_rcc.o
 .text.LL_RCC_HSE_Enable
                0x000000000800689e       0x1c ./Drivers/STM32WLxx_HAL_Driver/Src/stm32wlxx_hal_rcc.o
 .text.LL_RCC_HSE_Disable
                0x00000000080068ba       0x1c ./Drivers/STM32WLxx_HAL_Driver/Src/stm32wlxx_hal_rcc.o
 .text.LL_RCC_HSE_IsReady
                0x00000000080068d6       0x22 ./Drivers/STM32WLxx_HAL_Driver/Src/stm32wlxx_hal_rcc.o
 .text.LL_RCC_HSI_Enable
                0x00000000080068f8       0x1c ./Drivers/STM32WLxx_HAL_Driver/Src/stm32wlxx_hal_rcc.o
 .text.LL_RCC_HSI_Disable
                0x0000000008006914       0x1c ./Drivers/STM32WLxx_HAL_Driver/Src/stm32wlxx_hal_rcc.o
 .text.LL_RCC_HSI_IsReady
                0x0000000008006930       0x22 ./Drivers/STM32WLxx_HAL_Driver/Src/stm32wlxx_hal_rcc.o
 .text.LL_RCC_HSI_SetCalibTrimming
                0x0000000008006952       0x28 ./Drivers/STM32WLxx_HAL_Driver/Src/stm32wlxx_hal_rcc.o
 .text.LL_RCC_LSE_IsReady
                0x000000000800697a       0x22 ./Drivers/STM32WLxx_HAL_Driver/Src/stm32wlxx_hal_rcc.o
 .text.LL_RCC_LSI_Enable
                0x000000000800699c       0x20 ./Drivers/STM32WLxx_HAL_Driver/Src/stm32wlxx_hal_rcc.o
 .text.LL_RCC_LSI_Disable
                0x00000000080069bc       0x20 ./Drivers/STM32WLxx_HAL_Driver/Src/stm32wlxx_hal_rcc.o
 .text.LL_RCC_LSI_IsReady
                0x00000000080069dc       0x22 ./Drivers/STM32WLxx_HAL_Driver/Src/stm32wlxx_hal_rcc.o
 .text.LL_RCC_MSI_Enable
                0x00000000080069fe       0x1c ./Drivers/STM32WLxx_HAL_Driver/Src/stm32wlxx_hal_rcc.o
 .text.LL_RCC_MSI_Disable
                0x0000000008006a1a       0x1c ./Drivers/STM32WLxx_HAL_Driver/Src/stm32wlxx_hal_rcc.o
 .text.LL_RCC_MSI_IsReady
                0x0000000008006a36       0x20 ./Drivers/STM32WLxx_HAL_Driver/Src/stm32wlxx_hal_rcc.o
 .text.LL_RCC_MSI_IsEnabledRangeSelect
                0x0000000008006a56       0x20 ./Drivers/STM32WLxx_HAL_Driver/Src/stm32wlxx_hal_rcc.o
 .text.LL_RCC_MSI_GetRange
                0x0000000008006a76       0x16 ./Drivers/STM32WLxx_HAL_Driver/Src/stm32wlxx_hal_rcc.o
 .text.LL_RCC_MSI_GetRangeAfterStandby
                0x0000000008006a8c       0x18 ./Drivers/STM32WLxx_HAL_Driver/Src/stm32wlxx_hal_rcc.o
 .text.LL_RCC_MSI_SetCalibTrimming
                0x0000000008006aa4       0x28 ./Drivers/STM32WLxx_HAL_Driver/Src/stm32wlxx_hal_rcc.o
 .text.LL_RCC_SetSysClkSource
                0x0000000008006acc       0x26 ./Drivers/STM32WLxx_HAL_Driver/Src/stm32wlxx_hal_rcc.o
 .text.LL_RCC_GetSysClkSource
                0x0000000008006af2       0x16 ./Drivers/STM32WLxx_HAL_Driver/Src/stm32wlxx_hal_rcc.o
 .text.LL_RCC_SetAHBPrescaler
                0x0000000008006b08       0x26 ./Drivers/STM32WLxx_HAL_Driver/Src/stm32wlxx_hal_rcc.o
 .text.LL_C2_RCC_SetAHBPrescaler
                0x0000000008006b2e       0x2a ./Drivers/STM32WLxx_HAL_Driver/Src/stm32wlxx_hal_rcc.o
 .text.LL_RCC_SetAHB3Prescaler
                0x0000000008006b58       0x2c ./Drivers/STM32WLxx_HAL_Driver/Src/stm32wlxx_hal_rcc.o
 .text.LL_RCC_SetAPB1Prescaler
                0x0000000008006b84       0x26 ./Drivers/STM32WLxx_HAL_Driver/Src/stm32wlxx_hal_rcc.o
 .text.LL_RCC_SetAPB2Prescaler
                0x0000000008006baa       0x26 ./Drivers/STM32WLxx_HAL_Driver/Src/stm32wlxx_hal_rcc.o
 .text.LL_RCC_GetAHBPrescaler
                0x0000000008006bd0       0x16 ./Drivers/STM32WLxx_HAL_Driver/Src/stm32wlxx_hal_rcc.o
 .text.LL_RCC_GetAHB3Prescaler
                0x0000000008006be6       0x1a ./Drivers/STM32WLxx_HAL_Driver/Src/stm32wlxx_hal_rcc.o
 .text.LL_RCC_GetAPB1Prescaler
                0x0000000008006c00       0x16 ./Drivers/STM32WLxx_HAL_Driver/Src/stm32wlxx_hal_rcc.o
 .text.LL_RCC_GetAPB2Prescaler
                0x0000000008006c16       0x16 ./Drivers/STM32WLxx_HAL_Driver/Src/stm32wlxx_hal_rcc.o
 .text.LL_RCC_PLL_Enable
                0x0000000008006c2c       0x1c ./Drivers/STM32WLxx_HAL_Driver/Src/stm32wlxx_hal_rcc.o
 .text.LL_RCC_PLL_Disable
                0x0000000008006c48       0x1c ./Drivers/STM32WLxx_HAL_Driver/Src/stm32wlxx_hal_rcc.o
 .text.LL_RCC_PLL_IsReady
                0x0000000008006c64       0x22 ./Drivers/STM32WLxx_HAL_Driver/Src/stm32wlxx_hal_rcc.o
 .text.LL_RCC_PLL_GetN
                0x0000000008006c86       0x18 ./Drivers/STM32WLxx_HAL_Driver/Src/stm32wlxx_hal_rcc.o
 .text.LL_RCC_PLL_GetR
                0x0000000008006c9e       0x16 ./Drivers/STM32WLxx_HAL_Driver/Src/stm32wlxx_hal_rcc.o
 .text.LL_RCC_PLL_GetDivider
                0x0000000008006cb4       0x16 ./Drivers/STM32WLxx_HAL_Driver/Src/stm32wlxx_hal_rcc.o
 .text.LL_RCC_PLL_GetMainSource
                0x0000000008006cca       0x16 ./Drivers/STM32WLxx_HAL_Driver/Src/stm32wlxx_hal_rcc.o
 .text.LL_RCC_IsActiveFlag_HPRE
                0x0000000008006ce0       0x22 ./Drivers/STM32WLxx_HAL_Driver/Src/stm32wlxx_hal_rcc.o
 .text.LL_RCC_IsActiveFlag_C2HPRE
                0x0000000008006d02       0x24 ./Drivers/STM32WLxx_HAL_Driver/Src/stm32wlxx_hal_rcc.o
 .text.LL_RCC_IsActiveFlag_SHDHPRE
                0x0000000008006d26       0x24 ./Drivers/STM32WLxx_HAL_Driver/Src/stm32wlxx_hal_rcc.o
 .text.LL_RCC_IsActiveFlag_PPRE1
                0x0000000008006d4a       0x22 ./Drivers/STM32WLxx_HAL_Driver/Src/stm32wlxx_hal_rcc.o
 .text.LL_RCC_IsActiveFlag_PPRE2
                0x0000000008006d6c       0x22 ./Drivers/STM32WLxx_HAL_Driver/Src/stm32wlxx_hal_rcc.o
 *fill*         0x0000000008006d8e        0x2 
 .text.HAL_RCC_OscConfig
                0x0000000008006d90      0x738 ./Drivers/STM32WLxx_HAL_Driver/Src/stm32wlxx_hal_rcc.o
                0x0000000008006d90                HAL_RCC_OscConfig
 .text.HAL_RCC_ClockConfig
                0x00000000080074c8      0x284 ./Drivers/STM32WLxx_HAL_Driver/Src/stm32wlxx_hal_rcc.o
                0x00000000080074c8                HAL_RCC_ClockConfig
 .text.HAL_RCC_GetSysClockFreq
                0x000000000800774c      0x140 ./Drivers/STM32WLxx_HAL_Driver/Src/stm32wlxx_hal_rcc.o
                0x000000000800774c                HAL_RCC_GetSysClockFreq
 .text.HAL_RCC_GetHCLKFreq
                0x000000000800788c       0x28 ./Drivers/STM32WLxx_HAL_Driver/Src/stm32wlxx_hal_rcc.o
                0x000000000800788c                HAL_RCC_GetHCLKFreq
 .text.HAL_RCC_GetPCLK1Freq
                0x00000000080078b4       0x24 ./Drivers/STM32WLxx_HAL_Driver/Src/stm32wlxx_hal_rcc.o
                0x00000000080078b4                HAL_RCC_GetPCLK1Freq
 .text.HAL_RCC_GetPCLK2Freq
                0x00000000080078d8       0x24 ./Drivers/STM32WLxx_HAL_Driver/Src/stm32wlxx_hal_rcc.o
                0x00000000080078d8                HAL_RCC_GetPCLK2Freq
 .text.RCC_SetFlashLatencyFromMSIRange
                0x00000000080078fc       0x60 ./Drivers/STM32WLxx_HAL_Driver/Src/stm32wlxx_hal_rcc.o
 .text.RCC_SetFlashLatency
                0x000000000800795c      0x104 ./Drivers/STM32WLxx_HAL_Driver/Src/stm32wlxx_hal_rcc.o
 .text.LL_RCC_LSE_IsReady
                0x0000000008007a60       0x22 ./Drivers/STM32WLxx_HAL_Driver/Src/stm32wlxx_hal_rcc_ex.o
 .text.LL_RCC_SetUSARTClockSource
                0x0000000008007a82       0x30 ./Drivers/STM32WLxx_HAL_Driver/Src/stm32wlxx_hal_rcc_ex.o
 .text.LL_RCC_SetI2SClockSource
                0x0000000008007ab2       0x2a ./Drivers/STM32WLxx_HAL_Driver/Src/stm32wlxx_hal_rcc_ex.o
 .text.LL_RCC_SetLPUARTClockSource
                0x0000000008007adc       0x2a ./Drivers/STM32WLxx_HAL_Driver/Src/stm32wlxx_hal_rcc_ex.o
 .text.LL_RCC_SetI2CClockSource
                0x0000000008007b06       0x38 ./Drivers/STM32WLxx_HAL_Driver/Src/stm32wlxx_hal_rcc_ex.o
 .text.LL_RCC_SetLPTIMClockSource
                0x0000000008007b3e       0x32 ./Drivers/STM32WLxx_HAL_Driver/Src/stm32wlxx_hal_rcc_ex.o
 .text.LL_RCC_SetRNGClockSource
                0x0000000008007b70       0x2a ./Drivers/STM32WLxx_HAL_Driver/Src/stm32wlxx_hal_rcc_ex.o
 .text.LL_RCC_SetADCClockSource
                0x0000000008007b9a       0x2a ./Drivers/STM32WLxx_HAL_Driver/Src/stm32wlxx_hal_rcc_ex.o
 .text.LL_RCC_SetRTCClockSource
                0x0000000008007bc4       0x2a ./Drivers/STM32WLxx_HAL_Driver/Src/stm32wlxx_hal_rcc_ex.o
 .text.LL_RCC_GetRTCClockSource
                0x0000000008007bee       0x18 ./Drivers/STM32WLxx_HAL_Driver/Src/stm32wlxx_hal_rcc_ex.o
 .text.LL_RCC_ForceBackupDomainReset
                0x0000000008007c06       0x20 ./Drivers/STM32WLxx_HAL_Driver/Src/stm32wlxx_hal_rcc_ex.o
 .text.LL_RCC_ReleaseBackupDomainReset
                0x0000000008007c26       0x20 ./Drivers/STM32WLxx_HAL_Driver/Src/stm32wlxx_hal_rcc_ex.o
 *fill*         0x0000000008007c46        0x2 
 .text.HAL_RCCEx_PeriphCLKConfig
                0x0000000008007c48      0x234 ./Drivers/STM32WLxx_HAL_Driver/Src/stm32wlxx_hal_rcc_ex.o
                0x0000000008007c48                HAL_RCCEx_PeriphCLKConfig
 .text.HAL_RTC_Init
                0x0000000008007e7c       0xf4 ./Drivers/STM32WLxx_HAL_Driver/Src/stm32wlxx_hal_rtc.o
                0x0000000008007e7c                HAL_RTC_Init
 .text.HAL_RTC_SetTime
                0x0000000008007f70      0x138 ./Drivers/STM32WLxx_HAL_Driver/Src/stm32wlxx_hal_rtc.o
                0x0000000008007f70                HAL_RTC_SetTime
 .text.HAL_RTC_GetTime
                0x00000000080080a8       0xc4 ./Drivers/STM32WLxx_HAL_Driver/Src/stm32wlxx_hal_rtc.o
                0x00000000080080a8                HAL_RTC_GetTime
 .text.HAL_RTC_SetDate
                0x000000000800816c      0x10c ./Drivers/STM32WLxx_HAL_Driver/Src/stm32wlxx_hal_rtc.o
                0x000000000800816c                HAL_RTC_SetDate
 .text.HAL_RTC_GetDate
                0x0000000008008278       0x9c ./Drivers/STM32WLxx_HAL_Driver/Src/stm32wlxx_hal_rtc.o
                0x0000000008008278                HAL_RTC_GetDate
 .text.HAL_RTC_WaitForSynchro
                0x0000000008008314       0x4c ./Drivers/STM32WLxx_HAL_Driver/Src/stm32wlxx_hal_rtc.o
                0x0000000008008314                HAL_RTC_WaitForSynchro
 .text.RTC_EnterInitMode
                0x0000000008008360       0x68 ./Drivers/STM32WLxx_HAL_Driver/Src/stm32wlxx_hal_rtc.o
                0x0000000008008360                RTC_EnterInitMode
 .text.RTC_ExitInitMode
                0x00000000080083c8       0x7c ./Drivers/STM32WLxx_HAL_Driver/Src/stm32wlxx_hal_rtc.o
                0x00000000080083c8                RTC_ExitInitMode
 .text.RTC_ByteToBcd2
                0x0000000008008444       0x3e ./Drivers/STM32WLxx_HAL_Driver/Src/stm32wlxx_hal_rtc.o
                0x0000000008008444                RTC_ByteToBcd2
 .text.RTC_Bcd2ToByte
                0x0000000008008482       0x36 ./Drivers/STM32WLxx_HAL_Driver/Src/stm32wlxx_hal_rtc.o
                0x0000000008008482                RTC_Bcd2ToByte
 .text.HAL_TIM_Base_Init
                0x00000000080084b8       0xae ./Drivers/STM32WLxx_HAL_Driver/Src/stm32wlxx_hal_tim.o
                0x00000000080084b8                HAL_TIM_Base_Init
 *fill*         0x0000000008008566        0x2 
 .text.HAL_TIM_Base_Start_IT
                0x0000000008008568       0x98 ./Drivers/STM32WLxx_HAL_Driver/Src/stm32wlxx_hal_tim.o
                0x0000000008008568                HAL_TIM_Base_Start_IT
 .text.HAL_TIM_Base_Stop_IT
                0x0000000008008600       0x5c ./Drivers/STM32WLxx_HAL_Driver/Src/stm32wlxx_hal_tim.o
                0x0000000008008600                HAL_TIM_Base_Stop_IT
 .text.HAL_TIM_IRQHandler
                0x000000000800865c      0x23e ./Drivers/STM32WLxx_HAL_Driver/Src/stm32wlxx_hal_tim.o
                0x000000000800865c                HAL_TIM_IRQHandler
 .text.HAL_TIM_ConfigClockSource
                0x000000000800889a      0x192 ./Drivers/STM32WLxx_HAL_Driver/Src/stm32wlxx_hal_tim.o
                0x000000000800889a                HAL_TIM_ConfigClockSource
 .text.HAL_TIM_OC_DelayElapsedCallback
                0x0000000008008a2c       0x12 ./Drivers/STM32WLxx_HAL_Driver/Src/stm32wlxx_hal_tim.o
                0x0000000008008a2c                HAL_TIM_OC_DelayElapsedCallback
 .text.HAL_TIM_IC_CaptureCallback
                0x0000000008008a3e       0x12 ./Drivers/STM32WLxx_HAL_Driver/Src/stm32wlxx_hal_tim.o
                0x0000000008008a3e                HAL_TIM_IC_CaptureCallback
 .text.HAL_TIM_PWM_PulseFinishedCallback
                0x0000000008008a50       0x12 ./Drivers/STM32WLxx_HAL_Driver/Src/stm32wlxx_hal_tim.o
                0x0000000008008a50                HAL_TIM_PWM_PulseFinishedCallback
 .text.HAL_TIM_TriggerCallback
                0x0000000008008a62       0x12 ./Drivers/STM32WLxx_HAL_Driver/Src/stm32wlxx_hal_tim.o
                0x0000000008008a62                HAL_TIM_TriggerCallback
 .text.TIM_Base_SetConfig
                0x0000000008008a74       0xc4 ./Drivers/STM32WLxx_HAL_Driver/Src/stm32wlxx_hal_tim.o
                0x0000000008008a74                TIM_Base_SetConfig
 .text.TIM_TI1_ConfigInputStage
                0x0000000008008b38       0x5c ./Drivers/STM32WLxx_HAL_Driver/Src/stm32wlxx_hal_tim.o
 .text.TIM_TI2_ConfigInputStage
                0x0000000008008b94       0x5e ./Drivers/STM32WLxx_HAL_Driver/Src/stm32wlxx_hal_tim.o
 .text.TIM_ITRx_SetConfig
                0x0000000008008bf2       0x38 ./Drivers/STM32WLxx_HAL_Driver/Src/stm32wlxx_hal_tim.o
 .text.TIM_ETR_SetConfig
                0x0000000008008c2a       0x3e ./Drivers/STM32WLxx_HAL_Driver/Src/stm32wlxx_hal_tim.o
                0x0000000008008c2a                TIM_ETR_SetConfig
 .text.HAL_TIMEx_MasterConfigSynchronization
                0x0000000008008c68       0xbc ./Drivers/STM32WLxx_HAL_Driver/Src/stm32wlxx_hal_tim_ex.o
                0x0000000008008c68                HAL_TIMEx_MasterConfigSynchronization
 .text.HAL_TIMEx_CommutCallback
                0x0000000008008d24       0x12 ./Drivers/STM32WLxx_HAL_Driver/Src/stm32wlxx_hal_tim_ex.o
                0x0000000008008d24                HAL_TIMEx_CommutCallback
 .text.HAL_TIMEx_BreakCallback
                0x0000000008008d36       0x12 ./Drivers/STM32WLxx_HAL_Driver/Src/stm32wlxx_hal_tim_ex.o
                0x0000000008008d36                HAL_TIMEx_BreakCallback
 .text.HAL_TIMEx_Break2Callback
                0x0000000008008d48       0x12 ./Drivers/STM32WLxx_HAL_Driver/Src/stm32wlxx_hal_tim_ex.o
                0x0000000008008d48                HAL_TIMEx_Break2Callback
 .text.LL_RCC_GetUSARTClockSource
                0x0000000008008d5a       0x24 ./Drivers/STM32WLxx_HAL_Driver/Src/stm32wlxx_hal_uart.o
 .text.LL_RCC_GetLPUARTClockSource
                0x0000000008008d7e       0x1e ./Drivers/STM32WLxx_HAL_Driver/Src/stm32wlxx_hal_uart.o
 .text.HAL_UART_Init
                0x0000000008008d9c       0xa0 ./Drivers/STM32WLxx_HAL_Driver/Src/stm32wlxx_hal_uart.o
                0x0000000008008d9c                HAL_UART_Init
 .text.HAL_UART_Transmit
                0x0000000008008e3c      0x12c ./Drivers/STM32WLxx_HAL_Driver/Src/stm32wlxx_hal_uart.o
                0x0000000008008e3c                HAL_UART_Transmit
 .text.HAL_UART_Receive_DMA
                0x0000000008008f68       0xac ./Drivers/STM32WLxx_HAL_Driver/Src/stm32wlxx_hal_uart.o
                0x0000000008008f68                HAL_UART_Receive_DMA
 .text.HAL_UART_RxCpltCallback
                0x0000000008009014       0x12 ./Drivers/STM32WLxx_HAL_Driver/Src/stm32wlxx_hal_uart.o
                0x0000000008009014                HAL_UART_RxCpltCallback
 .text.HAL_UART_RxHalfCpltCallback
                0x0000000008009026       0x12 ./Drivers/STM32WLxx_HAL_Driver/Src/stm32wlxx_hal_uart.o
                0x0000000008009026                HAL_UART_RxHalfCpltCallback
 .text.HAL_UART_ErrorCallback
                0x0000000008009038       0x12 ./Drivers/STM32WLxx_HAL_Driver/Src/stm32wlxx_hal_uart.o
                0x0000000008009038                HAL_UART_ErrorCallback
 .text.HAL_UARTEx_RxEventCallback
                0x000000000800904a       0x16 ./Drivers/STM32WLxx_HAL_Driver/Src/stm32wlxx_hal_uart.o
                0x000000000800904a                HAL_UARTEx_RxEventCallback
 .text.UART_SetConfig
                0x0000000008009060      0x4e8 ./Drivers/STM32WLxx_HAL_Driver/Src/stm32wlxx_hal_uart.o
                0x0000000008009060                UART_SetConfig
 .text.UART_AdvFeatureConfig
                0x0000000008009548      0x142 ./Drivers/STM32WLxx_HAL_Driver/Src/stm32wlxx_hal_uart.o
                0x0000000008009548                UART_AdvFeatureConfig
 .text.UART_CheckIdleState
                0x000000000800968a       0x96 ./Drivers/STM32WLxx_HAL_Driver/Src/stm32wlxx_hal_uart.o
                0x000000000800968a                UART_CheckIdleState
 .text.UART_WaitOnFlagUntilTimeout
                0x0000000008009720      0x190 ./Drivers/STM32WLxx_HAL_Driver/Src/stm32wlxx_hal_uart.o
                0x0000000008009720                UART_WaitOnFlagUntilTimeout
 .text.UART_Start_Receive_DMA
                0x00000000080098b0      0x150 ./Drivers/STM32WLxx_HAL_Driver/Src/stm32wlxx_hal_uart.o
                0x00000000080098b0                UART_Start_Receive_DMA
 .text.UART_EndTxTransfer
                0x0000000008009a00       0x80 ./Drivers/STM32WLxx_HAL_Driver/Src/stm32wlxx_hal_uart.o
 .text.UART_EndRxTransfer
                0x0000000008009a80       0xca ./Drivers/STM32WLxx_HAL_Driver/Src/stm32wlxx_hal_uart.o
 .text.UART_DMAReceiveCplt
                0x0000000008009b4a      0x126 ./Drivers/STM32WLxx_HAL_Driver/Src/stm32wlxx_hal_uart.o
 .text.UART_DMARxHalfCplt
                0x0000000008009c70       0x38 ./Drivers/STM32WLxx_HAL_Driver/Src/stm32wlxx_hal_uart.o
 .text.UART_DMAError
                0x0000000008009ca8       0x80 ./Drivers/STM32WLxx_HAL_Driver/Src/stm32wlxx_hal_uart.o
 .text.HAL_UARTEx_DisableFifoMode
                0x0000000008009d28       0x70 ./Drivers/STM32WLxx_HAL_Driver/Src/stm32wlxx_hal_uart_ex.o
                0x0000000008009d28                HAL_UARTEx_DisableFifoMode
 .text.HAL_UARTEx_SetTxFifoThreshold
                0x0000000008009d98       0x7c ./Drivers/STM32WLxx_HAL_Driver/Src/stm32wlxx_hal_uart_ex.o
                0x0000000008009d98                HAL_UARTEx_SetTxFifoThreshold
 .text.HAL_UARTEx_SetRxFifoThreshold
                0x0000000008009e14       0x7c ./Drivers/STM32WLxx_HAL_Driver/Src/stm32wlxx_hal_uart_ex.o
                0x0000000008009e14                HAL_UARTEx_SetRxFifoThreshold
 .text.UARTEx_SetNbDataToProcess
                0x0000000008009e90       0x98 ./Drivers/STM32WLxx_HAL_Driver/Src/stm32wlxx_hal_uart_ex.o
 .text.MX_MEMS_Init
                0x0000000008009f28        0xc ./MEMS/App/app_mems.o
                0x0000000008009f28                MX_MEMS_Init
 .text.MX_MEMS_Process
                0x0000000008009f34        0xc ./MEMS/App/app_mems.o
                0x0000000008009f34                MX_MEMS_Process
 .text.HAL_TIM_PeriodElapsedCallback
                0x0000000008009f40       0x2c ./MEMS/App/app_mems.o
                0x0000000008009f40                HAL_TIM_PeriodElapsedCallback
 .text.MX_DataLogFusion_Init
                0x0000000008009f6c       0xf8 ./MEMS/App/app_mems.o
 .text.MX_DataLogFusion_Process
                0x000000000800a064      0x130 ./MEMS/App/app_mems.o
 .text.Init_Sensors
                0x000000000800a194       0x30 ./MEMS/App/app_mems.o
 .text.RTC_Handler
                0x000000000800a1c4       0xe8 ./MEMS/App/app_mems.o
 .text.FX_Data_Handler
                0x000000000800a2ac      0x1c8 ./MEMS/App/app_mems.o
 .text.BSP_PB_Callback
                0x000000000800a474       0x20 ./MEMS/App/app_mems.o
                0x000000000800a474                BSP_PB_Callback
 .text.Accelero_Sensor_Handler
                0x000000000800a494       0xb4 ./MEMS/App/app_mems.o
 .text.Gyro_Sensor_Handler
                0x000000000800a548       0xb4 ./MEMS/App/app_mems.o
 .text.Magneto_Sensor_Handler
                0x000000000800a5fc      0x1c4 ./MEMS/App/app_mems.o
 .text.Pressure_Sensor_Handler
                0x000000000800a7c0       0x60 ./MEMS/App/app_mems.o
 .text.Temperature_Sensor_Handler
                0x000000000800a820       0x60 ./MEMS/App/app_mems.o
 .text.Humidity_Sensor_Handler
                0x000000000800a880       0x60 ./MEMS/App/app_mems.o
 .text.TIM_Config
                0x000000000800a8e0       0x68 ./MEMS/App/app_mems.o
 .text.MEMS_INT1_Force_Low
                0x000000000800a948       0x40 ./MEMS/App/app_mems.o
 .text.MEMS_INT1_Init
                0x000000000800a988       0x38 ./MEMS/App/app_mems.o
 .text.DWT_Init
                0x000000000800a9c0       0x2c ./MEMS/App/app_mems.o
 .text.DWT_Start
                0x000000000800a9ec       0x24 ./MEMS/App/app_mems.o
 .text.DWT_Stop
                0x000000000800aa10       0x4c ./MEMS/App/app_mems.o
 .text.UART_ReceivedMSG
                0x000000000800aa5c      0x16c ./MEMS/Target/com.o
                0x000000000800aa5c                UART_ReceivedMSG
 .text.UART_SendMsg
                0x000000000800abc8       0x38 ./MEMS/Target/com.o
                0x000000000800abc8                UART_SendMsg
 .text.UART_StartReceiveMsg
                0x000000000800ac00       0x34 ./MEMS/Target/com.o
                0x000000000800ac00                UART_StartReceiveMsg
 .text.Get_DMA_Flag_Status
                0x000000000800ac34      0x1e0 ./MEMS/Target/com.o
 .text.Get_DMA_Counter
                0x000000000800ae14       0x18 ./MEMS/Target/com.o
 .text.BSP_SENSOR_ACC_Init
                0x000000000800ae2c       0x10 ./MEMS/Target/custom_mems_control.o
                0x000000000800ae2c                BSP_SENSOR_ACC_Init
 .text.BSP_SENSOR_GYR_Init
                0x000000000800ae3c       0x10 ./MEMS/Target/custom_mems_control.o
                0x000000000800ae3c                BSP_SENSOR_GYR_Init
 .text.BSP_SENSOR_MAG_Init
                0x000000000800ae4c        0xc ./MEMS/Target/custom_mems_control.o
                0x000000000800ae4c                BSP_SENSOR_MAG_Init
 .text.BSP_SENSOR_PRESS_Init
                0x000000000800ae58        0xc ./MEMS/Target/custom_mems_control.o
                0x000000000800ae58                BSP_SENSOR_PRESS_Init
 .text.BSP_SENSOR_TEMP_Init
                0x000000000800ae64        0xc ./MEMS/Target/custom_mems_control.o
                0x000000000800ae64                BSP_SENSOR_TEMP_Init
 .text.BSP_SENSOR_HUM_Init
                0x000000000800ae70        0xc ./MEMS/Target/custom_mems_control.o
                0x000000000800ae70                BSP_SENSOR_HUM_Init
 .text.BSP_SENSOR_ACC_Enable
                0x000000000800ae7c       0x10 ./MEMS/Target/custom_mems_control.o
                0x000000000800ae7c                BSP_SENSOR_ACC_Enable
 .text.BSP_SENSOR_GYR_Enable
                0x000000000800ae8c       0x10 ./MEMS/Target/custom_mems_control.o
                0x000000000800ae8c                BSP_SENSOR_GYR_Enable
 .text.BSP_SENSOR_MAG_Enable
                0x000000000800ae9c        0xc ./MEMS/Target/custom_mems_control.o
                0x000000000800ae9c                BSP_SENSOR_MAG_Enable
 .text.BSP_SENSOR_PRESS_Enable
                0x000000000800aea8        0xc ./MEMS/Target/custom_mems_control.o
                0x000000000800aea8                BSP_SENSOR_PRESS_Enable
 .text.BSP_SENSOR_TEMP_Enable
                0x000000000800aeb4        0xc ./MEMS/Target/custom_mems_control.o
                0x000000000800aeb4                BSP_SENSOR_TEMP_Enable
 .text.BSP_SENSOR_HUM_Enable
                0x000000000800aec0        0xc ./MEMS/Target/custom_mems_control.o
                0x000000000800aec0                BSP_SENSOR_HUM_Enable
 .text.BSP_SENSOR_ACC_Disable
                0x000000000800aecc       0x10 ./MEMS/Target/custom_mems_control.o
                0x000000000800aecc                BSP_SENSOR_ACC_Disable
 .text.BSP_SENSOR_GYR_Disable
                0x000000000800aedc       0x10 ./MEMS/Target/custom_mems_control.o
                0x000000000800aedc                BSP_SENSOR_GYR_Disable
 .text.BSP_SENSOR_MAG_Disable
                0x000000000800aeec        0xc ./MEMS/Target/custom_mems_control.o
                0x000000000800aeec                BSP_SENSOR_MAG_Disable
 .text.BSP_SENSOR_PRESS_Disable
                0x000000000800aef8        0xc ./MEMS/Target/custom_mems_control.o
                0x000000000800aef8                BSP_SENSOR_PRESS_Disable
 .text.BSP_SENSOR_TEMP_Disable
                0x000000000800af04        0xc ./MEMS/Target/custom_mems_control.o
                0x000000000800af04                BSP_SENSOR_TEMP_Disable
 .text.BSP_SENSOR_HUM_Disable
                0x000000000800af10        0xc ./MEMS/Target/custom_mems_control.o
                0x000000000800af10                BSP_SENSOR_HUM_Disable
 .text.BSP_SENSOR_ACC_GetAxes
                0x000000000800af1c       0x1a ./MEMS/Target/custom_mems_control.o
                0x000000000800af1c                BSP_SENSOR_ACC_GetAxes
 .text.BSP_SENSOR_GYR_GetAxes
                0x000000000800af36       0x1a ./MEMS/Target/custom_mems_control.o
                0x000000000800af36                BSP_SENSOR_GYR_GetAxes
 .text.BSP_SENSOR_MAG_GetAxes
                0x000000000800af50       0x24 ./MEMS/Target/custom_mems_control.o
                0x000000000800af50                BSP_SENSOR_MAG_GetAxes
 .text.BSP_SENSOR_PRESS_GetValue
                0x000000000800af74       0x12 ./MEMS/Target/custom_mems_control.o
                0x000000000800af74                BSP_SENSOR_PRESS_GetValue
 .text.BSP_SENSOR_TEMP_GetValue
                0x000000000800af86       0x12 ./MEMS/Target/custom_mems_control.o
                0x000000000800af86                BSP_SENSOR_TEMP_GetValue
 .text.BSP_SENSOR_HUM_GetValue
                0x000000000800af98       0x12 ./MEMS/Target/custom_mems_control.o
                0x000000000800af98                BSP_SENSOR_HUM_GetValue
 .text.BSP_SENSOR_ACC_SetOutputDataRate
                0x000000000800afaa       0x1a ./MEMS/Target/custom_mems_control.o
                0x000000000800afaa                BSP_SENSOR_ACC_SetOutputDataRate
 .text.BSP_SENSOR_ACC_SetFullScale
                0x000000000800afc4       0x1a ./MEMS/Target/custom_mems_control.o
                0x000000000800afc4                BSP_SENSOR_ACC_SetFullScale
 .text.BSP_SENSOR_ACC_GetOrientation
                0x000000000800afde       0x28 ./MEMS/Target/custom_mems_control_ex.o
                0x000000000800afde                BSP_SENSOR_ACC_GetOrientation
 .text.BSP_SENSOR_GYR_GetOrientation
                0x000000000800b006       0x28 ./MEMS/Target/custom_mems_control_ex.o
                0x000000000800b006                BSP_SENSOR_GYR_GetOrientation
 .text.BSP_SENSOR_MAG_GetOrientation
                0x000000000800b02e       0x12 ./MEMS/Target/custom_mems_control_ex.o
                0x000000000800b02e                BSP_SENSOR_MAG_GetOrientation
 .text.CUSTOM_MOTION_SENSOR_Init
                0x000000000800b040      0x110 ./MEMS/Target/custom_motion_sensors.o
                0x000000000800b040                CUSTOM_MOTION_SENSOR_Init
 .text.CUSTOM_MOTION_SENSOR_Enable
                0x000000000800b150       0x84 ./MEMS/Target/custom_motion_sensors.o
                0x000000000800b150                CUSTOM_MOTION_SENSOR_Enable
 .text.CUSTOM_MOTION_SENSOR_Disable
                0x000000000800b1d4       0x84 ./MEMS/Target/custom_motion_sensors.o
                0x000000000800b1d4                CUSTOM_MOTION_SENSOR_Disable
 .text.CUSTOM_MOTION_SENSOR_GetAxes
                0x000000000800b258       0x88 ./MEMS/Target/custom_motion_sensors.o
                0x000000000800b258                CUSTOM_MOTION_SENSOR_GetAxes
 .text.CUSTOM_MOTION_SENSOR_SetOutputDataRate
                0x000000000800b2e0       0x88 ./MEMS/Target/custom_motion_sensors.o
                0x000000000800b2e0                CUSTOM_MOTION_SENSOR_SetOutputDataRate
 .text.CUSTOM_MOTION_SENSOR_SetFullScale
                0x000000000800b368       0x88 ./MEMS/Target/custom_motion_sensors.o
                0x000000000800b368                CUSTOM_MOTION_SENSOR_SetFullScale
 .text.LSM6DSOX_0_Probe
                0x000000000800b3f0      0x178 ./MEMS/Target/custom_motion_sensors.o
 .text.BUILD_REPLY_HEADER
                0x000000000800b568       0x2c ./MEMS/Target/demo_serial.o
                0x000000000800b568                BUILD_REPLY_HEADER
 .text.INIT_STREAMING_HEADER
                0x000000000800b594       0x34 ./MEMS/Target/demo_serial.o
                0x000000000800b594                INIT_STREAMING_HEADER
 .text.HandleMSG
                0x000000000800b5c8      0x70c ./MEMS/Target/demo_serial.o
                0x000000000800b5c8                HandleMSG
 .text.RTC_DateRegulate
                0x000000000800bcd4       0x54 ./MEMS/Target/demo_serial.o
                0x000000000800bcd4                RTC_DateRegulate
 .text.RTC_TimeRegulate
                0x000000000800bd28       0x54 ./MEMS/Target/demo_serial.o
                0x000000000800bd28                RTC_TimeRegulate
 .text.Get_PresentationString
                0x000000000800bd7c       0x80 ./MEMS/Target/demo_serial.o
                0x000000000800bd7c                Get_PresentationString
 .text.MotionFX_manager_init
                0x000000000800bdfc       0xb0 ./MEMS/Target/motion_fx_manager.o
                0x000000000800bdfc                MotionFX_manager_init
 .text.MotionFX_manager_run
                0x000000000800beac       0x54 ./MEMS/Target/motion_fx_manager.o
                0x000000000800beac                MotionFX_manager_run
 .text.MotionFX_manager_start_6X
                0x000000000800bf00       0x14 ./MEMS/Target/motion_fx_manager.o
                0x000000000800bf00                MotionFX_manager_start_6X
 .text.MotionFX_manager_stop_6X
                0x000000000800bf14       0x14 ./MEMS/Target/motion_fx_manager.o
                0x000000000800bf14                MotionFX_manager_stop_6X
 .text.MotionFX_manager_start_9X
                0x000000000800bf28       0x14 ./MEMS/Target/motion_fx_manager.o
                0x000000000800bf28                MotionFX_manager_start_9X
 .text.MotionFX_manager_stop_9X
                0x000000000800bf3c       0x14 ./MEMS/Target/motion_fx_manager.o
                0x000000000800bf3c                MotionFX_manager_stop_9X
 .text.MotionFX_manager_get_version
                0x000000000800bf50       0x20 ./MEMS/Target/motion_fx_manager.o
                0x000000000800bf50                MotionFX_manager_get_version
 .text.MotionFX_manager_MagCal_run
                0x000000000800bf70       0x1e ./MEMS/Target/motion_fx_manager.o
                0x000000000800bf70                MotionFX_manager_MagCal_run
 .text.MotionFX_manager_MagCal_start
                0x000000000800bf8e       0x18 ./MEMS/Target/motion_fx_manager.o
                0x000000000800bf8e                MotionFX_manager_MagCal_start
 .text.MotionFX_manager_MagCal_stop
                0x000000000800bfa6       0x18 ./MEMS/Target/motion_fx_manager.o
                0x000000000800bfa6                MotionFX_manager_MagCal_stop
 .text.ByteStuffCopyByte
                0x000000000800bfbe       0x54 ./MEMS/Target/serial_protocol.o
                0x000000000800bfbe                ByteStuffCopyByte
 .text.ByteStuffCopy
                0x000000000800c012       0x5c ./MEMS/Target/serial_protocol.o
                0x000000000800c012                ByteStuffCopy
 .text.ReverseByteStuffCopyByte2
                0x000000000800c06e       0x4c ./MEMS/Target/serial_protocol.o
                0x000000000800c06e                ReverseByteStuffCopyByte2
 .text.CHK_ComputeAndAdd
                0x000000000800c0ba       0x52 ./MEMS/Target/serial_protocol.o
                0x000000000800c0ba                CHK_ComputeAndAdd
 .text.CHK_CheckAndRemove
                0x000000000800c10c       0x52 ./MEMS/Target/serial_protocol.o
                0x000000000800c10c                CHK_CheckAndRemove
 .text.Deserialize
                0x000000000800c15e       0x4a ./MEMS/Target/serial_protocol.o
                0x000000000800c15e                Deserialize
 .text.Serialize_s32
                0x000000000800c1a8       0x46 ./MEMS/Target/serial_protocol.o
                0x000000000800c1a8                Serialize_s32
 *fill*         0x000000000800c1ee        0x2 
 .text.DataHist_parameters
                0x000000000800c1f0      0x164 ../Middlewares/ST/STM32_MotionFX_Library/Lib\MotionFX_CM3_wc32_ot.a(motion_fx.o)
 .text.rotVect  0x000000000800c354       0xcc ../Middlewares/ST/STM32_MotionFX_Library/Lib\MotionFX_CM3_wc32_ot.a(motion_fx.o)
 .text.findAxis
                0x000000000800c420       0xdc ../Middlewares/ST/STM32_MotionFX_Library/Lib\MotionFX_CM3_wc32_ot.a(motion_fx.o)
 *fill*         0x000000000800c4fc        0x4 
 .text.findDirection
                0x000000000800c500      0x258 ../Middlewares/ST/STM32_MotionFX_Library/Lib\MotionFX_CM3_wc32_ot.a(motion_fx.o)
 .text.updateOrientation
                0x000000000800c758      0x10c ../Middlewares/ST/STM32_MotionFX_Library/Lib\MotionFX_CM3_wc32_ot.a(motion_fx.o)
 .text.qmult    0x000000000800c864      0x14c ../Middlewares/ST/STM32_MotionFX_Library/Lib\MotionFX_CM3_wc32_ot.a(motion_fx.o)
 .text.MEMS_setMagIndexToOne
                0x000000000800c9b0       0x8c ../Middlewares/ST/STM32_MotionFX_Library/Lib\MotionFX_CM3_wc32_ot.a(motion_fx.o)
 .text.getRotationMatrix
                0x000000000800ca3c      0x1ec ../Middlewares/ST/STM32_MotionFX_Library/Lib\MotionFX_CM3_wc32_ot.a(motion_fx.o)
 .text.b_dcm2q  0x000000000800cc28      0x1a0 ../Middlewares/ST/STM32_MotionFX_Library/Lib\MotionFX_CM3_wc32_ot.a(motion_fx.o)
 .text.q2hpr    0x000000000800cdc8      0x1a4 ../Middlewares/ST/STM32_MotionFX_Library/Lib\MotionFX_CM3_wc32_ot.a(motion_fx.o)
 .text.llEvaluate.constprop.0
                0x000000000800cf6c      0x11c ../Middlewares/ST/STM32_MotionFX_Library/Lib\MotionFX_CM3_wc32_ot.a(motion_fx.o)
 .text.MEMS_updateMagBufferIndex
                0x000000000800d088      0x118 ../Middlewares/ST/STM32_MotionFX_Library/Lib\MotionFX_CM3_wc32_ot.a(motion_fx.o)
 .text.getMagStats.constprop.0
                0x000000000800d1a0      0x1dc ../Middlewares/ST/STM32_MotionFX_Library/Lib\MotionFX_CM3_wc32_ot.a(motion_fx.o)
 .text.MFX_emptyAttitude
                0x000000000800d37c      0x6b8 ../Middlewares/ST/STM32_MotionFX_Library/Lib\MotionFX_CM3_wc32_ot.a(motion_fx.o)
 .text.output_update
                0x000000000800da34      0x1c8 ../Middlewares/ST/STM32_MotionFX_Library/Lib\MotionFX_CM3_wc32_ot.a(motion_fx.o)
 .text.kalman_3gyro.constprop.0
                0x000000000800dbfc     0x5d70 ../Middlewares/ST/STM32_MotionFX_Library/Lib\MotionFX_CM3_wc32_ot.a(motion_fx.o)
 *fill*         0x000000000801396c        0x4 
 .text.iNemoEngine_API_Update
                0x0000000008013970      0xa74 ../Middlewares/ST/STM32_MotionFX_Library/Lib\MotionFX_CM3_wc32_ot.a(motion_fx.o)
 .text.MEMS_getSensorData_I16
                0x00000000080143e4       0xd4 ../Middlewares/ST/STM32_MotionFX_Library/Lib\MotionFX_CM3_wc32_ot.a(motion_fx.o)
                0x00000000080143e4                MEMS_getSensorData_I16
 .text.MEMS_SolveLinearEq
                0x00000000080144b8      0x540 ../Middlewares/ST/STM32_MotionFX_Library/Lib\MotionFX_CM3_wc32_ot.a(motion_fx.o)
                0x00000000080144b8                MEMS_SolveLinearEq
 .text.MEMS_EIG3
                0x00000000080149f8      0x288 ../Middlewares/ST/STM32_MotionFX_Library/Lib\MotionFX_CM3_wc32_ot.a(motion_fx.o)
                0x00000000080149f8                MEMS_EIG3
 .text.MEMS_runMagCal
                0x0000000008014c80     0x2160 ../Middlewares/ST/STM32_MotionFX_Library/Lib\MotionFX_CM3_wc32_ot.a(motion_fx.o)
                0x0000000008014c80                MEMS_runMagCal
 .text.MotionFX_GetStateSize
                0x0000000008016de0        0x8 ../Middlewares/ST/STM32_MotionFX_Library/Lib\MotionFX_CM3_wc32_ot.a(motion_fx.o)
                0x0000000008016de0                MotionFX_GetStateSize
 .text.MotionFX_initialize
                0x0000000008016de8      0x138 ../Middlewares/ST/STM32_MotionFX_Library/Lib\MotionFX_CM3_wc32_ot.a(motion_fx.o)
                0x0000000008016de8                MotionFX_initialize
 .text.MotionFX_setKnobs
                0x0000000008016f20       0x98 ../Middlewares/ST/STM32_MotionFX_Library/Lib\MotionFX_CM3_wc32_ot.a(motion_fx.o)
                0x0000000008016f20                MotionFX_setKnobs
 .text.MotionFX_getKnobs
                0x0000000008016fb8       0x78 ../Middlewares/ST/STM32_MotionFX_Library/Lib\MotionFX_CM3_wc32_ot.a(motion_fx.o)
                0x0000000008016fb8                MotionFX_getKnobs
 .text.MotionFX_enable_6X
                0x0000000008017030       0x40 ../Middlewares/ST/STM32_MotionFX_Library/Lib\MotionFX_CM3_wc32_ot.a(motion_fx.o)
                0x0000000008017030                MotionFX_enable_6X
 .text.MotionFX_enable_9X
                0x0000000008017070       0x40 ../Middlewares/ST/STM32_MotionFX_Library/Lib\MotionFX_CM3_wc32_ot.a(motion_fx.o)
                0x0000000008017070                MotionFX_enable_9X
 .text.MotionFX_update
                0x00000000080170b0       0x18 ../Middlewares/ST/STM32_MotionFX_Library/Lib\MotionFX_CM3_wc32_ot.a(motion_fx.o)
                0x00000000080170b0                MotionFX_update
 .text.MotionFX_propagate
                0x00000000080170c8      0x348 ../Middlewares/ST/STM32_MotionFX_Library/Lib\MotionFX_CM3_wc32_ot.a(motion_fx.o)
                0x00000000080170c8                MotionFX_propagate
 .text.MotionFX_MagCal_init
                0x0000000008017410      0x120 ../Middlewares/ST/STM32_MotionFX_Library/Lib\MotionFX_CM3_wc32_ot.a(motion_fx.o)
                0x0000000008017410                MotionFX_MagCal_init
 .text.MotionFX_MagCal_run
                0x0000000008017530      0x480 ../Middlewares/ST/STM32_MotionFX_Library/Lib\MotionFX_CM3_wc32_ot.a(motion_fx.o)
                0x0000000008017530                MotionFX_MagCal_run
 .text.MotionFX_MagCal_getParams
                0x00000000080179b0       0x84 ../Middlewares/ST/STM32_MotionFX_Library/Lib\MotionFX_CM3_wc32_ot.a(motion_fx.o)
                0x00000000080179b0                MotionFX_MagCal_getParams
 .text.MotionFX_GetLibVersion
                0x0000000008017a34       0x48 ../Middlewares/ST/STM32_MotionFX_Library/Lib\MotionFX_CM3_wc32_ot.a(motion_fx.o)
                0x0000000008017a34                MotionFX_GetLibVersion
 .text.__errno  0x0000000008017a7c        0xc c:/st/stm32cubeide_1.10.0/stm32cubeide/plugins/com.st.stm32cube.ide.mcu.externaltools.gnu-tools-for-stm32.10.3-2021.10.win32_1.0.0.202111181127/tools/bin/../lib/gcc/arm-none-eabi/10.3.1/../../../../arm-none-eabi/lib/thumb/v7e-m/nofp\libc_nano.a(lib_a-errno.o)
                0x0000000008017a7c                __errno
 .text.__libc_init_array
                0x0000000008017a88       0x48 c:/st/stm32cubeide_1.10.0/stm32cubeide/plugins/com.st.stm32cube.ide.mcu.externaltools.gnu-tools-for-stm32.10.3-2021.10.win32_1.0.0.202111181127/tools/bin/../lib/gcc/arm-none-eabi/10.3.1/../../../../arm-none-eabi/lib/thumb/v7e-m/nofp\libc_nano.a(lib_a-init.o)
                0x0000000008017a88                __libc_init_array
 .text.memcpy   0x0000000008017ad0       0x1c c:/st/stm32cubeide_1.10.0/stm32cubeide/plugins/com.st.stm32cube.ide.mcu.externaltools.gnu-tools-for-stm32.10.3-2021.10.win32_1.0.0.202111181127/tools/bin/../lib/gcc/arm-none-eabi/10.3.1/../../../../arm-none-eabi/lib/thumb/v7e-m/nofp\libc_nano.a(lib_a-memcpy-stub.o)
                0x0000000008017ad0                memcpy
 .text.memset   0x0000000008017aec       0x10 c:/st/stm32cubeide_1.10.0/stm32cubeide/plugins/com.st.stm32cube.ide.mcu.externaltools.gnu-tools-for-stm32.10.3-2021.10.win32_1.0.0.202111181127/tools/bin/../lib/gcc/arm-none-eabi/10.3.1/../../../../arm-none-eabi/lib/thumb/v7e-m/nofp\libc_nano.a(lib_a-memset.o)
                0x0000000008017aec                memset
 .text.snprintf
                0x0000000008017afc       0x68 c:/st/stm32cubeide_1.10.0/stm32cubeide/plugins/com.st.stm32cube.ide.mcu.externaltools.gnu-tools-for-stm32.10.3-2021.10.win32_1.0.0.202111181127/tools/bin/../lib/gcc/arm-none-eabi/10.3.1/../../../../arm-none-eabi/lib/thumb/v7e-m/nofp\libc_nano.a(lib_a-snprintf.o)
                0x0000000008017afc                sniprintf
                0x0000000008017afc                snprintf
 .text.__ssputs_r
                0x0000000008017b64       0xb6 c:/st/stm32cubeide_1.10.0/stm32cubeide/plugins/com.st.stm32cube.ide.mcu.externaltools.gnu-tools-for-stm32.10.3-2021.10.win32_1.0.0.202111181127/tools/bin/../lib/gcc/arm-none-eabi/10.3.1/../../../../arm-none-eabi/lib/thumb/v7e-m/nofp\libc_nano.a(lib_a-nano-svfprintf.o)
                0x0000000008017b64                __ssputs_r
 *fill*         0x0000000008017c1a        0x2 
 .text._svfprintf_r
                0x0000000008017c1c      0x200 c:/st/stm32cubeide_1.10.0/stm32cubeide/plugins/com.st.stm32cube.ide.mcu.externaltools.gnu-tools-for-stm32.10.3-2021.10.win32_1.0.0.202111181127/tools/bin/../lib/gcc/arm-none-eabi/10.3.1/../../../../arm-none-eabi/lib/thumb/v7e-m/nofp\libc_nano.a(lib_a-nano-svfprintf.o)
                0x0000000008017c1c                _svfiprintf_r
                0x0000000008017c1c                _svfprintf_r
 .text._printf_common
                0x0000000008017e1c       0xda c:/st/stm32cubeide_1.10.0/stm32cubeide/plugins/com.st.stm32cube.ide.mcu.externaltools.gnu-tools-for-stm32.10.3-2021.10.win32_1.0.0.202111181127/tools/bin/../lib/gcc/arm-none-eabi/10.3.1/../../../../arm-none-eabi/lib/thumb/v7e-m/nofp\libc_nano.a(lib_a-nano-vfprintf_i.o)
                0x0000000008017e1c                _printf_common
 *fill*         0x0000000008017ef6        0x2 
 .text._printf_i
                0x0000000008017ef8      0x24c c:/st/stm32cubeide_1.10.0/stm32cubeide/plugins/com.st.stm32cube.ide.mcu.externaltools.gnu-tools-for-stm32.10.3-2021.10.win32_1.0.0.202111181127/tools/bin/../lib/gcc/arm-none-eabi/10.3.1/../../../../arm-none-eabi/lib/thumb/v7e-m/nofp\libc_nano.a(lib_a-nano-vfprintf_i.o)
                0x0000000008017ef8                _printf_i
 .text.memmove  0x0000000008018144       0x34 c:/st/stm32cubeide_1.10.0/stm32cubeide/plugins/com.st.stm32cube.ide.mcu.externaltools.gnu-tools-for-stm32.10.3-2021.10.win32_1.0.0.202111181127/tools/bin/../lib/gcc/arm-none-eabi/10.3.1/../../../../arm-none-eabi/lib/thumb/v7e-m/nofp\libc_nano.a(lib_a-memmove.o)
                0x0000000008018144                memmove
 .text._free_r  0x0000000008018178       0x94 c:/st/stm32cubeide_1.10.0/stm32cubeide/plugins/com.st.stm32cube.ide.mcu.externaltools.gnu-tools-for-stm32.10.3-2021.10.win32_1.0.0.202111181127/tools/bin/../lib/gcc/arm-none-eabi/10.3.1/../../../../arm-none-eabi/lib/thumb/v7e-m/nofp\libc_nano.a(lib_a-nano-freer.o)
                0x0000000008018178                _free_r
 .text.sbrk_aligned
                0x000000000801820c       0x40 c:/st/stm32cubeide_1.10.0/stm32cubeide/plugins/com.st.stm32cube.ide.mcu.externaltools.gnu-tools-for-stm32.10.3-2021.10.win32_1.0.0.202111181127/tools/bin/../lib/gcc/arm-none-eabi/10.3.1/../../../../arm-none-eabi/lib/thumb/v7e-m/nofp\libc_nano.a(lib_a-nano-mallocr.o)
 .text._malloc_r
                0x000000000801824c       0xe8 c:/st/stm32cubeide_1.10.0/stm32cubeide/plugins/com.st.stm32cube.ide.mcu.externaltools.gnu-tools-for-stm32.10.3-2021.10.win32_1.0.0.202111181127/tools/bin/../lib/gcc/arm-none-eabi/10.3.1/../../../../arm-none-eabi/lib/thumb/v7e-m/nofp\libc_nano.a(lib_a-nano-mallocr.o)
                0x000000000801824c                _malloc_r
 .text._realloc_r
                0x0000000008018334       0x5e c:/st/stm32cubeide_1.10.0/stm32cubeide/plugins/com.st.stm32cube.ide.mcu.externaltools.gnu-tools-for-stm32.10.3-2021.10.win32_1.0.0.202111181127/tools/bin/../lib/gcc/arm-none-eabi/10.3.1/../../../../arm-none-eabi/lib/thumb/v7e-m/nofp\libc_nano.a(lib_a-nano-reallocr.o)
                0x0000000008018334                _realloc_r