../MEMS/App/app_mems.c:58:6:MX_MEMS_Init	8	static
../MEMS/App/app_mems.c:80:6:MX_MEMS_Process	8	static
../MEMS/App/app_mems.c:97:6:MX_DataLogTerminal_Init	48	static
../MEMS/App/app_mems.c:158:6:BSP_PB_Callback	16	static
../MEMS/App/app_mems.c:167:6:MX_DataLogTerminal_Process	16	static
../MEMS/App/app_mems.c:217:13:floatToInt	32	static
../MEMS/App/app_mems.c:239:13:Motion_Accelero_Sensor_Handler	88	static
../MEMS/App/app_mems.c:306:13:Motion_Gyro_Sensor_Handler	88	static
../MEMS/App/app_mems.c:373:13:Motion_Magneto_Sensor_Handler	88	static
