../Drivers/STM32WLxx_HAL_Driver/Inc/stm32wlxx_ll_bus.h:449:22:LL_AHB2_GRP1_EnableClock	24	static
../Drivers/STM32WLxx_HAL_Driver/Inc/stm32wlxx_ll_bus.h:935:22:LL_APB1_GRP2_EnableClock	24	static
../Drivers/STM32WLxx_HAL_Driver/Inc/stm32wlxx_ll_bus.h:1034:22:LL_APB1_GRP2_DisableClock	16	static
../Drivers/BSP/STM32WLxx_Nucleo/stm32wlxx_nucleo.c:94:9:BSP_GetVersion	4	static
../Drivers/BSP/STM32WLxx_Nucleo/stm32wlxx_nucleo.c:106:9:BSP_LED_Init	16	static
../Drivers/BSP/STM32WLxx_Nucleo/stm32wlxx_nucleo.c:121:9:BSP_LED_DeInit	40	static
../Drivers/BSP/STM32WLxx_Nucleo/stm32wlxx_nucleo.c:144:9:BSP_LED_On	16	static
../Drivers/BSP/STM32WLxx_Nucleo/stm32wlxx_nucleo.c:161:9:BSP_LED_Off	16	static
../Drivers/BSP/STM32WLxx_Nucleo/stm32wlxx_nucleo.c:178:9:BSP_LED_Toggle	16	static
../Drivers/BSP/STM32WLxx_Nucleo/stm32wlxx_nucleo.c:195:9:BSP_LED_GetState	16	static
../Drivers/BSP/STM32WLxx_Nucleo/stm32wlxx_nucleo.c:203:13:LED_USER_GPIO_Init	32	static
../Drivers/BSP/STM32WLxx_Nucleo/stm32wlxx_nucleo.c:237:9:BSP_PB_Init	24	static
../Drivers/BSP/STM32WLxx_Nucleo/stm32wlxx_nucleo.c:277:9:BSP_PB_DeInit	40	static
../Drivers/BSP/STM32WLxx_Nucleo/stm32wlxx_nucleo.c:295:9:BSP_PB_GetState	16	static
../Drivers/BSP/STM32WLxx_Nucleo/stm32wlxx_nucleo.c:304:6:BSP_PB_IRQHandler	16	static
../Drivers/BSP/STM32WLxx_Nucleo/stm32wlxx_nucleo.c:314:13:BSP_PB_Callback	16	static
../Drivers/BSP/STM32WLxx_Nucleo/stm32wlxx_nucleo.c:327:13:BUTTON_USER_EXTI_Callback	8	static
../Drivers/BSP/STM32WLxx_Nucleo/stm32wlxx_nucleo.c:336:13:BUTTON_USER_GPIO_Init	32	static
../Drivers/BSP/STM32WLxx_Nucleo/stm32wlxx_nucleo.c:363:9:BSP_COM_Init	24	static
../Drivers/BSP/STM32WLxx_Nucleo/stm32wlxx_nucleo.c:401:9:BSP_COM_DeInit	24	static
../Drivers/BSP/STM32WLxx_Nucleo/stm32wlxx_nucleo.c:438:26:MX_LPUART1_UART_Init	24	static
../Drivers/BSP/STM32WLxx_Nucleo/stm32wlxx_nucleo.c:558:9:BSP_COM_SelectLogPort	16	static
../Drivers/BSP/STM32WLxx_Nucleo/stm32wlxx_nucleo.c:604:5:__io_putchar	16	static
../Drivers/BSP/STM32WLxx_Nucleo/stm32wlxx_nucleo.c:618:13:LPUART1_MspInit	96	static
../Drivers/BSP/STM32WLxx_Nucleo/stm32wlxx_nucleo.c:693:13:LPUART1_MspDeInit	16	static
