../Drivers/STM32WLxx_HAL_Driver/Inc/stm32wlxx_ll_bus.h:449:22:LL_AHB2_GRP1_EnableClock	24	static
../Drivers/STM32WLxx_HAL_Driver/Inc/stm32wlxx_ll_bus.h:914:22:LL_APB1_GRP1_EnableClock	24	static
../Drivers/STM32WLxx_HAL_Driver/Inc/stm32wlxx_ll_bus.h:1018:22:LL_APB1_GRP1_DisableClock	16	static
../Core/Src/shub_v3_0.c:211:6:shub_power_i2c_on	8	static
../Core/Src/shub_v3_0.c:219:6:shub_power_i2c_off	8	static
../Core/Src/shub_v3_0.c:225:6:shub_power_i2c_mlc_on	8	static
../Core/Src/shub_v3_0.c:233:6:shub_power_i2c_mlc_off	8	static
../Core/Src/shub_v3_0.c:239:6:shub_init	32	static
../Core/Src/shub_v3_0.c:275:13:io_init	32	static
../Core/Src/shub_v3_0.c:323:6:HAL_I2C_MspInit	40	static
../Core/Src/shub_v3_0.c:351:6:HAL_I2C_MspDeInit	16	static
