Archive member included to satisfy reference by file (symbol)

c:/st/stm32cubeide_1.10.0/stm32cubeide/plugins/com.st.stm32cube.ide.mcu.externaltools.gnu-tools-for-stm32.10.3-2021.10.win32_1.0.0.202111181127/tools/bin/../lib/gcc/arm-none-eabi/10.3.1/../../../../arm-none-eabi/lib/thumb/v7e-m/nofp\libc_nano.a(lib_a-errno.o)
                              ./Core/Src/syscalls.o (__errno)
c:/st/stm32cubeide_1.10.0/stm32cubeide/plugins/com.st.stm32cube.ide.mcu.externaltools.gnu-tools-for-stm32.10.3-2021.10.win32_1.0.0.202111181127/tools/bin/../lib/gcc/arm-none-eabi/10.3.1/../../../../arm-none-eabi/lib/thumb/v7e-m/nofp\libc_nano.a(lib_a-exit.o)
                              c:/st/stm32cubeide_1.10.0/stm32cubeide/plugins/com.st.stm32cube.ide.mcu.externaltools.gnu-tools-for-stm32.10.3-2021.10.win32_1.0.0.202111181127/tools/bin/../lib/gcc/arm-none-eabi/10.3.1/../../../../arm-none-eabi/lib/thumb/v7e-m/nofp/crt0.o (exit)
c:/st/stm32cubeide_1.10.0/stm32cubeide/plugins/com.st.stm32cube.ide.mcu.externaltools.gnu-tools-for-stm32.10.3-2021.10.win32_1.0.0.202111181127/tools/bin/../lib/gcc/arm-none-eabi/10.3.1/../../../../arm-none-eabi/lib/thumb/v7e-m/nofp\libc_nano.a(lib_a-impure.o)
                              c:/st/stm32cubeide_1.10.0/stm32cubeide/plugins/com.st.stm32cube.ide.mcu.externaltools.gnu-tools-for-stm32.10.3-2021.10.win32_1.0.0.202111181127/tools/bin/../lib/gcc/arm-none-eabi/10.3.1/../../../../arm-none-eabi/lib/thumb/v7e-m/nofp\libc_nano.a(lib_a-exit.o) (_global_impure_ptr)
c:/st/stm32cubeide_1.10.0/stm32cubeide/plugins/com.st.stm32cube.ide.mcu.externaltools.gnu-tools-for-stm32.10.3-2021.10.win32_1.0.0.202111181127/tools/bin/../lib/gcc/arm-none-eabi/10.3.1/../../../../arm-none-eabi/lib/thumb/v7e-m/nofp\libc_nano.a(lib_a-init.o)
                              c:/st/stm32cubeide_1.10.0/stm32cubeide/plugins/com.st.stm32cube.ide.mcu.externaltools.gnu-tools-for-stm32.10.3-2021.10.win32_1.0.0.202111181127/tools/bin/../lib/gcc/arm-none-eabi/10.3.1/../../../../arm-none-eabi/lib/thumb/v7e-m/nofp/crt0.o (__libc_init_array)
c:/st/stm32cubeide_1.10.0/stm32cubeide/plugins/com.st.stm32cube.ide.mcu.externaltools.gnu-tools-for-stm32.10.3-2021.10.win32_1.0.0.202111181127/tools/bin/../lib/gcc/arm-none-eabi/10.3.1/../../../../arm-none-eabi/lib/thumb/v7e-m/nofp\libc_nano.a(lib_a-memset.o)
                              c:/st/stm32cubeide_1.10.0/stm32cubeide/plugins/com.st.stm32cube.ide.mcu.externaltools.gnu-tools-for-stm32.10.3-2021.10.win32_1.0.0.202111181127/tools/bin/../lib/gcc/arm-none-eabi/10.3.1/../../../../arm-none-eabi/lib/thumb/v7e-m/nofp/crt0.o (memset)
c:/st/stm32cubeide_1.10.0/stm32cubeide/plugins/com.st.stm32cube.ide.mcu.externaltools.gnu-tools-for-stm32.10.3-2021.10.win32_1.0.0.202111181127/tools/bin/../lib/gcc/arm-none-eabi/10.3.1/../../../../arm-none-eabi/lib/thumb/v7e-m/nofp\libc_nano.a(lib_a-printf.o)
                              ./MEMS/App/app_mems.o (printf)
c:/st/stm32cubeide_1.10.0/stm32cubeide/plugins/com.st.stm32cube.ide.mcu.externaltools.gnu-tools-for-stm32.10.3-2021.10.win32_1.0.0.202111181127/tools/bin/../lib/gcc/arm-none-eabi/10.3.1/../../../../arm-none-eabi/lib/thumb/v7e-m/nofp\libc_nano.a(lib_a-puts.o)
                              ./Core/Src/stm32wlxx_it.o (puts)
c:/st/stm32cubeide_1.10.0/stm32cubeide/plugins/com.st.stm32cube.ide.mcu.externaltools.gnu-tools-for-stm32.10.3-2021.10.win32_1.0.0.202111181127/tools/bin/../lib/gcc/arm-none-eabi/10.3.1/../../../../arm-none-eabi/lib/thumb/v7e-m/nofp\libc_nano.a(lib_a-snprintf.o)
                              ./MEMS/App/app_mems.o (snprintf)
c:/st/stm32cubeide_1.10.0/stm32cubeide/plugins/com.st.stm32cube.ide.mcu.externaltools.gnu-tools-for-stm32.10.3-2021.10.win32_1.0.0.202111181127/tools/bin/../lib/gcc/arm-none-eabi/10.3.1/../../../../arm-none-eabi/lib/thumb/v7e-m/nofp\libc_nano.a(lib_a-sprintf.o)
                              ./Core/Src/lsm6dsox_mlc.o (sprintf)
c:/st/stm32cubeide_1.10.0/stm32cubeide/plugins/com.st.stm32cube.ide.mcu.externaltools.gnu-tools-for-stm32.10.3-2021.10.win32_1.0.0.202111181127/tools/bin/../lib/gcc/arm-none-eabi/10.3.1/../../../../arm-none-eabi/lib/thumb/v7e-m/nofp\libc_nano.a(lib_a-strlen.o)
                              ./Core/Src/lsm6dsox_mlc.o (strlen)
c:/st/stm32cubeide_1.10.0/stm32cubeide/plugins/com.st.stm32cube.ide.mcu.externaltools.gnu-tools-for-stm32.10.3-2021.10.win32_1.0.0.202111181127/tools/bin/../lib/gcc/arm-none-eabi/10.3.1/../../../../arm-none-eabi/lib/thumb/v7e-m/nofp\libc_nano.a(lib_a-wbuf.o)
                              c:/st/stm32cubeide_1.10.0/stm32cubeide/plugins/com.st.stm32cube.ide.mcu.externaltools.gnu-tools-for-stm32.10.3-2021.10.win32_1.0.0.202111181127/tools/bin/../lib/gcc/arm-none-eabi/10.3.1/../../../../arm-none-eabi/lib/thumb/v7e-m/nofp\libc_nano.a(lib_a-puts.o) (__swbuf_r)
[...]
Memory Configuration

Name             Origin             Length             Attributes
RAM              0x0000000020000000 0x0000000000010000 xrw
RAM2             0x0000000010000000 0x0000000000008000 xrw
FLASH            0x0000000008000000 0x0000000000040000 xr
*default*        0x0000000000000000 0xffffffffffffffff

Linker script and memory map

LOAD c:/st/stm32cubeide_1.10.0/stm32cubeide/plugins/com.st.stm32cube.ide.mcu.externaltools.gnu-tools-for-stm32.10.3-2021.10.win32_1.0.0.202111181127/tools/bin/../lib/gcc/arm-none-eabi/10.3.1/thumb/v7e-m/nofp/crti.o
LOAD c:/st/stm32cubeide_1.10.0/stm32cubeide/plugins/com.st.stm32cube.ide.mcu.externaltools.gnu-tools-for-stm32.10.3-2021.10.win32_1.0.0.202111181127/tools/bin/../lib/gcc/arm-none-eabi/10.3.1/thumb/v7e-m/nofp/crtbegin.o
LOAD c:/st/stm32cubeide_1.10.0/stm32cubeide/plugins/com.st.stm32cube.ide.mcu.externaltools.gnu-tools-for-stm32.10.3-2021.10.win32_1.0.0.202111181127/tools/bin/../lib/gcc/arm-none-eabi/10.3.1/../../../../arm-none-eabi/lib/thumb/v7e-m/nofp/crt0.o
LOAD ./Core/Src/lsm6dsox_mlc.o
LOAD ./Core/Src/main.o
LOAD ./Core/Src/shub_v3_0.o
LOAD ./Core/Src/stm32wlxx_hal_msp.o
LOAD ./Core/Src/stm32wlxx_it.o
LOAD ./Core/Src/stm32wlxx_nucleo_bus.o
LOAD ./Core/Src/syscalls.o
LOAD ./Core/Src/sysmem.o
LOAD ./Core/Src/system_stm32wlxx.o
LOAD ./Core/Startup/startup_stm32wl55jcix.o
LOAD ./Drivers/BSP/Components/lsm6dsox/lsm6dsox.o
LOAD ./Drivers/BSP/Components/lsm6dsox/lsm6dsox_reg.o
LOAD ./Drivers/BSP/STM32WLxx_Nucleo/stm32wlxx_nucleo.o
LOAD ./Drivers/STM32WLxx_HAL_Driver/Src/stm32wlxx_hal.o
LOAD ./Drivers/STM32WLxx_HAL_Driver/Src/stm32wlxx_hal_cortex.o
LOAD ./Drivers/STM32WLxx_HAL_Driver/Src/stm32wlxx_hal_crc.o
LOAD ./Drivers/STM32WLxx_HAL_Driver/Src/stm32wlxx_hal_crc_ex.o
LOAD ./Drivers/STM32WLxx_HAL_Driver/Src/stm32wlxx_hal_dma.o
LOAD ./Drivers/STM32WLxx_HAL_Driver/Src/stm32wlxx_hal_dma_ex.o
LOAD ./Drivers/STM32WLxx_HAL_Driver/Src/stm32wlxx_hal_exti.o
LOAD ./Drivers/STM32WLxx_HAL_Driver/Src/stm32wlxx_hal_flash.o
LOAD ./Drivers/STM32WLxx_HAL_Driver/Src/stm32wlxx_hal_flash_ex.o
LOAD ./Drivers/STM32WLxx_HAL_Driver/Src/stm32wlxx_hal_gpio.o
LOAD ./Drivers/STM32WLxx_HAL_Driver/Src/stm32wlxx_hal_i2c.o
LOAD ./Drivers/STM32WLxx_HAL_Driver/Src/stm32wlxx_hal_i2c_ex.o
LOAD ./Drivers/STM32WLxx_HAL_Driver/Src/stm32wlxx_hal_pwr.o
LOAD ./Drivers/STM32WLxx_HAL_Driver/Src/stm32wlxx_hal_pwr_ex.o
LOAD ./Drivers/STM32WLxx_HAL_Driver/Src/stm32wlxx_hal_rcc.o
LOAD ./Drivers/STM32WLxx_HAL_Driver/Src/stm32wlxx_hal_rcc_ex.o
LOAD ./Drivers/STM32WLxx_HAL_Driver/Src/stm32wlxx_hal_rtc.o
LOAD ./Drivers/STM32WLxx_HAL_Driver/Src/stm32wlxx_hal_rtc_ex.o
LOAD ./Drivers/STM32WLxx_HAL_Driver/Src/stm32wlxx_hal_tim.o
LOAD ./Drivers/STM32WLxx_HAL_Driver/Src/stm32wlxx_hal_tim_ex.o
LOAD ./Drivers/STM32WLxx_HAL_Driver/Src/stm32wlxx_hal_uart.o
LOAD ./Drivers/STM32WLxx_HAL_Driver/Src/stm32wlxx_hal_uart_ex.o
LOAD ./MEMS/App/app_mems.o
LOAD ./MEMS/Target/custom_motion_sensors.o
LOAD ./MEMS/Target/custom_motion_sensors_ex.o
START GROUP
LOAD ../Middlewares/ST/STM32_MotionFX_Library/Lib\MotionFX_CM3_wc32_ot.a
LOAD ../Middlewares/ST/STM32_MotionAC_Library/Lib\MotionAC_CM3_wc32_ot.a
LOAD ../Middlewares/ST/STM32_MotionGR_Library/Lib\MotionGR_CM3_wc32_ot.a
END GROUP
START GROUP
LOAD c:/st/stm32cubeide_1.10.0/stm32cubeide/plugins/com.st.stm32cube.ide.mcu.externaltools.gnu-tools-for-stm32.10.3-2021.10.win32_1.0.0.202111181127/tools/bin/../lib/gcc/arm-none-eabi/10.3.1/../../../../arm-none-eabi/lib/thumb/v7e-m/nofp\libc_nano.a
LOAD c:/st/stm32cubeide_1.10.0/stm32cubeide/plugins/com.st.stm32cube.ide.mcu.externaltools.gnu-tools-for-stm32.10.3-2021.10.win32_1.0.0.202111181127/tools/bin/../lib/gcc/arm-none-eabi/10.3.1/../../../../arm-none-eabi/lib/thumb/v7e-m/nofp\libm.a
END GROUP
START GROUP
LOAD c:/st/stm32cubeide_1.10.0/stm32cubeide/plugins/com.st.stm32cube.ide.mcu.externaltools.gnu-tools-for-stm32.10.3-2021.10.win32_1.0.0.202111181127/tools/bin/../lib/gcc/arm-none-eabi/10.3.1/thumb/v7e-m/nofp\libgcc.a
LOAD c:/st/stm32cubeide_1.10.0/stm32cubeide/plugins/com.st.stm32cube.ide.mcu.externaltools.gnu-tools-for-stm32.10.3-2021.10.win32_1.0.0.202111181127/tools/bin/../lib/gcc/arm-none-eabi/10.3.1/../../../../arm-none-eabi/lib/thumb/v7e-m/nofp\libc_nano.a
END GROUP
START GROUP
LOAD c:/st/stm32cubeide_1.10.0/stm32cubeide/plugins/com.st.stm32cube.ide.mcu.externaltools.gnu-tools-for-stm32.10.3-2021.10.win32_1.0.0.202111181127/tools/bin/../lib/gcc/arm-none-eabi/10.3.1/thumb/v7e-m/nofp\libgcc.a
LOAD c:/st/stm32cubeide_1.10.0/stm32cubeide/plugins/com.st.stm32cube.ide.mcu.externaltools.gnu-tools-for-stm32.10.3-2021.10.win32_1.0.0.202111181127/tools/bin/../lib/gcc/arm-none-eabi/10.3.1/../../../../arm-none-eabi/lib/thumb/v7e-m/nofp\libc_nano.a
LOAD c:/st/stm32cubeide_1.10.0/stm32cubeide/plugins/com.st.stm32cube.ide.mcu.externaltools.gnu-tools-for-stm32.10.3-2021.10.win32_1.0.0.202111181127/tools/bin/../lib/gcc/arm-none-eabi/10.3.1/../../../../arm-none-eabi/lib/thumb/v7e-m/nofp\libnosys.a
END GROUP
START GROUP
LOAD c:/st/stm32cubeide_1.10.0/stm32cubeide/plugins/com.st.stm32cube.ide.mcu.externaltools.gnu-tools-for-stm32.10.3-2021.10.win32_1.0.0.202111181127/tools/bin/../lib/gcc/arm-none-eabi/10.3.1/thumb/v7e-m/nofp\libgcc.a
LOAD c:/st/stm32cubeide_1.10.0/stm32cubeide/plugins/com.st.stm32cube.ide.mcu.externaltools.gnu-tools-for-stm32.10.3-2021.10.win32_1.0.0.202111181127/tools/bin/../lib/gcc/arm-none-eabi/10.3.1/../../../../arm-none-eabi/lib/thumb/v7e-m/nofp\libc_nano.a
LOAD c:/st/stm32cubeide_1.10.0/stm32cubeide/plugins/com.st.stm32cube.ide.mcu.externaltools.gnu-tools-for-stm32.10.3-2021.10.win32_1.0.0.202111181127/tools/bin/../lib/gcc/arm-none-eabi/10.3.1/../../../../arm-none-eabi/lib/thumb/v7e-m/nofp\libnosys.a
END GROUP
LOAD c:/st/stm32cubeide_1.10.0/stm32cubeide/plugins/com.st.stm32cube.ide.mcu.externaltools.gnu-tools-for-stm32.10.3-2021.10.win32_1.0.0.202111181127/tools/bin/../lib/gcc/arm-none-eabi/10.3.1/thumb/v7e-m/nofp/crtend.o
LOAD c:/st/stm32cubeide_1.10.0/stm32cubeide/plugins/com.st.stm32cube.ide.mcu.externaltools.gnu-tools-for-stm32.10.3-2021.10.win32_1.0.0.202111181127/tools/bin/../lib/gcc/arm-none-eabi/10.3.1/thumb/v7e-m/nofp/crtn.o
                0x0000000020010000                _estack = (ORIGIN (RAM) + LENGTH (RAM))
                0x0000000000000200                _Min_Heap_Size = 0x200
                0x0000000000000800                _Min_Stack_Size = 0x800

.isr_vector     0x0000000008000000      0x138
                0x0000000008000000                . = ALIGN (0x4)
 *(.isr_vector)
 .isr_vector    0x0000000008000000      0x138 ./Core/Startup/startup_stm32wl55jcix.o
                0x0000000008000000                g_pfnVectors
                0x0000000008000138                . = ALIGN (0x4)

.text           0x0000000008000140     0xe4e4
                0x0000000008000140                . = ALIGN (0x4)
 *(.text)
 .text          0x0000000008000140       0x40 c:/st/stm32cubeide_1.10.0/stm32cubeide/plugins/com.st.stm32cube.ide.mcu.externaltools.gnu-tools-for-stm32.10.3-2021.10.win32_1.0.0.202111181127/tools/bin/../lib/gcc/arm-none-eabi/10.3.1/thumb/v7e-m/nofp/crtbegin.o
 .text          0x0000000008000180       0x10 c:/st/stm32cubeide_1.10.0/stm32cubeide/plugins/com.st.stm32cube.ide.mcu.externaltools.gnu-tools-for-stm32.10.3-2021.10.win32_1.0.0.202111181127/tools/bin/../lib/gcc/arm-none-eabi/10.3.1/../../../../arm-none-eabi/lib/thumb/v7e-m/nofp\libc_nano.a(lib_a-strlen.o)
                0x0000000008000180                strlen
 .text          0x0000000008000190       0xa0 c:/st/stm32cubeide_1.10.0/stm32cubeide/plugins/com.st.stm32cube.ide.mcu.externaltools.gnu-tools-for-stm32.10.3-2021.10.win32_1.0.0.202111181127/tools/bin/../lib/gcc/arm-none-eabi/10.3.1/../../../../arm-none-eabi/lib/thumb/v7e-m/nofp\libc_nano.a(lib_a-memchr.o)
                0x0000000008000190                memchr
 .text          0x0000000008000230      0x378 c:/st/stm32cubeide_1.10.0/stm32cubeide/plugins/com.st.stm32cube.ide.mcu.externaltools.gnu-tools-for-stm32.10.3-2021.10.win32_1.0.0.202111181127/tools/bin/../lib/gcc/arm-none-eabi/10.3.1/thumb/v7e-m/nofp\libgcc.a(_arm_addsubdf3.o)
                0x0000000008000230                __aeabi_drsub
                0x0000000008000238                __aeabi_dsub
                0x0000000008000238                __subdf3
                0x000000000800023c                __aeabi_dadd
                0x000000000800023c                __adddf3
                0x00000000080004b4                __floatunsidf
                0x00000000080004b4                __aeabi_ui2d
                0x00000000080004d4                __floatsidf
                0x00000000080004d4                __aeabi_i2d
                0x00000000080004f8                __aeabi_f2d
                0x00000000080004f8                __extendsfdf2
                0x000000000800053c                __floatundidf
                0x000000000800053c                __aeabi_ul2d
                0x000000000800054c                __floatdidf
                0x000000000800054c                __aeabi_l2d
 .text          0x00000000080005a8      0x424 c:/st/stm32cubeide_1.10.0/stm32cubeide/plugins/com.st.stm32cube.ide.mcu.externaltools.gnu-tools-for-stm32.10.3-2021.10.win32_1.0.0.202111181127/tools/bin/../lib/gcc/arm-none-eabi/10.3.1/thumb/v7e-m/nofp\libgcc.a(_arm_muldivdf3.o)
                0x00000000080005a8                __aeabi_dmul
                0x00000000080005a8                __muldf3
                0x00000000080007fc                __divdf3
                0x00000000080007fc                __aeabi_ddiv
 .text          0x00000000080009cc      0x110 c:/st/stm32cubeide_1.10.0/stm32cubeide/plugins/com.st.stm32cube.ide.mcu.externaltools.gnu-tools-for-stm32.10.3-2021.10.win32_1.0.0.202111181127/tools/bin/../lib/gcc/arm-none-eabi/10.3.1/thumb/v7e-m/nofp\libgcc.a(_arm_cmpdf2.o)
                0x00000000080009cc                __gtdf2
                0x00000000080009cc                __gedf2
                0x00000000080009d4                __ltdf2
                0x00000000080009d4                __ledf2
                0x00000000080009dc                __nedf2
                0x00000000080009dc                __eqdf2
                0x00000000080009dc                __cmpdf2
                0x0000000008000a58                __aeabi_cdrcmple
                0x0000000008000a68                __aeabi_cdcmpeq
                0x0000000008000a68                __aeabi_cdcmple
                0x0000000008000a78                __aeabi_dcmpeq
                0x0000000008000a8c                __aeabi_dcmplt
                0x0000000008000aa0                __aeabi_dcmple
                0x0000000008000ab4                __aeabi_dcmpge
                0x0000000008000ac8                __aeabi_dcmpgt
 .text          0x0000000008000adc       0x2c c:/st/stm32cubeide_1.10.0/stm32cubeide/plugins/com.st.stm32cube.ide.mcu.externaltools.gnu-tools-for-stm32.10.3-2021.10.win32_1.0.0.202111181127/tools/bin/../lib/gcc/arm-none-eabi/10.3.1/thumb/v7e-m/nofp\libgcc.a(_arm_unorddf2.o)
                0x0000000008000adc                __unorddf2
                0x0000000008000adc                __aeabi_dcmpun
 .text          0x0000000008000b08       0x50 c:/st/stm32cubeide_1.10.0/stm32cubeide/plugins/com.st.stm32cube.ide.mcu.externaltools.gnu-tools-for-stm32.10.3-2021.10.win32_1.0.0.202111181127/tools/bin/../lib/gcc/arm-none-eabi/10.3.1/thumb/v7e-m/nofp\libgcc.a(_arm_fixdfsi.o)
                0x0000000008000b08                __aeabi_d2iz
                0x0000000008000b08                __fixdfsi
 .text          0x0000000008000b58       0xa0 c:/st/stm32cubeide_1.10.0/stm32cubeide/plugins/com.st.stm32cube.ide.mcu.externaltools.gnu-tools-for-stm32.10.3-2021.10.win32_1.0.0.202111181127/tools/bin/../lib/gcc/arm-none-eabi/10.3.1/thumb/v7e-m/nofp\libgcc.a(_arm_truncdfsf2.o)
                0x0000000008000b58                __truncdfsf2
                0x0000000008000b58                __aeabi_d2f
 .text          0x0000000008000bf8      0x21c c:/st/stm32cubeide_1.10.0/stm32cubeide/plugins/com.st.stm32cube.ide.mcu.externaltools.gnu-tools-for-stm32.10.3-2021.10.win32_1.0.0.202111181127/tools/bin/../lib/gcc/arm-none-eabi/10.3.1/thumb/v7e-m/nofp\libgcc.a(_arm_addsubsf3.o)
                0x0000000008000bf8                __aeabi_frsub
                0x0000000008000c00                __subsf3
                0x0000000008000c00                __aeabi_fsub
                0x0000000008000c04                __aeabi_fadd
                0x0000000008000c04                __addsf3
                0x0000000008000d64                __aeabi_ui2f
                0x0000000008000d64                __floatunsisf
                0x0000000008000d6c                __aeabi_i2f
                0x0000000008000d6c                __floatsisf
                0x0000000008000d88                __aeabi_ul2f
                0x0000000008000d88                __floatundisf
                0x0000000008000d98                __aeabi_l2f
                0x0000000008000d98                __floatdisf
 .text          0x0000000008000e14      0x2a0 c:/st/stm32cubeide_1.10.0/stm32cubeide/plugins/com.st.stm32cube.ide.mcu.externaltools.gnu-tools-for-stm32.10.3-2021.10.win32_1.0.0.202111181127/tools/bin/../lib/gcc/arm-none-eabi/10.3.1/thumb/v7e-m/nofp\libgcc.a(_arm_muldivsf3.o)
                0x0000000008000e14                __mulsf3
                0x0000000008000e14                __aeabi_fmul
                0x0000000008000f7c                __aeabi_fdiv
                0x0000000008000f7c                __divsf3
 .text          0x00000000080010b4       0xec c:/st/stm32cubeide_1.10.0/stm32cubeide/plugins/com.st.stm32cube.ide.mcu.externaltools.gnu-tools-for-stm32.10.3-2021.10.win32_1.0.0.202111181127/tools/bin/../lib/gcc/arm-none-eabi/10.3.1/thumb/v7e-m/nofp\libgcc.a(_arm_cmpsf2.o)
                0x00000000080010b4                __gesf2
                0x00000000080010b4                __gtsf2
                0x00000000080010bc                __lesf2
                0x00000000080010bc                __ltsf2
                0x00000000080010c4                __nesf2
                0x00000000080010c4                __eqsf2
                0x00000000080010c4                __cmpsf2
                0x0000000008001124                __aeabi_cfrcmple
                0x000000000800112c                __aeabi_cfcmpeq
                0x000000000800112c                __aeabi_cfcmple
                0x000000000800113c                __aeabi_fcmpeq
                0x0000000008001150                __aeabi_fcmplt
                0x0000000008001164                __aeabi_fcmple
                0x0000000008001178                __aeabi_fcmpge
                0x000000000800118c                __aeabi_fcmpgt
 .text          0x00000000080011a0       0x4c c:/st/stm32cubeide_1.10.0/stm32cubeide/plugins/com.st.stm32cube.ide.mcu.externaltools.gnu-tools-for-stm32.10.3-2021.10.win32_1.0.0.202111181127/tools/bin/../lib/gcc/arm-none-eabi/10.3.1/thumb/v7e-m/nofp\libgcc.a(_arm_fixsfsi.o)
                0x00000000080011a0                __aeabi_f2iz
                0x00000000080011a0                __fixsfsi
 .text          0x00000000080011ec       0x30 c:/st/stm32cubeide_1.10.0/stm32cubeide/plugins/com.st.stm32cube.ide.mcu.externaltools.gnu-tools-for-stm32.10.3-2021.10.win32_1.0.0.202111181127/tools/bin/../lib/gcc/arm-none-eabi/10.3.1/thumb/v7e-m/nofp\libgcc.a(_aeabi_uldivmod.o)
                0x00000000080011ec                __aeabi_uldivmod
 .text          0x000000000800121c      0x2d0 c:/st/stm32cubeide_1.10.0/stm32cubeide/plugins/com.st.stm32cube.ide.mcu.externaltools.gnu-tools-for-stm32.10.3-2021.10.win32_1.0.0.202111181127/tools/bin/../lib/gcc/arm-none-eabi/10.3.1/thumb/v7e-m/nofp\libgcc.a(_udivmoddi4.o)
                0x000000000800121c                __udivmoddi4
 .text          0x00000000080014ec        0x4 c:/st/stm32cubeide_1.10.0/stm32cubeide/plugins/com.st.stm32cube.ide.mcu.externaltools.gnu-tools-for-stm32.10.3-2021.10.win32_1.0.0.202111181127/tools/bin/../lib/gcc/arm-none-eabi/10.3.1/thumb/v7e-m/nofp\libgcc.a(_dvmd_tls.o)
                0x00000000080014ec                __aeabi_idiv0
                0x00000000080014ec                __aeabi_ldiv0
 *(.text*)
 .text.lsm6dsox_mlc
                0x00000000080014f0      0x1b4 ./Core/Src/lsm6dsox_mlc.o
                0x00000000080014f0                lsm6dsox_mlc
 .text.platform_write
                0x00000000080016a4       0x3a ./Core/Src/lsm6dsox_mlc.o
 .text.platform_read
                0x00000000080016de       0x3a ./Core/Src/lsm6dsox_mlc.o
 .text.tx_com   0x0000000008001718       0x28 ./Core/Src/lsm6dsox_mlc.o
 .text.platform_delay
                0x0000000008001740       0x12 ./Core/Src/lsm6dsox_mlc.o
 *fill*         0x0000000008001752        0x2 
 .text.platform_init
                0x0000000008001754       0x1c ./Core/Src/lsm6dsox_mlc.o
 .text.LL_RCC_LSE_SetDriveCapability
                0x0000000008001770       0x2a ./Core/Src/main.o
 .text.LL_AHB1_GRP1_EnableClock
                0x000000000800179a       0x30 ./Core/Src/main.o
 .text.LL_AHB2_GRP1_EnableClock
                0x00000000080017ca       0x30 ./Core/Src/main.o
 .text.main     0x00000000080017fa       0x42 ./Core/Src/main.o
                0x00000000080017fa                main
 .text.SystemClock_Config
                0x000000000800183c       0xb8 ./Core/Src/main.o
                0x000000000800183c                SystemClock_Config
 .text.MX_CRC_Init
                0x00000000080018f4       0x44 ./Core/Src/main.o
 .text.MX_USART1_UART_Init
                0x0000000008001938       0x98 ./Core/Src/main.o
 .text.MX_RTC_Init
                0x00000000080019d0       0xc8 ./Core/Src/main.o
 .text.MX_TIM1_Init
                0x0000000008001a98       0xa8 ./Core/Src/main.o
 .text.MX_TIM2_Init
                0x0000000008001b40       0x9c ./Core/Src/main.o
 .text.MX_DMA_Init
                0x0000000008001bdc       0x24 ./Core/Src/main.o
 .text.MX_GPIO_Init
                0x0000000008001c00       0xf8 ./Core/Src/main.o
 .text.Error_Handler
                0x0000000008001cf8        0xa ./Core/Src/main.o
                0x0000000008001cf8                Error_Handler
 .text.LL_AHB2_GRP1_EnableClock
                0x0000000008001d02       0x30 ./Core/Src/shub_v3_0.o
 .text.LL_APB1_GRP1_EnableClock
                0x0000000008001d32       0x30 ./Core/Src/shub_v3_0.o
 .text.LL_APB1_GRP1_DisableClock
                0x0000000008001d62       0x24 ./Core/Src/shub_v3_0.o
 .text.shub_power_i2c_on
                0x0000000008001d86       0x20 ./Core/Src/shub_v3_0.o
                0x0000000008001d86                shub_power_i2c_on
 .text.shub_power_i2c_mlc_on
                0x0000000008001da6       0x20 ./Core/Src/shub_v3_0.o
                0x0000000008001da6                shub_power_i2c_mlc_on
 *fill*         0x0000000008001dc6        0x2 
 .text.shub_init
                0x0000000008001dc8       0xac ./Core/Src/shub_v3_0.o
                0x0000000008001dc8                shub_init
 .text.io_init  0x0000000008001e74       0xa8 ./Core/Src/shub_v3_0.o
 .text.HAL_I2C_MspInit
                0x0000000008001f1c       0x60 ./Core/Src/shub_v3_0.o
                0x0000000008001f1c                HAL_I2C_MspInit
 .text.HAL_I2C_MspDeInit
                0x0000000008001f7c       0x44 ./Core/Src/shub_v3_0.o
                0x0000000008001f7c                HAL_I2C_MspDeInit
 .text.LL_RCC_EnableRTC
                0x0000000008001fc0       0x20 ./Core/Src/stm32wlxx_hal_msp.o
 .text.LL_AHB1_GRP1_EnableClock
                0x0000000008001fe0       0x30 ./Core/Src/stm32wlxx_hal_msp.o
 .text.LL_AHB2_GRP1_EnableClock
                0x0000000008002010       0x30 ./Core/Src/stm32wlxx_hal_msp.o
 .text.LL_APB1_GRP1_EnableClock
                0x0000000008002040       0x30 ./Core/Src/stm32wlxx_hal_msp.o
 .text.LL_APB2_GRP1_EnableClock
                0x0000000008002070       0x30 ./Core/Src/stm32wlxx_hal_msp.o
 .text.HAL_MspInit
                0x00000000080020a0        0xc ./Core/Src/stm32wlxx_hal_msp.o
                0x00000000080020a0                HAL_MspInit
 .text.HAL_CRC_MspInit
                0x00000000080020ac       0x28 ./Core/Src/stm32wlxx_hal_msp.o
                0x00000000080020ac                HAL_CRC_MspInit
 .text.HAL_UART_MspInit
                0x00000000080020d4       0x8c ./Core/Src/stm32wlxx_hal_msp.o
                0x00000000080020d4                HAL_UART_MspInit
 .text.HAL_RTC_MspInit
                0x0000000008002160       0x58 ./Core/Src/stm32wlxx_hal_msp.o
                0x0000000008002160                HAL_RTC_MspInit
 .text.HAL_TIM_Base_MspInit
                0x00000000080021b8       0x80 ./Core/Src/stm32wlxx_hal_msp.o
                0x00000000080021b8                HAL_TIM_Base_MspInit
 .text.NMI_Handler
                0x0000000008002238        0x6 ./Core/Src/stm32wlxx_it.o
                0x0000000008002238                NMI_Handler
 *fill*         0x000000000800223e        0x2 
 .text.HardFault_Handler
                0x0000000008002240       0x10 ./Core/Src/stm32wlxx_it.o
                0x0000000008002240                HardFault_Handler
 .text.MemManage_Handler
                0x0000000008002250        0x6 ./Core/Src/stm32wlxx_it.o
                0x0000000008002250                MemManage_Handler
 .text.BusFault_Handler
                0x0000000008002256        0x6 ./Core/Src/stm32wlxx_it.o
                0x0000000008002256                BusFault_Handler
 .text.UsageFault_Handler
                0x000000000800225c        0x6 ./Core/Src/stm32wlxx_it.o
                0x000000000800225c                UsageFault_Handler
 .text.SVC_Handler
                0x0000000008002262        0xc ./Core/Src/stm32wlxx_it.o
                0x0000000008002262                SVC_Handler
 .text.DebugMon_Handler
                0x000000000800226e        0xc ./Core/Src/stm32wlxx_it.o
                0x000000000800226e                DebugMon_Handler
 .text.PendSV_Handler
                0x000000000800227a        0xc ./Core/Src/stm32wlxx_it.o
                0x000000000800227a                PendSV_Handler
 .text.SysTick_Handler
                0x0000000008002286        0xc ./Core/Src/stm32wlxx_it.o
                0x0000000008002286                SysTick_Handler
 *fill*         0x0000000008002292        0x2 
 .text.EXTI0_IRQHandler
                0x0000000008002294       0x14 ./Core/Src/stm32wlxx_it.o
                0x0000000008002294                EXTI0_IRQHandler
 .text.EXTI1_IRQHandler
                0x00000000080022a8        0xe ./Core/Src/stm32wlxx_it.o
                0x00000000080022a8                EXTI1_IRQHandler
 *fill*         0x00000000080022b6        0x2 
 .text.DMA1_Channel6_IRQHandler
                0x00000000080022b8       0x14 ./Core/Src/stm32wlxx_it.o
                0x00000000080022b8                DMA1_Channel6_IRQHandler
 .text.EXTI9_5_IRQHandler
                0x00000000080022cc        0xe ./Core/Src/stm32wlxx_it.o
                0x00000000080022cc                EXTI9_5_IRQHandler
 *fill*         0x00000000080022da        0x2 
 .text.TIM2_IRQHandler
                0x00000000080022dc       0x14 ./Core/Src/stm32wlxx_it.o
                0x00000000080022dc                TIM2_IRQHandler
 .text.LL_AHB2_GRP1_EnableClock
                0x00000000080022f0       0x30 ./Core/Src/stm32wlxx_nucleo_bus.o
 .text.LL_APB1_GRP1_EnableClock
                0x0000000008002320       0x30 ./Core/Src/stm32wlxx_nucleo_bus.o
 .text.LL_APB1_GRP1_DisableClock
                0x0000000008002350       0x24 ./Core/Src/stm32wlxx_nucleo_bus.o
 .text.BSP_I2C2_Init
                0x0000000008002374       0x7c ./Core/Src/stm32wlxx_nucleo_bus.o
                0x0000000008002374                BSP_I2C2_Init
 .text.BSP_I2C2_DeInit
                0x00000000080023f0       0x50 ./Core/Src/stm32wlxx_nucleo_bus.o
                0x00000000080023f0                BSP_I2C2_DeInit
 .text.BSP_I2C2_WriteReg
                0x0000000008002440       0x64 ./Core/Src/stm32wlxx_nucleo_bus.o
                0x0000000008002440                BSP_I2C2_WriteReg
 .text.BSP_I2C2_ReadReg
                0x00000000080024a4       0x64 ./Core/Src/stm32wlxx_nucleo_bus.o
                0x00000000080024a4                BSP_I2C2_ReadReg
 .text.BSP_GetTick
                0x0000000008002508        0xe ./Core/Src/stm32wlxx_nucleo_bus.o
                0x0000000008002508                BSP_GetTick
 *fill*         0x0000000008002516        0x2 
 .text.MX_I2C2_Init
                0x0000000008002518       0x88 ./Core/Src/stm32wlxx_nucleo_bus.o
                0x0000000008002518                MX_I2C2_Init
 .text.I2C2_MspInit
                0x00000000080025a0       0x88 ./Core/Src/stm32wlxx_nucleo_bus.o
 .text.I2C2_MspDeInit
                0x0000000008002628       0x30 ./Core/Src/stm32wlxx_nucleo_bus.o
 .text._read    0x0000000008002658       0x3a ./Core/Src/syscalls.o
                0x0000000008002658                _read
 .text._write   0x0000000008002692       0x38 ./Core/Src/syscalls.o
                0x0000000008002692                _write
 .text._close   0x00000000080026ca       0x16 ./Core/Src/syscalls.o
                0x00000000080026ca                _close
 .text._fstat   0x00000000080026e0       0x1e ./Core/Src/syscalls.o
                0x00000000080026e0                _fstat
 .text._isatty  0x00000000080026fe       0x14 ./Core/Src/syscalls.o
                0x00000000080026fe                _isatty
 .text._lseek   0x0000000008002712       0x18 ./Core/Src/syscalls.o
                0x0000000008002712                _lseek
 *fill*         0x000000000800272a        0x2 
 .text._sbrk    0x000000000800272c       0x6c ./Core/Src/sysmem.o
                0x000000000800272c                _sbrk
 .text.SystemInit
                0x0000000008002798        0xc ./Core/Src/system_stm32wlxx.o
                0x0000000008002798                SystemInit
 .text.Reset_Handler
                0x00000000080027a4       0x50 ./Core/Startup/startup_stm32wl55jcix.o
                0x00000000080027a4                Reset_Handler
 .text.Default_Handler
                0x00000000080027f4        0x2 ./Core/Startup/startup_stm32wl55jcix.o
                0x00000000080027f4                RTC_Alarm_IRQHandler
                0x00000000080027f4                EXTI2_IRQHandler
                0x00000000080027f4                TIM1_CC_IRQHandler
                0x00000000080027f4                EXTI3_IRQHandler
                0x00000000080027f4                LPTIM2_IRQHandler
                0x00000000080027f4                I2C3_ER_IRQHandler
                0x00000000080027f4                LPTIM3_IRQHandler
                0x00000000080027f4                I2C2_EV_IRQHandler
                0x00000000080027f4                TAMP_STAMP_LSECSS_SSRU_IRQHandler
                0x00000000080027f4                SPI1_IRQHandler
                0x00000000080027f4                DMA2_Channel2_IRQHandler
                0x00000000080027f4                DMA1_Channel4_IRQHandler
                0x00000000080027f4                PKA_IRQHandler
                0x00000000080027f4                TIM17_IRQHandler
                0x00000000080027f4                DMA1_Channel7_IRQHandler
                0x00000000080027f4                SUBGHZSPI_IRQHandler
                0x00000000080027f4                IPCC_C1_TX_IRQHandler
                0x00000000080027f4                DMA2_Channel1_IRQHandler
                0x00000000080027f4                I2C1_EV_IRQHandler
                0x00000000080027f4                SUBGHZ_Radio_IRQHandler
                0x00000000080027f4                DMAMUX1_OVR_IRQHandler
                0x00000000080027f4                TIM16_IRQHandler
                0x00000000080027f4                DMA2_Channel4_IRQHandler
                0x00000000080027f4                RCC_IRQHandler
                0x00000000080027f4                TIM1_TRG_COM_IRQHandler
                0x00000000080027f4                DMA1_Channel1_IRQHandler
                0x00000000080027f4                Default_Handler
                0x00000000080027f4                DMA2_Channel7_IRQHandler
                0x00000000080027f4                EXTI15_10_IRQHandler
                0x00000000080027f4                IPCC_C1_RX_IRQHandler
                0x00000000080027f4                ADC_IRQHandler
                0x00000000080027f4                C2SEV_PWR_C2H_IRQHandler
                0x00000000080027f4                I2C3_EV_IRQHandler
                0x00000000080027f4                RTC_WKUP_IRQHandler
                0x00000000080027f4                PVD_PVM_IRQHandler
                0x00000000080027f4                SPI2_IRQHandler
                0x00000000080027f4                DMA2_Channel5_IRQHandler
                0x00000000080027f4                DMA1_Channel5_IRQHandler
                0x00000000080027f4                EXTI4_IRQHandler
                0x00000000080027f4                RNG_IRQHandler
                0x00000000080027f4                DMA1_Channel3_IRQHandler
                0x00000000080027f4                COMP_IRQHandler
                0x00000000080027f4                HSEM_IRQHandler
                0x00000000080027f4                TIM1_UP_IRQHandler
                0x00000000080027f4                WWDG_IRQHandler
                0x00000000080027f4                LPUART1_IRQHandler
                0x00000000080027f4                DMA2_Channel6_IRQHandler
                0x00000000080027f4                TIM1_BRK_IRQHandler
                0x00000000080027f4                DAC_IRQHandler
                0x00000000080027f4                AES_IRQHandler
                0x00000000080027f4                USART2_IRQHandler
                0x00000000080027f4                I2C2_ER_IRQHandler
                0x00000000080027f4                DMA1_Channel2_IRQHandler
                0x00000000080027f4                FLASH_IRQHandler
                0x00000000080027f4                USART1_IRQHandler
                0x00000000080027f4                I2C1_ER_IRQHandler
                0x00000000080027f4                LPTIM1_IRQHandler
                0x00000000080027f4                DMA2_Channel3_IRQHandler
 *fill*         0x00000000080027f6        0x2 
 .text.LSM6DSOX_RegisterBusIO
                0x00000000080027f8       0xcc ./Drivers/BSP/Components/lsm6dsox/lsm6dsox.o
                0x00000000080027f8                LSM6DSOX_RegisterBusIO
 .text.LSM6DSOX_Init
                0x00000000080028c4       0xea ./Drivers/BSP/Components/lsm6dsox/lsm6dsox.o
                0x00000000080028c4                LSM6DSOX_Init
 .text.LSM6DSOX_DeInit
                0x00000000080029ae       0x4e ./Drivers/BSP/Components/lsm6dsox/lsm6dsox.o
                0x00000000080029ae                LSM6DSOX_DeInit
 .text.LSM6DSOX_ReadID
                0x00000000080029fc       0x2c ./Drivers/BSP/Components/lsm6dsox/lsm6dsox.o
                0x00000000080029fc                LSM6DSOX_ReadID
 .text.LSM6DSOX_GetCapabilities
                0x0000000008002a28       0x5c ./Drivers/BSP/Components/lsm6dsox/lsm6dsox.o
                0x0000000008002a28                LSM6DSOX_GetCapabilities
 .text.LSM6DSOX_ACC_Enable
                0x0000000008002a84       0x48 ./Drivers/BSP/Components/lsm6dsox/lsm6dsox.o
                0x0000000008002a84                LSM6DSOX_ACC_Enable
 .text.LSM6DSOX_ACC_Disable
                0x0000000008002acc       0x5e ./Drivers/BSP/Components/lsm6dsox/lsm6dsox.o
                0x0000000008002acc                LSM6DSOX_ACC_Disable
 *fill*         0x0000000008002b2a        0x2 
 .text.LSM6DSOX_ACC_GetSensitivity
                0x0000000008002b2c       0x8c ./Drivers/BSP/Components/lsm6dsox/lsm6dsox.o
                0x0000000008002b2c                LSM6DSOX_ACC_GetSensitivity
 .text.LSM6DSOX_ACC_GetOutputDataRate
                0x0000000008002bb8      0x108 ./Drivers/BSP/Components/lsm6dsox/lsm6dsox.o
                0x0000000008002bb8                LSM6DSOX_ACC_GetOutputDataRate
 .text.LSM6DSOX_ACC_SetOutputDataRate
                0x0000000008002cc0       0x1e ./Drivers/BSP/Components/lsm6dsox/lsm6dsox.o
                0x0000000008002cc0                LSM6DSOX_ACC_SetOutputDataRate
 *fill*         0x0000000008002cde        0x2 
 .text.LSM6DSOX_ACC_SetOutputDataRate_With_Mode
                0x0000000008002ce0      0x31c ./Drivers/BSP/Components/lsm6dsox/lsm6dsox.o
                0x0000000008002ce0                LSM6DSOX_ACC_SetOutputDataRate_With_Mode
 .text.LSM6DSOX_ACC_GetFullScale
                0x0000000008002ffc       0x7c ./Drivers/BSP/Components/lsm6dsox/lsm6dsox.o
                0x0000000008002ffc                LSM6DSOX_ACC_GetFullScale
 .text.LSM6DSOX_ACC_SetFullScale
                0x0000000008003078       0x50 ./Drivers/BSP/Components/lsm6dsox/lsm6dsox.o
                0x0000000008003078                LSM6DSOX_ACC_SetFullScale
 .text.LSM6DSOX_ACC_GetAxesRaw
                0x00000000080030c8       0x48 ./Drivers/BSP/Components/lsm6dsox/lsm6dsox.o
                0x00000000080030c8                LSM6DSOX_ACC_GetAxesRaw
 .text.LSM6DSOX_ACC_GetAxes
                0x0000000008003110       0xba ./Drivers/BSP/Components/lsm6dsox/lsm6dsox.o
                0x0000000008003110                LSM6DSOX_ACC_GetAxes
 .text.LSM6DSOX_GYRO_Enable
                0x00000000080031ca       0x48 ./Drivers/BSP/Components/lsm6dsox/lsm6dsox.o
                0x00000000080031ca                LSM6DSOX_GYRO_Enable
 .text.LSM6DSOX_GYRO_Disable
                0x0000000008003212       0x5e ./Drivers/BSP/Components/lsm6dsox/lsm6dsox.o
                0x0000000008003212                LSM6DSOX_GYRO_Disable
 .text.LSM6DSOX_GYRO_GetSensitivity
                0x0000000008003270       0xa4 ./Drivers/BSP/Components/lsm6dsox/lsm6dsox.o
                0x0000000008003270                LSM6DSOX_GYRO_GetSensitivity
 .text.LSM6DSOX_GYRO_GetOutputDataRate
                0x0000000008003314       0xf8 ./Drivers/BSP/Components/lsm6dsox/lsm6dsox.o
                0x0000000008003314                LSM6DSOX_GYRO_GetOutputDataRate
 .text.LSM6DSOX_GYRO_SetOutputDataRate
                0x000000000800340c       0x1e ./Drivers/BSP/Components/lsm6dsox/lsm6dsox.o
                0x000000000800340c                LSM6DSOX_GYRO_SetOutputDataRate
 *fill*         0x000000000800342a        0x2 
 .text.LSM6DSOX_GYRO_SetOutputDataRate_With_Mode
                0x000000000800342c      0x10c ./Drivers/BSP/Components/lsm6dsox/lsm6dsox.o
                0x000000000800342c                LSM6DSOX_GYRO_SetOutputDataRate_With_Mode
 .text.LSM6DSOX_GYRO_GetFullScale
                0x0000000008003538       0x94 ./Drivers/BSP/Components/lsm6dsox/lsm6dsox.o
                0x0000000008003538                LSM6DSOX_GYRO_GetFullScale
 .text.LSM6DSOX_GYRO_SetFullScale
                0x00000000080035cc       0x5e ./Drivers/BSP/Components/lsm6dsox/lsm6dsox.o
                0x00000000080035cc                LSM6DSOX_GYRO_SetFullScale
 .text.LSM6DSOX_GYRO_GetAxesRaw
                0x000000000800362a       0x48 ./Drivers/BSP/Components/lsm6dsox/lsm6dsox.o
                0x000000000800362a                LSM6DSOX_GYRO_GetAxesRaw
 .text.LSM6DSOX_GYRO_GetAxes
                0x0000000008003672       0xb4 ./Drivers/BSP/Components/lsm6dsox/lsm6dsox.o
                0x0000000008003672                LSM6DSOX_GYRO_GetAxes
 .text.LSM6DSOX_Write_Reg
                0x0000000008003726       0x36 ./Drivers/BSP/Components/lsm6dsox/lsm6dsox.o
                0x0000000008003726                LSM6DSOX_Write_Reg
 .text.LSM6DSOX_ACC_SetOutputDataRate_When_Enabled
                0x000000000800375c      0x110 ./Drivers/BSP/Components/lsm6dsox/lsm6dsox.o
 .text.LSM6DSOX_ACC_SetOutputDataRate_When_Disabled
                0x000000000800386c       0xf8 ./Drivers/BSP/Components/lsm6dsox/lsm6dsox.o
 .text.LSM6DSOX_GYRO_SetOutputDataRate_When_Enabled
                0x0000000008003964       0xf8 ./Drivers/BSP/Components/lsm6dsox/lsm6dsox.o
 .text.LSM6DSOX_GYRO_SetOutputDataRate_When_Disabled
                0x0000000008003a5c       0xe4 ./Drivers/BSP/Components/lsm6dsox/lsm6dsox.o
 .text.ReadRegWrap
                0x0000000008003b40       0x36 ./Drivers/BSP/Components/lsm6dsox/lsm6dsox.o
 .text.WriteRegWrap
                0x0000000008003b76       0x36 ./Drivers/BSP/Components/lsm6dsox/lsm6dsox.o
 .text.lsm6dsox_read_reg
                0x0000000008003bac       0x30 ./Drivers/BSP/Components/lsm6dsox/lsm6dsox_reg.o
                0x0000000008003bac                lsm6dsox_read_reg
 .text.lsm6dsox_write_reg
                0x0000000008003bdc       0x30 ./Drivers/BSP/Components/lsm6dsox/lsm6dsox_reg.o
                0x0000000008003bdc                lsm6dsox_write_reg
 .text.bytecpy  0x0000000008003c0c       0x28 ./Drivers/BSP/Components/lsm6dsox/lsm6dsox_reg.o
 .text.lsm6dsox_xl_full_scale_set
                0x0000000008003c34       0x4c ./Drivers/BSP/Components/lsm6dsox/lsm6dsox_reg.o
                0x0000000008003c34                lsm6dsox_xl_full_scale_set
 .text.lsm6dsox_xl_full_scale_get
                0x0000000008003c80       0x70 ./Drivers/BSP/Components/lsm6dsox/lsm6dsox_reg.o
                0x0000000008003c80                lsm6dsox_xl_full_scale_get
 .text.lsm6dsox_xl_data_rate_set
                0x0000000008003cf0      0x2e8 ./Drivers/BSP/Components/lsm6dsox/lsm6dsox_reg.o
                0x0000000008003cf0                lsm6dsox_xl_data_rate_set
 .text.lsm6dsox_xl_data_rate_get
                0x0000000008003fd8       0xd0 ./Drivers/BSP/Components/lsm6dsox/lsm6dsox_reg.o
                0x0000000008003fd8                lsm6dsox_xl_data_rate_get
 .text.lsm6dsox_gy_full_scale_set
                0x00000000080040a8       0x4c ./Drivers/BSP/Components/lsm6dsox/lsm6dsox_reg.o
                0x00000000080040a8                lsm6dsox_gy_full_scale_set
 .text.lsm6dsox_gy_full_scale_get
                0x00000000080040f4       0x84 ./Drivers/BSP/Components/lsm6dsox/lsm6dsox_reg.o
                0x00000000080040f4                lsm6dsox_gy_full_scale_get
 .text.lsm6dsox_gy_data_rate_set
                0x0000000008004178      0x2e8 ./Drivers/BSP/Components/lsm6dsox/lsm6dsox_reg.o
                0x0000000008004178                lsm6dsox_gy_data_rate_set
 .text.lsm6dsox_gy_data_rate_get
                0x0000000008004460       0xc4 ./Drivers/BSP/Components/lsm6dsox/lsm6dsox_reg.o
                0x0000000008004460                lsm6dsox_gy_data_rate_get
 .text.lsm6dsox_block_data_update_set
                0x0000000008004524       0x4c ./Drivers/BSP/Components/lsm6dsox/lsm6dsox_reg.o
                0x0000000008004524                lsm6dsox_block_data_update_set
 .text.lsm6dsox_angular_rate_raw_get
                0x0000000008004570       0x96 ./Drivers/BSP/Components/lsm6dsox/lsm6dsox_reg.o
                0x0000000008004570                lsm6dsox_angular_rate_raw_get
 .text.lsm6dsox_acceleration_raw_get
                0x0000000008004606       0x96 ./Drivers/BSP/Components/lsm6dsox/lsm6dsox_reg.o
                0x0000000008004606                lsm6dsox_acceleration_raw_get
 .text.lsm6dsox_mlc_out_get
                0x000000000800469c       0x42 ./Drivers/BSP/Components/lsm6dsox/lsm6dsox_reg.o
                0x000000000800469c                lsm6dsox_mlc_out_get
 .text.lsm6dsox_mem_bank_set
                0x00000000080046de       0x4c ./Drivers/BSP/Components/lsm6dsox/lsm6dsox_reg.o
                0x00000000080046de                lsm6dsox_mem_bank_set
 .text.lsm6dsox_device_id_get
                0x000000000800472a       0x22 ./Drivers/BSP/Components/lsm6dsox/lsm6dsox_reg.o
                0x000000000800472a                lsm6dsox_device_id_get
 .text.lsm6dsox_reset_set
                0x000000000800474c       0x4c ./Drivers/BSP/Components/lsm6dsox/lsm6dsox_reg.o
                0x000000000800474c                lsm6dsox_reset_set
 .text.lsm6dsox_reset_get
                0x0000000008004798       0x32 ./Drivers/BSP/Components/lsm6dsox/lsm6dsox_reg.o
                0x0000000008004798                lsm6dsox_reset_get
 .text.lsm6dsox_auto_increment_set
                0x00000000080047ca       0x4c ./Drivers/BSP/Components/lsm6dsox/lsm6dsox_reg.o
                0x00000000080047ca                lsm6dsox_auto_increment_set
 .text.lsm6dsox_i3c_disable_set
                0x0000000008004816       0x8c ./Drivers/BSP/Components/lsm6dsox/lsm6dsox_reg.o
                0x0000000008004816                lsm6dsox_i3c_disable_set
 .text.lsm6dsox_int_notification_set
                0x00000000080048a2       0xba ./Drivers/BSP/Components/lsm6dsox/lsm6dsox_reg.o
                0x00000000080048a2                lsm6dsox_int_notification_set
 .text.lsm6dsox_fifo_mode_set
                0x000000000800495c       0x4c ./Drivers/BSP/Components/lsm6dsox/lsm6dsox_reg.o
                0x000000000800495c                lsm6dsox_fifo_mode_set
 .text.lsm6dsox_fsm_enable_get
                0x00000000080049a8       0x42 ./Drivers/BSP/Components/lsm6dsox/lsm6dsox_reg.o
                0x00000000080049a8                lsm6dsox_fsm_enable_get
 *fill*         0x00000000080049ea        0x2 
 .text.lsm6dsox_fsm_data_rate_get
                0x00000000080049ec       0x90 ./Drivers/BSP/Components/lsm6dsox/lsm6dsox_reg.o
                0x00000000080049ec                lsm6dsox_fsm_data_rate_get
 .text.lsm6dsox_mlc_data_rate_get
                0x0000000008004a7c       0x90 ./Drivers/BSP/Components/lsm6dsox/lsm6dsox_reg.o
                0x0000000008004a7c                lsm6dsox_mlc_data_rate_get
 .text.lsm6dsox_pin_int1_route_set
                0x0000000008004b0c      0x854 ./Drivers/BSP/Components/lsm6dsox/lsm6dsox_reg.o
                0x0000000008004b0c                lsm6dsox_pin_int1_route_set
 .text.lsm6dsox_pin_int1_route_get
                0x0000000008005360      0x468 ./Drivers/BSP/Components/lsm6dsox/lsm6dsox_reg.o
                0x0000000008005360                lsm6dsox_pin_int1_route_get
 .text.lsm6dsox_pin_int2_route_get
                0x00000000080057c8      0x490 ./Drivers/BSP/Components/lsm6dsox/lsm6dsox_reg.o
                0x00000000080057c8                lsm6dsox_pin_int2_route_get
 .text.lsm6dsox_all_sources_get
                0x0000000008005c58      0x676 ./Drivers/BSP/Components/lsm6dsox/lsm6dsox_reg.o
                0x0000000008005c58                lsm6dsox_all_sources_get
 .text.lsm6dsox_embedded_sens_set
                0x00000000080062ce       0xf2 ./Drivers/BSP/Components/lsm6dsox/lsm6dsox_reg.o
                0x00000000080062ce                lsm6dsox_embedded_sens_set
 .text.lsm6dsox_embedded_sens_get
                0x00000000080063c0       0xc6 ./Drivers/BSP/Components/lsm6dsox/lsm6dsox_reg.o
                0x00000000080063c0                lsm6dsox_embedded_sens_get
 .text.lsm6dsox_embedded_sens_off
                0x0000000008006486       0xb4 ./Drivers/BSP/Components/lsm6dsox/lsm6dsox_reg.o
                0x0000000008006486                lsm6dsox_embedded_sens_off
 .text.LL_AHB2_GRP1_EnableClock
                0x000000000800653a       0x30 ./Drivers/BSP/STM32WLxx_Nucleo/stm32wlxx_nucleo.o
 .text.LL_APB1_GRP2_EnableClock
                0x000000000800656a       0x30 ./Drivers/BSP/STM32WLxx_Nucleo/stm32wlxx_nucleo.o
 *fill*         0x000000000800659a        0x2 
 .text.BSP_LED_Init
                0x000000000800659c       0x24 ./Drivers/BSP/STM32WLxx_Nucleo/stm32wlxx_nucleo.o
                0x000000000800659c                BSP_LED_Init
 .text.LED_USER_GPIO_Init
                0x00000000080065c0       0x54 ./Drivers/BSP/STM32WLxx_Nucleo/stm32wlxx_nucleo.o
 .text.BSP_PB_Init
                0x0000000008006614       0xa8 ./Drivers/BSP/STM32WLxx_Nucleo/stm32wlxx_nucleo.o
                0x0000000008006614                BSP_PB_Init
 .text.BSP_PB_GetState
                0x00000000080066bc       0x34 ./Drivers/BSP/STM32WLxx_Nucleo/stm32wlxx_nucleo.o
                0x00000000080066bc                BSP_PB_GetState
 .text.BUTTON_USER_EXTI_Callback
                0x00000000080066f0        0xe ./Drivers/BSP/STM32WLxx_Nucleo/stm32wlxx_nucleo.o
 .text.BUTTON_USER_GPIO_Init
                0x00000000080066fe       0x62 ./Drivers/BSP/STM32WLxx_Nucleo/stm32wlxx_nucleo.o
 .text.BSP_COM_Init
                0x0000000008006760       0x7c ./Drivers/BSP/STM32WLxx_Nucleo/stm32wlxx_nucleo.o
                0x0000000008006760                BSP_COM_Init
 .text.MX_LPUART1_UART_Init
                0x00000000080067dc       0xa4 ./Drivers/BSP/STM32WLxx_Nucleo/stm32wlxx_nucleo.o
                0x00000000080067dc                MX_LPUART1_UART_Init
 .text.__io_putchar
                0x0000000008006880       0x38 ./Drivers/BSP/STM32WLxx_Nucleo/stm32wlxx_nucleo.o
                0x0000000008006880                __io_putchar
 .text.LPUART1_MspInit
                0x00000000080068b8      0x128 ./Drivers/BSP/STM32WLxx_Nucleo/stm32wlxx_nucleo.o
 .text.HAL_Init
                0x00000000080069e0       0x40 ./Drivers/STM32WLxx_HAL_Driver/Src/stm32wlxx_hal.o
                0x00000000080069e0                HAL_Init
 .text.HAL_InitTick
                0x0000000008006a20       0x74 ./Drivers/STM32WLxx_HAL_Driver/Src/stm32wlxx_hal.o
                0x0000000008006a20                HAL_InitTick
 .text.HAL_IncTick
                0x0000000008006a94       0x24 ./Drivers/STM32WLxx_HAL_Driver/Src/stm32wlxx_hal.o
                0x0000000008006a94                HAL_IncTick
 .text.HAL_GetTick
                0x0000000008006ab8       0x14 ./Drivers/STM32WLxx_HAL_Driver/Src/stm32wlxx_hal.o
                0x0000000008006ab8                HAL_GetTick
 .text.HAL_Delay
                0x0000000008006acc       0x48 ./Drivers/STM32WLxx_HAL_Driver/Src/stm32wlxx_hal.o
                0x0000000008006acc                HAL_Delay
 .text.__NVIC_SetPriorityGrouping
                0x0000000008006b14       0x48 ./Drivers/STM32WLxx_HAL_Driver/Src/stm32wlxx_hal_cortex.o
 .text.__NVIC_GetPriorityGrouping
                0x0000000008006b5c       0x1c ./Drivers/STM32WLxx_HAL_Driver/Src/stm32wlxx_hal_cortex.o
 .text.__NVIC_EnableIRQ
                0x0000000008006b78       0x38 ./Drivers/STM32WLxx_HAL_Driver/Src/stm32wlxx_hal_cortex.o
 .text.__NVIC_SetPriority
                0x0000000008006bb0       0x54 ./Drivers/STM32WLxx_HAL_Driver/Src/stm32wlxx_hal_cortex.o
 .text.NVIC_EncodePriority
                0x0000000008006c04       0x64 ./Drivers/STM32WLxx_HAL_Driver/Src/stm32wlxx_hal_cortex.o
 .text.SysTick_Config
                0x0000000008006c68       0x44 ./Drivers/STM32WLxx_HAL_Driver/Src/stm32wlxx_hal_cortex.o
 .text.HAL_NVIC_SetPriorityGrouping
                0x0000000008006cac       0x16 ./Drivers/STM32WLxx_HAL_Driver/Src/stm32wlxx_hal_cortex.o
                0x0000000008006cac                HAL_NVIC_SetPriorityGrouping
 .text.HAL_NVIC_SetPriority
                0x0000000008006cc2       0x34 ./Drivers/STM32WLxx_HAL_Driver/Src/stm32wlxx_hal_cortex.o
                0x0000000008006cc2                HAL_NVIC_SetPriority
 .text.HAL_NVIC_EnableIRQ
                0x0000000008006cf6       0x1c ./Drivers/STM32WLxx_HAL_Driver/Src/stm32wlxx_hal_cortex.o
                0x0000000008006cf6                HAL_NVIC_EnableIRQ
 .text.HAL_SYSTICK_Config
                0x0000000008006d12       0x18 ./Drivers/STM32WLxx_HAL_Driver/Src/stm32wlxx_hal_cortex.o
                0x0000000008006d12                HAL_SYSTICK_Config
 *fill*         0x0000000008006d2a        0x2 
 .text.HAL_CRC_Init
                0x0000000008006d2c       0xc8 ./Drivers/STM32WLxx_HAL_Driver/Src/stm32wlxx_hal_crc.o
                0x0000000008006d2c                HAL_CRC_Init
 .text.HAL_CRCEx_Polynomial_Set
                0x0000000008006df4      0x10c ./Drivers/STM32WLxx_HAL_Driver/Src/stm32wlxx_hal_crc_ex.o
                0x0000000008006df4                HAL_CRCEx_Polynomial_Set
 .text.HAL_DMA_Init
                0x0000000008006f00      0x150 ./Drivers/STM32WLxx_HAL_Driver/Src/stm32wlxx_hal_dma.o
                0x0000000008006f00                HAL_DMA_Init
 .text.HAL_DMA_IRQHandler
                0x0000000008007050      0x18c ./Drivers/STM32WLxx_HAL_Driver/Src/stm32wlxx_hal_dma.o
                0x0000000008007050                HAL_DMA_IRQHandler
 .text.HAL_DMA_ConfigChannelAttributes
                0x00000000080071dc       0x5e ./Drivers/STM32WLxx_HAL_Driver/Src/stm32wlxx_hal_dma.o
                0x00000000080071dc                HAL_DMA_ConfigChannelAttributes
 *fill*         0x000000000800723a        0x2 
 .text.DMA_CalcDMAMUXChannelBaseAndMask
                0x000000000800723c       0x90 ./Drivers/STM32WLxx_HAL_Driver/Src/stm32wlxx_hal_dma.o
 .text.DMA_CalcDMAMUXRequestGenBaseAndMask
                0x00000000080072cc       0x48 ./Drivers/STM32WLxx_HAL_Driver/Src/stm32wlxx_hal_dma.o
 .text.HAL_EXTI_RegisterCallback
                0x0000000008007314       0x32 ./Drivers/STM32WLxx_HAL_Driver/Src/stm32wlxx_hal_exti.o
                0x0000000008007314                HAL_EXTI_RegisterCallback
 .text.HAL_EXTI_GetHandle
                0x0000000008007346       0x26 ./Drivers/STM32WLxx_HAL_Driver/Src/stm32wlxx_hal_exti.o
                0x0000000008007346                HAL_EXTI_GetHandle
 .text.HAL_EXTI_IRQHandler
                0x000000000800736c       0x5e ./Drivers/STM32WLxx_HAL_Driver/Src/stm32wlxx_hal_exti.o
                0x000000000800736c                HAL_EXTI_IRQHandler
 *fill*         0x00000000080073ca        0x2 
 .text.HAL_GPIO_Init
                0x00000000080073cc      0x2c0 ./Drivers/STM32WLxx_HAL_Driver/Src/stm32wlxx_hal_gpio.o
                0x00000000080073cc                HAL_GPIO_Init
 .text.HAL_GPIO_DeInit
                0x000000000800768c      0x19c ./Drivers/STM32WLxx_HAL_Driver/Src/stm32wlxx_hal_gpio.o
                0x000000000800768c                HAL_GPIO_DeInit
 .text.HAL_GPIO_ReadPin
                0x0000000008007828       0x2e ./Drivers/STM32WLxx_HAL_Driver/Src/stm32wlxx_hal_gpio.o
                0x0000000008007828                HAL_GPIO_ReadPin
 .text.HAL_GPIO_WritePin
                0x0000000008007856       0x2e ./Drivers/STM32WLxx_HAL_Driver/Src/stm32wlxx_hal_gpio.o
                0x0000000008007856                HAL_GPIO_WritePin
 .text.HAL_GPIO_EXTI_IRQHandler
                0x0000000008007884       0x30 ./Drivers/STM32WLxx_HAL_Driver/Src/stm32wlxx_hal_gpio.o
                0x0000000008007884                HAL_GPIO_EXTI_IRQHandler
 .text.HAL_GPIO_EXTI_Callback
                0x00000000080078b4       0x14 ./Drivers/STM32WLxx_HAL_Driver/Src/stm32wlxx_hal_gpio.o
                0x00000000080078b4                HAL_GPIO_EXTI_Callback
 .text.HAL_I2C_Init
                0x00000000080078c8      0x11e ./Drivers/STM32WLxx_HAL_Driver/Src/stm32wlxx_hal_i2c.o
                0x00000000080078c8                HAL_I2C_Init
 .text.HAL_I2C_DeInit
                0x00000000080079e6       0x5e ./Drivers/STM32WLxx_HAL_Driver/Src/stm32wlxx_hal_i2c.o
                0x00000000080079e6                HAL_I2C_DeInit
 .text.HAL_I2C_Mem_Write
                0x0000000008007a44      0x228 ./Drivers/STM32WLxx_HAL_Driver/Src/stm32wlxx_hal_i2c.o
                0x0000000008007a44                HAL_I2C_Mem_Write
 .text.HAL_I2C_Mem_Read
                0x0000000008007c6c      0x234 ./Drivers/STM32WLxx_HAL_Driver/Src/stm32wlxx_hal_i2c.o
                0x0000000008007c6c                HAL_I2C_Mem_Read
 .text.HAL_I2C_GetState
                0x0000000008007ea0       0x1a ./Drivers/STM32WLxx_HAL_Driver/Src/stm32wlxx_hal_i2c.o
                0x0000000008007ea0                HAL_I2C_GetState
 .text.HAL_I2C_GetError
                0x0000000008007eba       0x16 ./Drivers/STM32WLxx_HAL_Driver/Src/stm32wlxx_hal_i2c.o
                0x0000000008007eba                HAL_I2C_GetError
 .text.I2C_RequestMemoryWrite
                0x0000000008007ed0       0xa8 ./Drivers/STM32WLxx_HAL_Driver/Src/stm32wlxx_hal_i2c.o
 .text.I2C_RequestMemoryRead
                0x0000000008007f78       0xa8 ./Drivers/STM32WLxx_HAL_Driver/Src/stm32wlxx_hal_i2c.o
 .text.I2C_Flush_TXDR
                0x0000000008008020       0x46 ./Drivers/STM32WLxx_HAL_Driver/Src/stm32wlxx_hal_i2c.o
 .text.I2C_WaitOnFlagUntilTimeout
                0x0000000008008066       0x80 ./Drivers/STM32WLxx_HAL_Driver/Src/stm32wlxx_hal_i2c.o
 .text.I2C_WaitOnTXISFlagUntilTimeout
                0x00000000080080e6       0x80 ./Drivers/STM32WLxx_HAL_Driver/Src/stm32wlxx_hal_i2c.o
 .text.I2C_WaitOnSTOPFlagUntilTimeout
                0x0000000008008166       0x78 ./Drivers/STM32WLxx_HAL_Driver/Src/stm32wlxx_hal_i2c.o
 *fill*         0x00000000080081de        0x2 
 .text.I2C_IsErrorOccurred
                0x00000000080081e0      0x1d8 ./Drivers/STM32WLxx_HAL_Driver/Src/stm32wlxx_hal_i2c.o
 .text.I2C_TransferConfig
                0x00000000080083b8       0x60 ./Drivers/STM32WLxx_HAL_Driver/Src/stm32wlxx_hal_i2c.o
 .text.HAL_I2CEx_ConfigAnalogFilter
                0x0000000008008418       0x94 ./Drivers/STM32WLxx_HAL_Driver/Src/stm32wlxx_hal_i2c_ex.o
                0x0000000008008418                HAL_I2CEx_ConfigAnalogFilter
 .text.HAL_I2CEx_ConfigDigitalFilter
                0x00000000080084ac       0x96 ./Drivers/STM32WLxx_HAL_Driver/Src/stm32wlxx_hal_i2c_ex.o
                0x00000000080084ac                HAL_I2CEx_ConfigDigitalFilter
 *fill*         0x0000000008008542        0x2 
 .text.HAL_I2CEx_EnableFastModePlus
                0x0000000008008544       0x24 ./Drivers/STM32WLxx_HAL_Driver/Src/stm32wlxx_hal_i2c_ex.o
                0x0000000008008544                HAL_I2CEx_EnableFastModePlus
 .text.HAL_PWR_EnableBkUpAccess
                0x0000000008008568       0x1c ./Drivers/STM32WLxx_HAL_Driver/Src/stm32wlxx_hal_pwr.o
                0x0000000008008568                HAL_PWR_EnableBkUpAccess
 .text.HAL_PWREx_GetVoltageRange
                0x0000000008008584       0x18 ./Drivers/STM32WLxx_HAL_Driver/Src/stm32wlxx_hal_pwr_ex.o
                0x0000000008008584                HAL_PWREx_GetVoltageRange
 .text.LL_PWR_IsEnabledBkUpAccess
                0x000000000800859c       0x24 ./Drivers/STM32WLxx_HAL_Driver/Src/stm32wlxx_hal_rcc.o
 .text.LL_RCC_HSE_EnableTcxo
                0x00000000080085c0       0x1c ./Drivers/STM32WLxx_HAL_Driver/Src/stm32wlxx_hal_rcc.o
 .text.LL_RCC_HSE_DisableTcxo
                0x00000000080085dc       0x1c ./Drivers/STM32WLxx_HAL_Driver/Src/stm32wlxx_hal_rcc.o
 .text.LL_RCC_HSE_IsEnabledDiv2
                0x00000000080085f8       0x22 ./Drivers/STM32WLxx_HAL_Driver/Src/stm32wlxx_hal_rcc.o
 .text.LL_RCC_HSE_Enable
                0x000000000800861a       0x1c ./Drivers/STM32WLxx_HAL_Driver/Src/stm32wlxx_hal_rcc.o
 .text.LL_RCC_HSE_Disable
                0x0000000008008636       0x1c ./Drivers/STM32WLxx_HAL_Driver/Src/stm32wlxx_hal_rcc.o
 .text.LL_RCC_HSE_IsReady
                0x0000000008008652       0x22 ./Drivers/STM32WLxx_HAL_Driver/Src/stm32wlxx_hal_rcc.o
 .text.LL_RCC_HSI_Enable
                0x0000000008008674       0x1c ./Drivers/STM32WLxx_HAL_Driver/Src/stm32wlxx_hal_rcc.o
 .text.LL_RCC_HSI_Disable
                0x0000000008008690       0x1c ./Drivers/STM32WLxx_HAL_Driver/Src/stm32wlxx_hal_rcc.o
 .text.LL_RCC_HSI_IsReady
                0x00000000080086ac       0x22 ./Drivers/STM32WLxx_HAL_Driver/Src/stm32wlxx_hal_rcc.o
 .text.LL_RCC_HSI_SetCalibTrimming
                0x00000000080086ce       0x28 ./Drivers/STM32WLxx_HAL_Driver/Src/stm32wlxx_hal_rcc.o
 .text.LL_RCC_LSE_IsReady
                0x00000000080086f6       0x22 ./Drivers/STM32WLxx_HAL_Driver/Src/stm32wlxx_hal_rcc.o
 .text.LL_RCC_LSI_Enable
                0x0000000008008718       0x20 ./Drivers/STM32WLxx_HAL_Driver/Src/stm32wlxx_hal_rcc.o
 .text.LL_RCC_LSI_Disable
                0x0000000008008738       0x20 ./Drivers/STM32WLxx_HAL_Driver/Src/stm32wlxx_hal_rcc.o
 .text.LL_RCC_LSI_IsReady
                0x0000000008008758       0x22 ./Drivers/STM32WLxx_HAL_Driver/Src/stm32wlxx_hal_rcc.o
 .text.LL_RCC_MSI_Enable
                0x000000000800877a       0x1c ./Drivers/STM32WLxx_HAL_Driver/Src/stm32wlxx_hal_rcc.o
 .text.LL_RCC_MSI_Disable
                0x0000000008008796       0x1c ./Drivers/STM32WLxx_HAL_Driver/Src/stm32wlxx_hal_rcc.o
 .text.LL_RCC_MSI_IsReady
                0x00000000080087b2       0x20 ./Drivers/STM32WLxx_HAL_Driver/Src/stm32wlxx_hal_rcc.o
 .text.LL_RCC_MSI_IsEnabledRangeSelect
                0x00000000080087d2       0x20 ./Drivers/STM32WLxx_HAL_Driver/Src/stm32wlxx_hal_rcc.o
 .text.LL_RCC_MSI_GetRange
                0x00000000080087f2       0x16 ./Drivers/STM32WLxx_HAL_Driver/Src/stm32wlxx_hal_rcc.o
 .text.LL_RCC_MSI_GetRangeAfterStandby
                0x0000000008008808       0x18 ./Drivers/STM32WLxx_HAL_Driver/Src/stm32wlxx_hal_rcc.o
 .text.LL_RCC_MSI_SetCalibTrimming
                0x0000000008008820       0x28 ./Drivers/STM32WLxx_HAL_Driver/Src/stm32wlxx_hal_rcc.o
 .text.LL_RCC_SetSysClkSource
                0x0000000008008848       0x26 ./Drivers/STM32WLxx_HAL_Driver/Src/stm32wlxx_hal_rcc.o
 .text.LL_RCC_GetSysClkSource
                0x000000000800886e       0x16 ./Drivers/STM32WLxx_HAL_Driver/Src/stm32wlxx_hal_rcc.o
 .text.LL_RCC_SetAHBPrescaler
                0x0000000008008884       0x26 ./Drivers/STM32WLxx_HAL_Driver/Src/stm32wlxx_hal_rcc.o
 .text.LL_C2_RCC_SetAHBPrescaler
                0x00000000080088aa       0x2a ./Drivers/STM32WLxx_HAL_Driver/Src/stm32wlxx_hal_rcc.o
 .text.LL_RCC_SetAHB3Prescaler
                0x00000000080088d4       0x2c ./Drivers/STM32WLxx_HAL_Driver/Src/stm32wlxx_hal_rcc.o
 .text.LL_RCC_SetAPB1Prescaler
                0x0000000008008900       0x26 ./Drivers/STM32WLxx_HAL_Driver/Src/stm32wlxx_hal_rcc.o
 .text.LL_RCC_SetAPB2Prescaler
                0x0000000008008926       0x26 ./Drivers/STM32WLxx_HAL_Driver/Src/stm32wlxx_hal_rcc.o
 .text.LL_RCC_GetAHBPrescaler
                0x000000000800894c       0x16 ./Drivers/STM32WLxx_HAL_Driver/Src/stm32wlxx_hal_rcc.o
 .text.LL_RCC_GetAHB3Prescaler
                0x0000000008008962       0x1a ./Drivers/STM32WLxx_HAL_Driver/Src/stm32wlxx_hal_rcc.o
 .text.LL_RCC_GetAPB1Prescaler
                0x000000000800897c       0x16 ./Drivers/STM32WLxx_HAL_Driver/Src/stm32wlxx_hal_rcc.o
 .text.LL_RCC_GetAPB2Prescaler
                0x0000000008008992       0x16 ./Drivers/STM32WLxx_HAL_Driver/Src/stm32wlxx_hal_rcc.o
 .text.LL_RCC_PLL_Enable
                0x00000000080089a8       0x1c ./Drivers/STM32WLxx_HAL_Driver/Src/stm32wlxx_hal_rcc.o
 .text.LL_RCC_PLL_Disable
                0x00000000080089c4       0x1c ./Drivers/STM32WLxx_HAL_Driver/Src/stm32wlxx_hal_rcc.o
 .text.LL_RCC_PLL_IsReady
                0x00000000080089e0       0x22 ./Drivers/STM32WLxx_HAL_Driver/Src/stm32wlxx_hal_rcc.o
 .text.LL_RCC_PLL_GetN
                0x0000000008008a02       0x18 ./Drivers/STM32WLxx_HAL_Driver/Src/stm32wlxx_hal_rcc.o
 .text.LL_RCC_PLL_GetR
                0x0000000008008a1a       0x16 ./Drivers/STM32WLxx_HAL_Driver/Src/stm32wlxx_hal_rcc.o
 .text.LL_RCC_PLL_GetDivider
                0x0000000008008a30       0x16 ./Drivers/STM32WLxx_HAL_Driver/Src/stm32wlxx_hal_rcc.o
 .text.LL_RCC_PLL_GetMainSource
                0x0000000008008a46       0x16 ./Drivers/STM32WLxx_HAL_Driver/Src/stm32wlxx_hal_rcc.o
 .text.LL_RCC_IsActiveFlag_HPRE
                0x0000000008008a5c       0x22 ./Drivers/STM32WLxx_HAL_Driver/Src/stm32wlxx_hal_rcc.o
 .text.LL_RCC_IsActiveFlag_C2HPRE
                0x0000000008008a7e       0x24 ./Drivers/STM32WLxx_HAL_Driver/Src/stm32wlxx_hal_rcc.o
 .text.LL_RCC_IsActiveFlag_SHDHPRE
                0x0000000008008aa2       0x24 ./Drivers/STM32WLxx_HAL_Driver/Src/stm32wlxx_hal_rcc.o
 .text.LL_RCC_IsActiveFlag_PPRE1
                0x0000000008008ac6       0x22 ./Drivers/STM32WLxx_HAL_Driver/Src/stm32wlxx_hal_rcc.o
 .text.LL_RCC_IsActiveFlag_PPRE2
                0x0000000008008ae8       0x22 ./Drivers/STM32WLxx_HAL_Driver/Src/stm32wlxx_hal_rcc.o
 *fill*         0x0000000008008b0a        0x2 
 .text.HAL_RCC_OscConfig
                0x0000000008008b0c      0x738 ./Drivers/STM32WLxx_HAL_Driver/Src/stm32wlxx_hal_rcc.o
                0x0000000008008b0c                HAL_RCC_OscConfig
 .text.HAL_RCC_ClockConfig
                0x0000000008009244      0x284 ./Drivers/STM32WLxx_HAL_Driver/Src/stm32wlxx_hal_rcc.o
                0x0000000008009244                HAL_RCC_ClockConfig
 .text.HAL_RCC_GetSysClockFreq
                0x00000000080094c8      0x140 ./Drivers/STM32WLxx_HAL_Driver/Src/stm32wlxx_hal_rcc.o
                0x00000000080094c8                HAL_RCC_GetSysClockFreq
 .text.HAL_RCC_GetHCLKFreq
                0x0000000008009608       0x28 ./Drivers/STM32WLxx_HAL_Driver/Src/stm32wlxx_hal_rcc.o
                0x0000000008009608                HAL_RCC_GetHCLKFreq
 .text.HAL_RCC_GetPCLK1Freq
                0x0000000008009630       0x24 ./Drivers/STM32WLxx_HAL_Driver/Src/stm32wlxx_hal_rcc.o
                0x0000000008009630                HAL_RCC_GetPCLK1Freq
 .text.HAL_RCC_GetPCLK2Freq
                0x0000000008009654       0x24 ./Drivers/STM32WLxx_HAL_Driver/Src/stm32wlxx_hal_rcc.o
                0x0000000008009654                HAL_RCC_GetPCLK2Freq
 .text.RCC_SetFlashLatencyFromMSIRange
                0x0000000008009678       0x60 ./Drivers/STM32WLxx_HAL_Driver/Src/stm32wlxx_hal_rcc.o
 .text.RCC_SetFlashLatency
                0x00000000080096d8      0x104 ./Drivers/STM32WLxx_HAL_Driver/Src/stm32wlxx_hal_rcc.o
 .text.LL_RCC_LSE_IsReady
                0x00000000080097dc       0x22 ./Drivers/STM32WLxx_HAL_Driver/Src/stm32wlxx_hal_rcc_ex.o
 .text.LL_RCC_SetUSARTClockSource
                0x00000000080097fe       0x30 ./Drivers/STM32WLxx_HAL_Driver/Src/stm32wlxx_hal_rcc_ex.o
 .text.LL_RCC_SetI2SClockSource
                0x000000000800982e       0x2a ./Drivers/STM32WLxx_HAL_Driver/Src/stm32wlxx_hal_rcc_ex.o
 .text.LL_RCC_SetLPUARTClockSource
                0x0000000008009858       0x2a ./Drivers/STM32WLxx_HAL_Driver/Src/stm32wlxx_hal_rcc_ex.o
 .text.LL_RCC_SetI2CClockSource
                0x0000000008009882       0x38 ./Drivers/STM32WLxx_HAL_Driver/Src/stm32wlxx_hal_rcc_ex.o
 .text.LL_RCC_SetLPTIMClockSource
                0x00000000080098ba       0x32 ./Drivers/STM32WLxx_HAL_Driver/Src/stm32wlxx_hal_rcc_ex.o
 .text.LL_RCC_SetRNGClockSource
                0x00000000080098ec       0x2a ./Drivers/STM32WLxx_HAL_Driver/Src/stm32wlxx_hal_rcc_ex.o
 .text.LL_RCC_SetADCClockSource
                0x0000000008009916       0x2a ./Drivers/STM32WLxx_HAL_Driver/Src/stm32wlxx_hal_rcc_ex.o
 .text.LL_RCC_SetRTCClockSource
                0x0000000008009940       0x2a ./Drivers/STM32WLxx_HAL_Driver/Src/stm32wlxx_hal_rcc_ex.o
 .text.LL_RCC_GetRTCClockSource
                0x000000000800996a       0x18 ./Drivers/STM32WLxx_HAL_Driver/Src/stm32wlxx_hal_rcc_ex.o
 .text.LL_RCC_ForceBackupDomainReset
                0x0000000008009982       0x20 ./Drivers/STM32WLxx_HAL_Driver/Src/stm32wlxx_hal_rcc_ex.o
 .text.LL_RCC_ReleaseBackupDomainReset
                0x00000000080099a2       0x20 ./Drivers/STM32WLxx_HAL_Driver/Src/stm32wlxx_hal_rcc_ex.o
 *fill*         0x00000000080099c2        0x2 
 .text.HAL_RCCEx_PeriphCLKConfig
                0x00000000080099c4      0x234 ./Drivers/STM32WLxx_HAL_Driver/Src/stm32wlxx_hal_rcc_ex.o
                0x00000000080099c4                HAL_RCCEx_PeriphCLKConfig
 .text.HAL_RTC_Init
                0x0000000008009bf8       0xf4 ./Drivers/STM32WLxx_HAL_Driver/Src/stm32wlxx_hal_rtc.o
                0x0000000008009bf8                HAL_RTC_Init
 .text.HAL_RTC_SetTime
                0x0000000008009cec      0x138 ./Drivers/STM32WLxx_HAL_Driver/Src/stm32wlxx_hal_rtc.o
                0x0000000008009cec                HAL_RTC_SetTime
 .text.HAL_RTC_SetDate
                0x0000000008009e24      0x10c ./Drivers/STM32WLxx_HAL_Driver/Src/stm32wlxx_hal_rtc.o
                0x0000000008009e24                HAL_RTC_SetDate
 .text.HAL_RTC_WaitForSynchro
                0x0000000008009f30       0x4c ./Drivers/STM32WLxx_HAL_Driver/Src/stm32wlxx_hal_rtc.o
                0x0000000008009f30                HAL_RTC_WaitForSynchro
 .text.RTC_EnterInitMode
                0x0000000008009f7c       0x68 ./Drivers/STM32WLxx_HAL_Driver/Src/stm32wlxx_hal_rtc.o
                0x0000000008009f7c                RTC_EnterInitMode
 .text.RTC_ExitInitMode
                0x0000000008009fe4       0x7c ./Drivers/STM32WLxx_HAL_Driver/Src/stm32wlxx_hal_rtc.o
                0x0000000008009fe4                RTC_ExitInitMode
 .text.RTC_ByteToBcd2
                0x000000000800a060       0x3e ./Drivers/STM32WLxx_HAL_Driver/Src/stm32wlxx_hal_rtc.o
                0x000000000800a060                RTC_ByteToBcd2
 .text.HAL_TIM_Base_Init
                0x000000000800a09e       0xae ./Drivers/STM32WLxx_HAL_Driver/Src/stm32wlxx_hal_tim.o
                0x000000000800a09e                HAL_TIM_Base_Init
 .text.HAL_TIM_IRQHandler
                0x000000000800a14c      0x23e ./Drivers/STM32WLxx_HAL_Driver/Src/stm32wlxx_hal_tim.o
                0x000000000800a14c                HAL_TIM_IRQHandler
 .text.HAL_TIM_ConfigClockSource
                0x000000000800a38a      0x192 ./Drivers/STM32WLxx_HAL_Driver/Src/stm32wlxx_hal_tim.o
                0x000000000800a38a                HAL_TIM_ConfigClockSource
 .text.HAL_TIM_PeriodElapsedCallback
                0x000000000800a51c       0x12 ./Drivers/STM32WLxx_HAL_Driver/Src/stm32wlxx_hal_tim.o
                0x000000000800a51c                HAL_TIM_PeriodElapsedCallback
 .text.HAL_TIM_OC_DelayElapsedCallback
                0x000000000800a52e       0x12 ./Drivers/STM32WLxx_HAL_Driver/Src/stm32wlxx_hal_tim.o
                0x000000000800a52e                HAL_TIM_OC_DelayElapsedCallback
 .text.HAL_TIM_IC_CaptureCallback
                0x000000000800a540       0x12 ./Drivers/STM32WLxx_HAL_Driver/Src/stm32wlxx_hal_tim.o
                0x000000000800a540                HAL_TIM_IC_CaptureCallback
 .text.HAL_TIM_PWM_PulseFinishedCallback
                0x000000000800a552       0x12 ./Drivers/STM32WLxx_HAL_Driver/Src/stm32wlxx_hal_tim.o
                0x000000000800a552                HAL_TIM_PWM_PulseFinishedCallback
 .text.HAL_TIM_TriggerCallback
                0x000000000800a564       0x12 ./Drivers/STM32WLxx_HAL_Driver/Src/stm32wlxx_hal_tim.o
                0x000000000800a564                HAL_TIM_TriggerCallback
 *fill*         0x000000000800a576        0x2 
 .text.TIM_Base_SetConfig
                0x000000000800a578       0xc4 ./Drivers/STM32WLxx_HAL_Driver/Src/stm32wlxx_hal_tim.o
                0x000000000800a578                TIM_Base_SetConfig
 .text.TIM_TI1_ConfigInputStage
                0x000000000800a63c       0x5c ./Drivers/STM32WLxx_HAL_Driver/Src/stm32wlxx_hal_tim.o
 .text.TIM_TI2_ConfigInputStage
                0x000000000800a698       0x5e ./Drivers/STM32WLxx_HAL_Driver/Src/stm32wlxx_hal_tim.o
 .text.TIM_ITRx_SetConfig
                0x000000000800a6f6       0x38 ./Drivers/STM32WLxx_HAL_Driver/Src/stm32wlxx_hal_tim.o
 .text.TIM_ETR_SetConfig
                0x000000000800a72e       0x3e ./Drivers/STM32WLxx_HAL_Driver/Src/stm32wlxx_hal_tim.o
                0x000000000800a72e                TIM_ETR_SetConfig
 .text.HAL_TIMEx_MasterConfigSynchronization
                0x000000000800a76c       0xbc ./Drivers/STM32WLxx_HAL_Driver/Src/stm32wlxx_hal_tim_ex.o
                0x000000000800a76c                HAL_TIMEx_MasterConfigSynchronization
 .text.HAL_TIMEx_CommutCallback
                0x000000000800a828       0x12 ./Drivers/STM32WLxx_HAL_Driver/Src/stm32wlxx_hal_tim_ex.o
                0x000000000800a828                HAL_TIMEx_CommutCallback
 .text.HAL_TIMEx_BreakCallback
                0x000000000800a83a       0x12 ./Drivers/STM32WLxx_HAL_Driver/Src/stm32wlxx_hal_tim_ex.o
                0x000000000800a83a                HAL_TIMEx_BreakCallback
 .text.HAL_TIMEx_Break2Callback
                0x000000000800a84c       0x12 ./Drivers/STM32WLxx_HAL_Driver/Src/stm32wlxx_hal_tim_ex.o
                0x000000000800a84c                HAL_TIMEx_Break2Callback
 .text.LL_RCC_GetUSARTClockSource
                0x000000000800a85e       0x24 ./Drivers/STM32WLxx_HAL_Driver/Src/stm32wlxx_hal_uart.o
 .text.LL_RCC_GetLPUARTClockSource
                0x000000000800a882       0x1e ./Drivers/STM32WLxx_HAL_Driver/Src/stm32wlxx_hal_uart.o
 .text.HAL_UART_Init
                0x000000000800a8a0       0xa0 ./Drivers/STM32WLxx_HAL_Driver/Src/stm32wlxx_hal_uart.o
                0x000000000800a8a0                HAL_UART_Init
 .text.HAL_UART_Transmit
                0x000000000800a940      0x12c ./Drivers/STM32WLxx_HAL_Driver/Src/stm32wlxx_hal_uart.o
                0x000000000800a940                HAL_UART_Transmit
 .text.UART_SetConfig
                0x000000000800aa6c      0x4e8 ./Drivers/STM32WLxx_HAL_Driver/Src/stm32wlxx_hal_uart.o
                0x000000000800aa6c                UART_SetConfig
 .text.UART_AdvFeatureConfig
                0x000000000800af54      0x142 ./Drivers/STM32WLxx_HAL_Driver/Src/stm32wlxx_hal_uart.o
                0x000000000800af54                UART_AdvFeatureConfig
 .text.UART_CheckIdleState
                0x000000000800b096       0x96 ./Drivers/STM32WLxx_HAL_Driver/Src/stm32wlxx_hal_uart.o
                0x000000000800b096                UART_CheckIdleState
 .text.UART_WaitOnFlagUntilTimeout
                0x000000000800b12c      0x190 ./Drivers/STM32WLxx_HAL_Driver/Src/stm32wlxx_hal_uart.o
                0x000000000800b12c                UART_WaitOnFlagUntilTimeout
 .text.HAL_UARTEx_DisableFifoMode
                0x000000000800b2bc       0x70 ./Drivers/STM32WLxx_HAL_Driver/Src/stm32wlxx_hal_uart_ex.o
                0x000000000800b2bc                HAL_UARTEx_DisableFifoMode
 .text.HAL_UARTEx_SetTxFifoThreshold
                0x000000000800b32c       0x7c ./Drivers/STM32WLxx_HAL_Driver/Src/stm32wlxx_hal_uart_ex.o
                0x000000000800b32c                HAL_UARTEx_SetTxFifoThreshold
 .text.HAL_UARTEx_SetRxFifoThreshold
                0x000000000800b3a8       0x7c ./Drivers/STM32WLxx_HAL_Driver/Src/stm32wlxx_hal_uart_ex.o
                0x000000000800b3a8                HAL_UARTEx_SetRxFifoThreshold
 .text.UARTEx_SetNbDataToProcess
                0x000000000800b424       0x98 ./Drivers/STM32WLxx_HAL_Driver/Src/stm32wlxx_hal_uart_ex.o
 .text.MX_MEMS_Init
                0x000000000800b4bc        0xc ./MEMS/App/app_mems.o
                0x000000000800b4bc                MX_MEMS_Init
 .text.MX_MEMS_Process
                0x000000000800b4c8        0xc ./MEMS/App/app_mems.o
                0x000000000800b4c8                MX_MEMS_Process
 .text.MX_DataLogTerminal_Init
                0x000000000800b4d4      0x24c ./MEMS/App/app_mems.o
 .text.BSP_PB_Callback
                0x000000000800b720       0x20 ./MEMS/App/app_mems.o
                0x000000000800b720                BSP_PB_Callback
 .text.MX_DataLogTerminal_Process
                0x000000000800b740       0xe0 ./MEMS/App/app_mems.o
 .text.floatToInt
                0x000000000800b820       0xfc ./MEMS/App/app_mems.o
 .text.Motion_Accelero_Sensor_Handler
                0x000000000800b91c      0x17c ./MEMS/App/app_mems.o
 .text.Motion_Gyro_Sensor_Handler
                0x000000000800ba98      0x17c ./MEMS/App/app_mems.o
 .text.Motion_Magneto_Sensor_Handler
                0x000000000800bc14      0x17c ./MEMS/App/app_mems.o
 .text.CUSTOM_MOTION_SENSOR_Init
                0x000000000800bd90      0x110 ./MEMS/Target/custom_motion_sensors.o
                0x000000000800bd90                CUSTOM_MOTION_SENSOR_Init
 .text.CUSTOM_MOTION_SENSOR_GetCapabilities
                0x000000000800bea0       0x54 ./MEMS/Target/custom_motion_sensors.o
                0x000000000800bea0                CUSTOM_MOTION_SENSOR_GetCapabilities
 .text.CUSTOM_MOTION_SENSOR_ReadID
                0x000000000800bef4       0x54 ./MEMS/Target/custom_motion_sensors.o
                0x000000000800bef4                CUSTOM_MOTION_SENSOR_ReadID
 .text.CUSTOM_MOTION_SENSOR_GetAxes
                0x000000000800bf48       0x88 ./MEMS/Target/custom_motion_sensors.o
                0x000000000800bf48                CUSTOM_MOTION_SENSOR_GetAxes
 .text.CUSTOM_MOTION_SENSOR_GetOutputDataRate
                0x000000000800bfd0       0x88 ./MEMS/Target/custom_motion_sensors.o
                0x000000000800bfd0                CUSTOM_MOTION_SENSOR_GetOutputDataRate
 .text.CUSTOM_MOTION_SENSOR_GetFullScale
                0x000000000800c058       0x88 ./MEMS/Target/custom_motion_sensors.o
                0x000000000800c058                CUSTOM_MOTION_SENSOR_GetFullScale
 .text.CUSTOM_MOTION_SENSOR_SetOutputDataRate
                0x000000000800c0e0       0x88 ./MEMS/Target/custom_motion_sensors.o
                0x000000000800c0e0                CUSTOM_MOTION_SENSOR_SetOutputDataRate
 .text.CUSTOM_MOTION_SENSOR_SetFullScale
                0x000000000800c168       0x88 ./MEMS/Target/custom_motion_sensors.o
                0x000000000800c168                CUSTOM_MOTION_SENSOR_SetFullScale
 .text.LSM6DSOX_0_Probe
                0x000000000800c1f0      0x178 ./MEMS/Target/custom_motion_sensors.o
 .text.__errno  0x000000000800c368        0xc c:/st/stm32cubeide_1.10.0/stm32cubeide/plugins/com.st.stm32cube.ide.mcu.externaltools.gnu-tools-for-stm32.10.3-2021.10.win32_1.0.0.202111181127/tools/bin/../lib/gcc/arm-none-eabi/10.3.1/../../../../arm-none-eabi/lib/thumb/v7e-m/nofp\libc_nano.a(lib_a-errno.o)
                0x000000000800c368                __errno
 .text.__libc_init_array
                0x000000000800c374       0x48 c:/st/stm32cubeide_1.10.0/stm32cubeide/plugins/com.st.stm32cube.ide.mcu.externaltools.gnu-tools-for-stm32.10.3-2021.10.win32_1.0.0.202111181127/tools/bin/../lib/gcc/arm-none-eabi/10.3.1/../../../../arm-none-eabi/lib/thumb/v7e-m/nofp\libc_nano.a(lib_a-init.o)
                0x000000000800c374                __libc_init_array
 .text.memset   0x000000000800c3bc       0x10 c:/st/stm32cubeide_1.10.0/stm32cubeide/plugins/com.st.stm32cube.ide.mcu.externaltools.gnu-tools-for-stm32.10.3-2021.10.win32_1.0.0.202111181127/tools/bin/../lib/gcc/arm-none-eabi/10.3.1/../../../../arm-none-eabi/lib/thumb/v7e-m/nofp\libc_nano.a(lib_a-memset.o)
                0x000000000800c3bc                memset
 .text.printf   0x000000000800c3cc       0x30 c:/st/stm32cubeide_1.10.0/stm32cubeide/plugins/com.st.stm32cube.ide.mcu.externaltools.gnu-tools-for-stm32.10.3-2021.10.win32_1.0.0.202111181127/tools/bin/../lib/gcc/arm-none-eabi/10.3.1/../../../../arm-none-eabi/lib/thumb/v7e-m/nofp\libc_nano.a(lib_a-printf.o)
                0x000000000800c3cc                iprintf
                0x000000000800c3cc                printf
 .text._puts_r  0x000000000800c3fc       0xdc c:/st/stm32cubeide_1.10.0/stm32cubeide/plugins/com.st.stm32cube.ide.mcu.externaltools.gnu-tools-for-stm32.10.3-2021.10.win32_1.0.0.202111181127/tools/bin/../lib/gcc/arm-none-eabi/10.3.1/../../../../arm-none-eabi/lib/thumb/v7e-m/nofp\libc_nano.a(lib_a-puts.o)
                0x000000000800c3fc                _puts_r
 .text.puts     0x000000000800c4d8       0x10 c:/st/stm32cubeide_1.10.0/stm32cubeide/plugins/com.st.stm32cube.ide.mcu.externaltools.gnu-tools-for-stm32.10.3-2021.10.win32_1.0.0.202111181127/tools/bin/../lib/gcc/arm-none-eabi/10.3.1/../../../../arm-none-eabi/lib/thumb/v7e-m/nofp\libc_nano.a(lib_a-puts.o)
                0x000000000800c4d8                puts
 .text.snprintf
                0x000000000800c4e8       0x68 c:/st/stm32cubeide_1.10.0/stm32cubeide/plugins/com.st.stm32cube.ide.mcu.externaltools.gnu-tools-for-stm32.10.3-2021.10.win32_1.0.0.202111181127/tools/bin/../lib/gcc/arm-none-eabi/10.3.1/../../../../arm-none-eabi/lib/thumb/v7e-m/nofp\libc_nano.a(lib_a-snprintf.o)
                0x000000000800c4e8                sniprintf
                0x000000000800c4e8                snprintf
 .text.sprintf  0x000000000800c550       0x40 c:/st/stm32cubeide_1.10.0/stm32cubeide/plugins/com.st.stm32cube.ide.mcu.externaltools.gnu-tools-for-stm32.10.3-2021.10.win32_1.0.0.202111181127/tools/bin/../lib/gcc/arm-none-eabi/10.3.1/../../../../arm-none-eabi/lib/thumb/v7e-m/nofp\libc_nano.a(lib_a-sprintf.o)
                0x000000000800c550                siprintf
                0x000000000800c550                sprintf
 .text.__swbuf_r
                0x000000000800c590       0xa4 c:/st/stm32cubeide_1.10.0/stm32cubeide/plugins/com.st.stm32cube.ide.mcu.externaltools.gnu-tools-for-stm32.10.3-2021.10.win32_1.0.0.202111181127/tools/bin/../lib/gcc/arm-none-eabi/10.3.1/../../../../arm-none-eabi/lib/thumb/v7e-m/nofp\libc_nano.a(lib_a-wbuf.o)
                0x000000000800c590                __swbuf_r
 .text.__swsetup_r
                0x000000000800c634       0xdc c:/st/stm32cubeide_1.10.0/stm32cubeide/plugins/com.st.stm32cube.ide.mcu.externaltools.gnu-tools-for-stm32.10.3-2021.10.win32_1.0.0.202111181127/tools/bin/../lib/gcc/arm-none-eabi/10.3.1/../../../../arm-none-eabi/lib/thumb/v7e-m/nofp\libc_nano.a(lib_a-wsetup.o)
                0x000000000800c634                __swsetup_r
 .text.__sflush_r
                0x000000000800c710      0x104 c:/st/stm32cubeide_1.10.0/stm32cubeide/plugins/com.st.stm32cube.ide.mcu.externaltools.gnu-tools-for-stm32.10.3-2021.10.win32_1.0.0.202111181127/tools/bin/../lib/gcc/arm-none-eabi/10.3.1/../../../../arm-none-eabi/lib/thumb/v7e-m/nofp\libc_nano.a(lib_a-fflush.o)
                0x000000000800c710                __sflush_r
 .text._fflush_r
                0x000000000800c814       0x78 c:/st/stm32cubeide_1.10.0/stm32cubeide/plugins/com.st.stm32cube.ide.mcu.externaltools.gnu-tools-for-stm32.10.3-2021.10.win32_1.0.0.202111181127/tools/bin/../lib/gcc/arm-none-eabi/10.3.1/../../../../arm-none-eabi/lib/thumb/v7e-m/nofp\libc_nano.a(lib_a-fflush.o)
                0x000000000800c814                _fflush_r
 .text.std      0x000000000800c88c       0x48 c:/st/stm32cubeide_1.10.0/stm32cubeide/plugins/com.st.stm32cube.ide.mcu.externaltools.gnu-tools-for-stm32.10.3-2021.10.win32_1.0.0.202111181127/tools/bin/../lib/gcc/arm-none-eabi/10.3.1/../../../../arm-none-eabi/lib/thumb/v7e-m/nofp\libc_nano.a(lib_a-findfp.o)
 .text._cleanup_r
                0x000000000800c8d4        0xc c:/st/stm32cubeide_1.10.0/stm32cubeide/plugins/com.st.stm32cube.ide.mcu.externaltools.gnu-tools-for-stm32.10.3-2021.10.win32_1.0.0.202111181127/tools/bin/../lib/gcc/arm-none-eabi/10.3.1/../../../../arm-none-eabi/lib/thumb/v7e-m/nofp\libc_nano.a(lib_a-findfp.o)
                0x000000000800c8d4                _cleanup_r
 .text.__sfmoreglue
                0x000000000800c8e0       0x2c c:/st/stm32cubeide_1.10.0/stm32cubeide/plugins/com.st.stm32cube.ide.mcu.externaltools.gnu-tools-for-stm32.10.3-2021.10.win32_1.0.0.202111181127/tools/bin/../lib/gcc/arm-none-eabi/10.3.1/../../../../arm-none-eabi/lib/thumb/v7e-m/nofp\libc_nano.a(lib_a-findfp.o)
                0x000000000800c8e0                __sfmoreglue
 .text.__sfp_lock_acquire
                0x000000000800c90c        0xc c:/st/stm32cubeide_1.10.0/stm32cubeide/plugins/com.st.stm32cube.ide.mcu.externaltools.gnu-tools-for-stm32.10.3-2021.10.win32_1.0.0.202111181127/tools/bin/../lib/gcc/arm-none-eabi/10.3.1/../../../../arm-none-eabi/lib/thumb/v7e-m/nofp\libc_nano.a(lib_a-findfp.o)
                0x000000000800c90c                __sfp_lock_acquire
 .text.__sfp_lock_release
                0x000000000800c918        0xc c:/st/stm32cubeide_1.10.0/stm32cubeide/plugins/com.st.stm32cube.ide.mcu.externaltools.gnu-tools-for-stm32.10.3-2021.10.win32_1.0.0.202111181127/tools/bin/../lib/gcc/arm-none-eabi/10.3.1/../../../../arm-none-eabi/lib/thumb/v7e-m/nofp\libc_nano.a(lib_a-findfp.o)
                0x000000000800c918                __sfp_lock_release
 .text.__sinit_lock_acquire
                0x000000000800c924        0xc c:/st/stm32cubeide_1.10.0/stm32cubeide/plugins/com.st.stm32cube.ide.mcu.externaltools.gnu-tools-for-stm32.10.3-2021.10.win32_1.0.0.202111181127/tools/bin/../lib/gcc/arm-none-eabi/10.3.1/../../../../arm-none-eabi/lib/thumb/v7e-m/nofp\libc_nano.a(lib_a-findfp.o)
                0x000000000800c924                __sinit_lock_acquire
 .text.__sinit_lock_release
                0x000000000800c930        0xc c:/st/stm32cubeide_1.10.0/stm32cubeide/plugins/com.st.stm32cube.ide.mcu.externaltools.gnu-tools-for-stm32.10.3-2021.10.win32_1.0.0.202111181127/tools/bin/../lib/gcc/arm-none-eabi/10.3.1/../../../../arm-none-eabi/lib/thumb/v7e-m/nofp\libc_nano.a(lib_a-findfp.o)
                0x000000000800c930                __sinit_lock_release
 .text.__sinit  0x000000000800c93c       0x70 c:/st/stm32cubeide_1.10.0/stm32cubeide/plugins/com.st.stm32cube.ide.mcu.externaltools.gnu-tools-for-stm32.10.3-2021.10.win32_1.0.0.202111181127/tools/bin/../lib/gcc/arm-none-eabi/10.3.1/../../../../arm-none-eabi/lib/thumb/v7e-m/nofp\libc_nano.a(lib_a-findfp.o)
                0x000000000800c93c                __sinit
 .text.__sfp    0x000000000800c9ac       0x8c c:/st/stm32cubeide_1.10.0/stm32cubeide/plugins/com.st.stm32cube.ide.mcu.externaltools.gnu-tools-for-stm32.10.3-2021.10.win32_1.0.0.202111181127/tools/bin/../lib/gcc/arm-none-eabi/10.3.1/../../../../arm-none-eabi/lib/thumb/v7e-m/nofp\libc_nano.a(lib_a-findfp.o)
                0x000000000800c9ac                __sfp
 .text._fwalk_reent
                0x000000000800ca38       0x3e c:/st/stm32cubeide_1.10.0/stm32cubeide/plugins/com.st.stm32cube.ide.mcu.externaltools.gnu-tools-for-stm32.10.3-2021.10.win32_1.0.0.202111181127/tools/bin/../lib/gcc/arm-none-eabi/10.3.1/../../../../arm-none-eabi/lib/thumb/v7e-m/nofp\libc_nano.a(lib_a-fwalk.o)
                0x000000000800ca38                _fwalk_reent
 .text.__retarget_lock_init_recursive
                0x000000000800ca76        0x2 c:/st/stm32cubeide_1.10.0/stm32cubeide/plugins/com.st.stm32cube.ide.mcu.externaltools.gnu-tools-for-stm32.10.3-2021.10.win32_1.0.0.202111181127/tools/bin/../lib/gcc/arm-none-eabi/10.3.1/../../../../arm-none-eabi/lib/thumb/v7e-m/nofp\libc_nano.a(lib_a-lock.o)
                0x000000000800ca76                __retarget_lock_init_recursive
 .text.__retarget_lock_acquire_recursive
                0x000000000800ca78        0x2 c:/st/stm32cubeide_1.10.0/stm32cubeide/plugins/com.st.stm32cube.ide.mcu.externaltools.gnu-tools-for-stm32.10.3-2021.10.win32_1.0.0.202111181127/tools/bin/../lib/gcc/arm-none-eabi/10.3.1/../../../../arm-none-eabi/lib/thumb/v7e-m/nofp\libc_nano.a(lib_a-lock.o)
                0x000000000800ca78                __retarget_lock_acquire_recursive
 .text.__retarget_lock_release_recursive
                0x000000000800ca7a        0x2 c:/st/stm32cubeide_1.10.0/stm32cubeide/plugins/com.st.stm32cube.ide.mcu.externaltools.gnu-tools-for-stm32.10.3-2021.10.win32_1.0.0.202111181127/tools/bin/../lib/gcc/arm-none-eabi/10.3.1/../../../../arm-none-eabi/lib/thumb/v7e-m/nofp\libc_nano.a(lib_a-lock.o)
                0x000000000800ca7a                __retarget_lock_release_recursive
 .text.__swhatbuf_r
                0x000000000800ca7c       0x4a c:/st/stm32cubeide_1.10.0/stm32cubeide/plugins/com.st.stm32cube.ide.mcu.externaltools.gnu-tools-for-stm32.10.3-2021.10.win32_1.0.0.202111181127/tools/bin/../lib/gcc/arm-none-eabi/10.3.1/../../../../arm-none-eabi/lib/thumb/v7e-m/nofp\libc_nano.a(lib_a-makebuf.o)
                0x000000000800ca7c                __swhatbuf_r
 *fill*         0x000000000800cac6        0x2 
 .text.__smakebuf_r
                0x000000000800cac8       0x80 c:/st/stm32cubeide_1.10.0/stm32cubeide/plugins/com.st.stm32cube.ide.mcu.externaltools.gnu-tools-for-stm32.10.3-2021.10.win32_1.0.0.202111181127/tools/bin/../lib/gcc/arm-none-eabi/10.3.1/../../../../arm-none-eabi/lib/thumb/v7e-m/nofp\libc_nano.a(lib_a-makebuf.o)
                0x000000000800cac8                __smakebuf_r
 .text._free_r  0x000000000800cb48       0x94 c:/st/stm32cubeide_1.10.0/stm32cubeide/plugins/com.st.stm32cube.ide.mcu.externaltools.gnu-tools-for-stm32.10.3-2021.10.win32_1.0.0.202111181127/tools/bin/../lib/gcc/arm-none-eabi/10.3.1/../../../../arm-none-eabi/lib/thumb/v7e-m/nofp\libc_nano.a(lib_a-nano-freer.o)
                0x000000000800cb48                _free_r
 .text.sbrk_aligned
                0x000000000800cbdc       0x40 c:/st/stm32cubeide_1.10.0/stm32cubeide/plugins/com.st.stm32cube.ide.mcu.externaltools.gnu-tools-for-stm32.10.3-2021.10.win32_1.0.0.202111181127/tools/bin/../lib/gcc/arm-none-eabi/10.3.1/../../../../arm-none-eabi/lib/thumb/v7e-m/nofp\libc_nano.a(lib_a-nano-mallocr.o)
 .text._malloc_r
                0x000000000800cc1c       0xe8 c:/st/stm32cubeide_1.10.0/stm32cubeide/plugins/com.st.stm32cube.ide.mcu.externaltools.gnu-tools-for-stm32.10.3-2021.10.win32_1.0.0.202111181127/tools/bin/../lib/gcc/arm-none-eabi/10.3.1/../../../../arm-none-eabi/lib/thumb/v7e-m/nofp\libc_nano.a(lib_a-nano-mallocr.o)
                0x000000000800cc1c                _malloc_r
 .text.__ssputs_r
                0x000000000800cd04       0xb6 c:/st/stm32cubeide_1.10.0/stm32cubeide/plugins/com.st.stm32cube.ide.mcu.externaltools.gnu-tools-for-stm32.10.3-2021.10.win32_1.0.0.202111181127/tools/bin/../lib/gcc/arm-none-eabi/10.3.1/../../../../arm-none-eabi/lib/thumb/v7e-m/nofp\libc_nano.a(lib_a-nano-svfprintf.o)
                0x000000000800cd04                __ssputs_r
 *fill*         0x000000000800cdba        0x2 
 .text._svfprintf_r
                0x000000000800cdbc      0x200 c:/st/stm32cubeide_1.10.0/stm32cubeide/plugins/com.st.stm32cube.ide.mcu.externaltools.gnu-tools-for-stm32.10.3-2021.10.win32_1.0.0.202111181127/tools/bin/../lib/gcc/arm-none-eabi/10.3.1/../../../../arm-none-eabi/lib/thumb/v7e-m/nofp\libc_nano.a(lib_a-nano-svfprintf.o)
                0x000000000800cdbc                _svfiprintf_r
                0x000000000800cdbc                _svfprintf_r
 .text.__sfputc_r
                0x000000000800cfbc       0x2a c:/st/stm32cubeide_1.10.0/stm32cubeide/plugins/com.st.stm32cube.ide.mcu.externaltools.gnu-tools-for-stm32.10.3-2021.10.win32_1.0.0.202111181127/tools/bin/../lib/gcc/arm-none-eabi/10.3.1/../../../../arm-none-eabi/lib/thumb/v7e-m/nofp\libc_nano.a(lib_a-nano-vfprintf.o)
 .text.__sfputs_r
                0x000000000800cfe6       0x24 c:/st/stm32cubeide_1.10.0/stm32cubeide/plugins/com.st.stm32cube.ide.mcu.externaltools.gnu-tools-for-stm32.10.3-2021.10.win32_1.0.0.202111181127/tools/bin/../lib/gcc/arm-none-eabi/10.3.1/../../../../arm-none-eabi/lib/thumb/v7e-m/nofp\libc_nano.a(lib_a-nano-vfprintf.o)
                0x000000000800cfe6                __sfputs_r
 *fill*         0x000000000800d00a        0x2 
 .text._vfprintf_r
                0x000000000800d00c      0x260 c:/st/stm32cubeide_1.10.0/stm32cubeide/plugins/com.st.stm32cube.ide.mcu.externaltools.gnu-tools-for-stm32.10.3-2021.10.win32_1.0.0.202111181127/tools/bin/../lib/gcc/arm-none-eabi/10.3.1/../../../../arm-none-eabi/lib/thumb/v7e-m/nofp\libc_nano.a(lib_a-nano-vfprintf.o)
                0x000000000800d00c                _vfprintf_r
                0x000000000800d00c                _vfiprintf_r
 .text._printf_common
                0x000000000800d26c       0xda c:/st/stm32cubeide_1.10.0/stm32cubeide/plugins/com.st.stm32cube.ide.mcu.externaltools.gnu-tools-for-stm32.10.3-2021.10.win32_1.0.0.202111181127/tools/bin/../lib/gcc/arm-none-eabi/10.3.1/../../../../arm-none-eabi/lib/thumb/v7e-m/nofp\libc_nano.a(lib_a-nano-vfprintf_i.o)
                0x000000000800d26c                _printf_common
 *fill*         0x000000000800d346        0x2 
 .text._printf_i
                0x000000000800d348      0x24c c:/st/stm32cubeide_1.10.0/stm32cubeide/plugins/com.st.stm32cube.ide.mcu.externaltools.gnu-tools-for-stm32.10.3-2021.10.win32_1.0.0.202111181127/tools/bin/../lib/gcc/arm-none-eabi/10.3.1/../../../../arm-none-eabi/lib/thumb/v7e-m/nofp\libc_nano.a(lib_a-nano-vfprintf_i.o)
                0x000000000800d348                _printf_i
 .text._sbrk_r  0x000000000800d594       0x20 c:/st/stm32cubeide_1.10.0/stm32cubeide/plugins/com.st.stm32cube.ide.mcu.externaltools.gnu-tools-for-stm32.10.3-2021.10.win32_1.0.0.202111181127/tools/bin/../lib/gcc/arm-none-eabi/10.3.1/../../../../arm-none-eabi/lib/thumb/v7e-m/nofp\libc_nano.a(lib_a-sbrkr.o)
                0x000000000800d594                _sbrk_r
 .text.__sread  0x000000000800d5b4       0x22 c:/st/stm32cubeide_1.10.0/stm32cubeide/plugins/com.st.stm32cube.ide.mcu.externaltools.gnu-tools-for-stm32.10.3-2021.10.win32_1.0.0.202111181127/tools/bin/../lib/gcc/arm-none-eabi/10.3.1/../../../../arm-none-eabi/lib/thumb/v7e-m/nofp\libc_nano.a(lib_a-stdio.o)
                0x000000000800d5b4                __sread
 .text.__swrite
                0x000000000800d5d6       0x38 c:/st/stm32cubeide_1.10.0/stm32cubeide/plugins/com.st.stm32cube.ide.mcu.externaltools.gnu-tools-for-stm32.10.3-2021.10.win32_1.0.0.202111181127/tools/bin/../lib/gcc/arm-none-eabi/10.3.1/../../../../arm-none-eabi/lib/thumb/v7e-m/nofp\libc_nano.a(lib_a-stdio.o)
                0x000000000800d5d6                __swrite
 .text.__sseek  0x000000000800d60e       0x24 c:/st/stm32cubeide_1.10.0/stm32cubeide/plugins/com.st.stm32cube.ide.mcu.externaltools.gnu-tools-for-stm32.10.3-2021.10.win32_1.0.0.202111181127/tools/bin/../lib/gcc/arm-none-eabi/10.3.1/../../../../arm-none-eabi/lib/thumb/v7e-m/nofp\libc_nano.a(lib_a-stdio.o)
                0x000000000800d60e                __sseek
 .text.__sclose
                0x000000000800d632        0x8 c:/st/stm32cubeide_1.10.0/stm32cubeide/plugins/com.st.stm32cube.ide.mcu.externaltools.gnu-tools-for-stm32.10.3-2021.10.win32_1.0.0.202111181127/tools/bin/../lib/gcc/arm-none-eabi/10.3.1/../../../../arm-none-eabi/lib/thumb/v7e-m/nofp\libc_nano.a(lib_a-stdio.o)
                0x000000000800d632                __sclose
 *fill*         0x000000000800d63a        0x2 
 .text._write_r
                0x000000000800d63c       0x24 c:/st/stm32cubeide_1.10.0/stm32cubeide/plugins/com.st.stm32cube.ide.mcu.externaltools.gnu-tools-for-stm32.10.3-2021.10.win32_1.0.0.202111181127/tools/bin/../lib/gcc/arm-none-eabi/10.3.1/../../../../arm-none-eabi/lib/thumb/v7e-m/nofp\libc_nano.a(lib_a-writer.o)
                0x000000000800d63c                _write_r
 .text._close_r
                0x000000000800d660       0x20 c:/st/stm32cubeide_1.10.0/stm32cubeide/plugins/com.st.stm32cube.ide.mcu.externaltools.gnu-tools-for-stm32.10.3-2021.10.win32_1.0.0.202111181127/tools/bin/../lib/gcc/arm-none-eabi/10.3.1/../../../../arm-none-eabi/lib/thumb/v7e-m/nofp\libc_nano.a(lib_a-closer.o)
                0x000000000800d660                _close_r
 .text._fstat_r
                0x000000000800d680       0x24 c:/st/stm32cubeide_1.10.0/stm32cubeide/plugins/com.st.stm32cube.ide.mcu.externaltools.gnu-tools-for-stm32.10.3-2021.10.win32_1.0.0.202111181127/tools/bin/../lib/gcc/arm-none-eabi/10.3.1/../../../../arm-none-eabi/lib/thumb/v7e-m/nofp\libc_nano.a(lib_a-fstatr.o)
                0x000000000800d680                _fstat_r
 .text._isatty_r
                0x000000000800d6a4       0x20 c:/st/stm32cubeide_1.10.0/stm32cubeide/plugins/com.st.stm32cube.ide.mcu.externaltools.gnu-tools-for-stm32.10.3-2021.10.win32_1.0.0.202111181127/tools/bin/../lib/gcc/arm-none-eabi/10.3.1/../../../../arm-none-eabi/lib/thumb/v7e-m/nofp\libc_nano.a(lib_a-isattyr.o)
                0x000000000800d6a4                _isatty_r
 .text._lseek_r
                0x000000000800d6c4       0x24 c:/st/stm32cubeide_1.10.0/stm32cubeide/plugins/com.st.stm32cube.ide.mcu.externaltools.gnu-tools-for-stm32.10.3-2021.10.win32_1.0.0.202111181127/tools/bin/../lib/gcc/arm-none-eabi/10.3.1/../../../../arm-none-eabi/lib/thumb/v7e-m/nofp\libc_nano.a(lib_a-lseekr.o)
                0x000000000800d6c4                _lseek_r
 .text.memcpy   0x000000000800d6e8       0x1c c:/st/stm32cubeide_1.10.0/stm32cubeide/plugins/com.st.stm32cube.ide.mcu.externaltools.gnu-tools-for-stm32.10.3-2021.10.win32_1.0.0.202111181127/tools/bin/../lib/gcc/arm-none-eabi/10.3.1/../../../../arm-none-eabi/lib/thumb/v7e-m/nofp\libc_nano.a(lib_a-memcpy-stub.o)
                0x000000000800d6e8                memcpy
 .text.memmove  0x000000000800d704       0x34 c:/st/stm32cubeide_1.10.0/stm32cubeide/plugins/com.st.stm32cube.ide.mcu.externaltools.gnu-tools-for-stm32.10.3-2021.10.win32_1.0.0.202111181127/tools/bin/../lib/gcc/arm-none-eabi/10.3.1/../../../../arm-none-eabi/lib/thumb/v7e-m/nofp\libc_nano.a(lib_a-memmove.o)
                0x000000000800d704                memmove
 .text.__malloc_lock
                0x000000000800d738        0xc c:/st/stm32cubeide_1.10.0/stm32cubeide/plugins/com.st.stm32cube.ide.mcu.externaltools.gnu-tools-for-stm32.10.3-2021.10.win32_1.0.0.202111181127/tools/bin/../lib/gcc/arm-none-eabi/10.3.1/../../../../arm-none-eabi/lib/thumb/v7e-m/nofp\libc_nano.a(lib_a-mlock.o)
                0x000000000800d738                __malloc_lock
 .text.__malloc_unlock
                0x000000000800d744        0xc c:/st/stm32cubeide_1.10.0/stm32cubeide/plugins/com.st.stm32cube.ide.mcu.externaltools.gnu-tools-for-stm32.10.3-2021.10.win32_1.0.0.202111181127/tools/bin/../lib/gcc/arm-none-eabi/10.3.1/../../../../arm-none-eabi/lib/thumb/v7e-m/nofp\libc_nano.a(lib_a-mlock.o)
                0x000000000800d744                __malloc_unlock
 .text._realloc_r
                0x000000000800d750       0x5e c:/st/stm32cubeide_1.10.0/stm32cubeide/plugins/com.st.stm32cube.ide.mcu.externaltools.gnu-tools-for-stm32.10.3-2021.10.win32_1.0.0.202111181127/tools/bin/../lib/gcc/arm-none-eabi/10.3.1/../../../../arm-none-eabi/lib/thumb/v7e-m/nofp\libc_nano.a(lib_a-nano-reallocr.o)
                0x000000000800d750                _realloc_r
 *fill*         0x000000000800d7ae        0x2 
 .text._read_r  0x000000000800d7b0       0x24 c:/st/stm32cubeide_1.10.0/stm32cubeide/plugins/com.st.stm32cube.ide.mcu.externaltools.gnu-tools-for-stm32.10.3-2021.10.win32_1.0.0.202111181127/tools/bin/../lib/gcc/arm-none-eabi/10.3.1/../../../../arm-none-eabi/lib/thumb/v7e-m/nofp\libc_nano.a(lib_a-readr.o)
                0x000000000800d7b0                _read_r
 .text._malloc_usable_size_r
                0x000000000800d7d4       0x10 c:/st/stm32cubeide_1.10.0/stm32cubeide/plugins/com.st.stm32cube.ide.mcu.externaltools.gnu-tools-for-stm32.10.3-2021.10.win32_1.0.0.202111181127/tools/bin/../lib/gcc/arm-none-eabi/10.3.1/../../../../arm-none-eabi/lib/thumb/v7e-m/nofp\libc_nano.a(lib_a-nano-msizer.o)
                0x000000000800d7d4                _malloc_usable_size_r
 .text.trunc    0x000000000800d7e4       0x60 c:/st/stm32cubeide_1.10.0/stm32cubeide/plugins/com.st.stm32cube.ide.mcu.externaltools.gnu-tools-for-stm32.10.3-2021.10.win32_1.0.0.202111181127/tools/bin/../lib/gcc/arm-none-eabi/10.3.1/../../../../arm-none-eabi/lib/thumb/v7e-m/nofp\libm.a(lib_a-s_trunc.o)
                0x000000000800d7e4                trunc