../MEMS/App/app_mems.c:102:6:MX_MEMS_Init	8	static
../MEMS/App/app_mems.c:124:6:MX_MEMS_Process	8	static
../MEMS/App/app_mems.c:144:6:HAL_TIM_PeriodElapsedCallback	16	static
../MEMS/App/app_mems.c:157:13:MX_DataLogFusion_Init	32	static
../MEMS/App/app_mems.c:237:13:MX_DataLogFusion_Process	8	static
../MEMS/App/app_mems.c:321:13:Init_Sensors	8	static
../MEMS/App/app_mems.c:339:13:RTC_Handler	56	static
../MEMS/App/app_mems.c:380:13:FX_Data_Handler	128	static
../MEMS/App/app_mems.c:435:6:BSP_PB_Callback	16	static
../MEMS/App/app_mems.c:445:13:Accelero_Sensor_Handler	16	static
../MEMS/App/app_mems.c:471:13:Gyro_Sensor_Handler	16	static
../MEMS/App/app_mems.c:497:13:Magneto_Sensor_Handler	56	static
../MEMS/App/app_mems.c:558:13:Pressure_Sensor_Handler	16	static
../MEMS/App/app_mems.c:580:13:Temperature_Sensor_Handler	16	static
../MEMS/App/app_mems.c:602:13:Humidity_Sensor_Handler	16	static
../MEMS/App/app_mems.c:624:13:TIM_Config	32	static
../MEMS/App/app_mems.c:647:13:MEMS_INT1_Force_Low	32	static
../MEMS/App/app_mems.c:664:13:MEMS_INT1_Init	32	static
../MEMS/App/app_mems.c:680:13:DWT_Init	4	static
../MEMS/App/app_mems.c:691:13:DWT_Start	4	static
../MEMS/App/app_mems.c:702:17:DWT_Stop	16	static
