../Drivers/STM32WLxx_HAL_Driver/Inc/stm32wlxx_ll_rcc.h:1257:22:LL_RCC_LSE_SetDriveCapability	16	static
../Drivers/STM32WLxx_HAL_Driver/Inc/stm32wlxx_ll_bus.h:287:22:LL_AHB1_GRP1_EnableClock	24	static
../Drivers/STM32WLxx_HAL_Driver/Inc/stm32wlxx_ll_bus.h:449:22:LL_AHB2_GRP1_EnableClock	24	static
../Core/Src/main.c:79:5:main	8	static
../Core/Src/main.c:140:6:SystemClock_Config	112	static
../Core/Src/main.c:192:13:MX_CRC_Init	8	static
../Core/Src/main.c:223:13:MX_USART1_UART_Init	8	static
../Core/Src/main.c:271:13:MX_RTC_Init	32	static
../Core/Src/main.c:337:13:MX_TIM1_Init	40	static
../Core/Src/main.c:384:13:MX_TIM2_Init	40	static
../Core/Src/main.c:427:13:MX_DMA_Init	8	static
../Core/Src/main.c:446:13:MX_GPIO_Init	32	static
../Core/Src/main.c:513:6:Error_Handler	4	static,ignoring_inline_asm
