../Drivers/STM32WLxx_HAL_Driver/Inc/stm32wlxx_ll_bus.h:449:22:LL_AHB2_GRP1_EnableClock	24	static
../Drivers/STM32WLxx_HAL_Driver/Inc/stm32wlxx_ll_bus.h:914:22:LL_APB1_GRP1_EnableClock	24	static
../Drivers/STM32WLxx_HAL_Driver/Inc/stm32wlxx_ll_bus.h:1018:22:LL_APB1_GRP1_DisableClock	16	static
../Core/Src/stm32wlxx_nucleo_bus.c:91:9:BSP_I2C2_Init	16	static
../Core/Src/stm32wlxx_nucleo_bus.c:139:9:BSP_I2C2_DeInit	16	static
../Core/Src/stm32wlxx_nucleo_bus.c:167:9:BSP_I2C2_IsReady	24	static
../Core/Src/stm32wlxx_nucleo_bus.c:188:9:BSP_I2C2_WriteReg	48	static
../Core/Src/stm32wlxx_nucleo_bus.c:214:10:BSP_I2C2_ReadReg	48	static
../Core/Src/stm32wlxx_nucleo_bus.c:242:9:BSP_I2C2_WriteReg16	48	static
../Core/Src/stm32wlxx_nucleo_bus.c:267:10:BSP_I2C2_ReadReg16	48	static
../Core/Src/stm32wlxx_nucleo_bus.c:292:9:BSP_I2C2_Send	32	static
../Core/Src/stm32wlxx_nucleo_bus.c:317:9:BSP_I2C2_Recv	32	static
../Core/Src/stm32wlxx_nucleo_bus.c:392:9:BSP_GetTick	8	static
../Core/Src/stm32wlxx_nucleo_bus.c:398:26:MX_I2C2_Init	24	static
../Core/Src/stm32wlxx_nucleo_bus.c:429:13:I2C2_MspInit	96	static
../Core/Src/stm32wlxx_nucleo_bus.c:469:13:I2C2_MspDeInit	16	static
