../MEMS/Target/custom_mems_control.c:28:6:BSP_SENSOR_ACC_Init	8	static
../MEMS/Target/custom_mems_control.c:48:6:BSP_SENSOR_GYR_Init	8	static
../MEMS/Target/custom_mems_control.c:62:6:BSP_SENSOR_MAG_Init	4	static
../MEMS/Target/custom_mems_control.c:76:6:BSP_SENSOR_PRESS_Init	4	static
../MEMS/Target/custom_mems_control.c:90:6:BSP_SENSOR_TEMP_Init	4	static
../MEMS/Target/custom_mems_control.c:110:6:BSP_SENSOR_HUM_Init	4	static
../MEMS/Target/custom_mems_control.c:124:6:BSP_SENSOR_ACC_Enable	8	static
../MEMS/Target/custom_mems_control.c:144:6:BSP_SENSOR_GYR_Enable	8	static
../MEMS/Target/custom_mems_control.c:158:6:BSP_SENSOR_MAG_Enable	4	static
../MEMS/Target/custom_mems_control.c:172:6:BSP_SENSOR_PRESS_Enable	4	static
../MEMS/Target/custom_mems_control.c:186:6:BSP_SENSOR_TEMP_Enable	4	static
../MEMS/Target/custom_mems_control.c:206:6:BSP_SENSOR_HUM_Enable	4	static
../MEMS/Target/custom_mems_control.c:220:6:BSP_SENSOR_ACC_Disable	8	static
../MEMS/Target/custom_mems_control.c:240:6:BSP_SENSOR_GYR_Disable	8	static
../MEMS/Target/custom_mems_control.c:254:6:BSP_SENSOR_MAG_Disable	4	static
../MEMS/Target/custom_mems_control.c:268:6:BSP_SENSOR_PRESS_Disable	4	static
../MEMS/Target/custom_mems_control.c:282:6:BSP_SENSOR_TEMP_Disable	4	static
../MEMS/Target/custom_mems_control.c:302:6:BSP_SENSOR_HUM_Disable	4	static
../MEMS/Target/custom_mems_control.c:316:6:BSP_SENSOR_ACC_GetAxes	16	static
../MEMS/Target/custom_mems_control.c:344:6:BSP_SENSOR_GYR_GetAxes	16	static
../MEMS/Target/custom_mems_control.c:362:6:BSP_SENSOR_MAG_GetAxes	16	static
../MEMS/Target/custom_mems_control.c:380:6:BSP_SENSOR_PRESS_GetValue	16	static
../MEMS/Target/custom_mems_control.c:396:6:BSP_SENSOR_TEMP_GetValue	16	static
../MEMS/Target/custom_mems_control.c:420:6:BSP_SENSOR_HUM_GetValue	16	static
../MEMS/Target/custom_mems_control.c:436:6:BSP_SENSOR_ACC_SetOutputDataRate	16	static
../MEMS/Target/custom_mems_control.c:456:6:BSP_SENSOR_GYR_SetOutputDataRate	16	static
../MEMS/Target/custom_mems_control.c:470:6:BSP_SENSOR_MAG_SetOutputDataRate	16	static
../MEMS/Target/custom_mems_control.c:484:6:BSP_SENSOR_PRESS_SetOutputDataRate	16	static
../MEMS/Target/custom_mems_control.c:498:6:BSP_SENSOR_TEMP_SetOutputDataRate	16	static
../MEMS/Target/custom_mems_control.c:518:6:BSP_SENSOR_HUM_SetOutputDataRate	16	static
../MEMS/Target/custom_mems_control.c:532:6:BSP_SENSOR_ACC_GetOutputDataRate	16	static
../MEMS/Target/custom_mems_control.c:552:6:BSP_SENSOR_GYR_GetOutputDataRate	16	static
../MEMS/Target/custom_mems_control.c:566:6:BSP_SENSOR_MAG_GetOutputDataRate	16	static
../MEMS/Target/custom_mems_control.c:580:6:BSP_SENSOR_PRESS_GetOutputDataRate	16	static
../MEMS/Target/custom_mems_control.c:594:6:BSP_SENSOR_TEMP_GetOutputDataRate	16	static
../MEMS/Target/custom_mems_control.c:614:6:BSP_SENSOR_HUM_GetOutputDataRate	16	static
../MEMS/Target/custom_mems_control.c:628:6:BSP_SENSOR_ACC_SetFullScale	16	static
../MEMS/Target/custom_mems_control.c:648:6:BSP_SENSOR_GYR_SetFullScale	16	static
../MEMS/Target/custom_mems_control.c:662:6:BSP_SENSOR_MAG_SetFullScale	16	static
../MEMS/Target/custom_mems_control.c:676:6:BSP_SENSOR_ACC_GetFullScale	16	static
../MEMS/Target/custom_mems_control.c:696:6:BSP_SENSOR_GYR_GetFullScale	16	static
../MEMS/Target/custom_mems_control.c:710:6:BSP_SENSOR_MAG_GetFullScale	16	static
