../MEMS/Target/motion_fx_manager.c:60:6:MotionFX_manager_init	8	static
../MEMS/Target/motion_fx_manager.c:94:6:MotionFX_manager_run	32	static
../MEMS/Target/motion_fx_manager.c:112:6:MotionFX_manager_start_6X	8	static
../MEMS/Target/motion_fx_manager.c:122:6:MotionFX_manager_stop_6X	8	static
../MEMS/Target/motion_fx_manager.c:132:6:MotionFX_manager_start_9X	8	static
../MEMS/Target/motion_fx_manager.c:142:6:MotionFX_manager_stop_9X	8	static
../MEMS/Target/motion_fx_manager.c:153:6:MotionFX_manager_get_version	16	static
../MEMS/Target/motion_fx_manager.c:163:6:MotionFX_manager_MagCal_run	16	static
../MEMS/Target/motion_fx_manager.c:174:6:MotionFX_manager_MagCal_start	16	static
../MEMS/Target/motion_fx_manager.c:184:6:MotionFX_manager_MagCal_stop	16	static
../MEMS/Target/motion_fx_manager.c:195:6:MotionFX_LoadMagCalFromNVM	16	static
../MEMS/Target/motion_fx_manager.c:206:6:MotionFX_SaveMagCalInNVM	16	static
